<html>
<body>
<pre>
<h1>µVision Build Log</h1>
<h2>Tool Versions:</h2>
IDE-Version: ¦ÌVision V5.25.2.0
Copyright (C) 2018 ARM Ltd and ARM Germany GmbH. All rights reserved.
License Information: ZZ 903368887@qq.com, ZZ, LIC=32BTG-VT55A-Y7ARW-QRIZE-0WQZB-0D2E3
 
Tool Versions:
Toolchain:       MDK-ARM Plus  Version: 5.25.2.0
Toolchain Path:  C:\Keil_v5\ARM\ARMCC\Bin
C Compiler:      Armcc.exe V5.06 update 6 (build 750)
Assembler:       Armasm.exe V5.06 update 6 (build 750)
Linker/Locator:  ArmLink.exe V5.06 update 6 (build 750)
Library Manager: ArmAr.exe V5.06 update 6 (build 750)
Hex Converter:   FromElf.exe V5.06 update 6 (build 750)
CPU DLL:         SARMCM3.DLL V5.25.2.0
Dialog DLL:      DCM.DLL V1.17.1.0
Target DLL:      UL2CM3.DLL V1.160.12.0
Dialog DLL:      TCM.DLL V1.35.1.0
 
<h2>Project:</h2>
C:\Users\90336\Desktop\learning\skg\K51\lk_src\Middlewares\rt-thread-3.1.3\bsp\stm32f103-blink\Project.uvprojx
Project File Date:  02/12/2020

<h2>Output:</h2>
*** Using Compiler 'V5.06 update 6 (build 750)', folder: 'C:\Keil_v5\ARM\ARMCC\Bin'
Build target 'stm32f103-led'
assembling startup_stm32f103xb.s...
compiling stm32f1xx_hal.c...
compiling main.c...
compiling stm32f1xx_hal_uart.c...
compiling stm32f1xx_hal_tim_ex.c...
compiling stm32f1xx_hal_tim.c...
compiling stm32f1xx_hal_gpio_ex.c...
compiling stm32f1xx_hal_rcc.c...
compiling stm32f1xx_hal_gpio.c...
compiling stm32f1xx_hal_rcc_ex.c...
compiling stm32f1xx_hal_flash_ex.c...
compiling stm32f1xx_hal_dma.c...
assembling context_rvds.S...
compiling system_stm32f1xx.c...
compiling stm32f1xx_hal_flash.c...
compiling stm32f1xx_hal_pwr.c...
compiling stm32f1xx_hal_cortex.c...
compiling cpuport.c...
C:\Keil_v5\ARM\PACK\RealThread\RT-Thread\3.1.3\libcpu\arm\cortex-m3\cpuport.c(294): warning:  #177-D: variable "context"  was declared but never referenced
      struct stack_frame* context = &exception_info->stack_frame;
C:\Keil_v5\ARM\PACK\RealThread\RT-Thread\3.1.3\libcpu\arm\cortex-m3\cpuport.c: 1 warning, 0 errors
compiling stm32f1xx_hal_exti.c...
compiling clock.c...
compiling components.c...
compiling ipc.c...
compiling irq.c...
compiling object.c...
C:\Keil_v5\ARM\PACK\RealThread\RT-Thread\3.1.3\src\object.c(262): warning:  #550-D: variable "obj"  was set but never used
          struct rt_object *obj;
C:\Keil_v5\ARM\PACK\RealThread\RT-Thread\3.1.3\src\object.c: 1 warning, 0 errors
compiling idle.c...
compiling mem.c...
compiling scheduler.c...
compiling kservice.c...
compiling thread.c...
compiling board.c...
compiling timer.c...
linking...
Program Size: Code=3788 RO-data=592 RW-data=124 ZI-data=1716  
FromELF: creating hex file...
".\build\debug.axf" - 0 Error(s), 2 Warning(s).

<h2>Software Packages used:</h2>

Package Vendor: ARM
                http://www.keil.com/pack/ARM.CMSIS.5.3.0.pack
                ARM.CMSIS.5.3.0
                CMSIS (Cortex Microcontroller Software Interface Standard)
   * Component: CORE Version: 5.1.1

Package Vendor: RealThread
                https://www.rt-thread.org/download/mdk/RealThread.RT-Thread.3.1.3.pack
                RealThread.RT-Thread.3.1.3
                RT-Thread Software Components
   * Component: kernel Version: 3.1.3

Package Vendor: Keil
                http://www.keil.com/pack/Keil.STM32F1xx_DFP.1.1.0.pack
                Keil.STM32F1xx_DFP.1.1.0
                STMicroelectronics STM32F1 Series Device Support, Drivers and Examples

<h2>Collection of Component include folders:</h2>
  .\RTE\RTOS
  .\RTE\_stm32f103-led
  C:\Keil_v5\ARM\PACK\ARM\CMSIS\5.3.0\CMSIS\Include
  C:\Keil_v5\ARM\PACK\Keil\STM32F1xx_DFP\1.1.0\Device\Include
  C:\Keil_v5\ARM\PACK\RealThread\RT-Thread\3.1.3\include

<h2>Collection of Component Files used:</h2>

   * Component: ARM::CMSIS:CORE:5.1.1

   * Component: RealThread.RT-Thread::RTOS:kernel:3.1.3
      Include file:  bsp\rtconfig.h
      Source file:   src\clock.c
      Source file:   src\object.c
      Source file:   src\ipc.c
      Source file:   libcpu\arm\cortex-m3\context_rvds.S
      Source file:   src\scheduler.c
      Source file:   src\components.c
      Source file:   src\kservice.c
      Source file:   src\irq.c
      Source file:   src\timer.c
      Source file:   src\mem.c
      Source file:   bsp\board.c
      Source file:   src\thread.c
      Source file:   src\idle.c
      Source file:   libcpu\arm\cortex-m3\cpuport.c
Build Time Elapsed:  00:00:21
</pre>
</body>
</html>
