Component: ARM Compiler 5.06 update 6 (build 750) Tool: armlink [4d35ed]

==============================================================================

Section Cross References

    system_cmsdk.o(i.SystemCoreClockUpdate) refers to aeabi_sdiv.o(.text) for __aeabi_uidivmod
    system_cmsdk.o(i.SystemCoreClockUpdate) refers to system_cmsdk.o(.data) for MainClock
    startup_cmsdk_cm0.o(STACK) refers (Special) to heapauxi.o(.text) for __use_two_region_memory
    startup_cmsdk_cm0.o(HEAP) refers (Special) to heapauxi.o(.text) for __use_two_region_memory
    startup_cmsdk_cm0.o(RESET) refers (Special) to heapauxi.o(.text) for __use_two_region_memory
    startup_cmsdk_cm0.o(RESET) refers to startup_cmsdk_cm0.o(STACK) for __initial_sp
    startup_cmsdk_cm0.o(RESET) refers to startup_cmsdk_cm0.o(.text) for Reset_Handler
    startup_cmsdk_cm0.o(RESET) refers to main.o(i.UART0_IRQHandler) for UART0_IRQHandler
    startup_cmsdk_cm0.o(.text) refers (Special) to heapauxi.o(.text) for __use_two_region_memory
    startup_cmsdk_cm0.o(.text) refers to __main.o(!!!main) for __main
    startup_cmsdk_cm0.o(.text) refers to startup_cmsdk_cm0.o(HEAP) for Heap_Mem
    startup_cmsdk_cm0.o(.text) refers to startup_cmsdk_cm0.o(STACK) for Stack_Mem
    sys.o(i.SYS_DelaymS) refers to aeabi_sdiv.o(.text) for __aeabi_uidivmod
    sys.o(i.SYS_DelaymS) refers to system_cmsdk.o(.data) for SystemCoreClock
    sys.o(i.SYS_DelayuS) refers to aeabi_sdiv.o(.text) for __aeabi_uidivmod
    sys.o(i.SYS_DelayuS) refers to system_cmsdk.o(.data) for SystemCoreClock
    sys.o(i.SYS_ExtOSCSetup) refers to sys.o(i.SYS_DelaymS) for SYS_DelaymS
    sys.o(i.SYS_IRCTrimto40M) refers to system_cmsdk.o(i.SystemCoreClockUpdate) for SystemCoreClockUpdate
    sys.o(i.SYS_IRCTrimto48M) refers to system_cmsdk.o(i.SystemCoreClockUpdate) for SystemCoreClockUpdate
    sys.o(i.SYS_SelectMainClkSrc) refers to system_cmsdk.o(i.SystemCoreClockUpdate) for SystemCoreClockUpdate
    sys.o(i.SYS_SetAHBClkDivider) refers to system_cmsdk.o(i.SystemCoreClockUpdate) for SystemCoreClockUpdate
    uart.o(i.UART_Close) refers to uart.o(i.NVIC_DisableIRQ) for NVIC_DisableIRQ
    uart.o(i.UART_Close) refers to uart.o(i.UART_DisableInt) for UART_DisableInt
    uart.o(i.UART_Close) refers to uart.o(i.UART_ClearIntFlag) for UART_ClearIntFlag
    uart.o(i.UART_Open) refers to uart.o(i.NVIC_DisableIRQ) for NVIC_DisableIRQ
    uart.o(i.UART_Open) refers to aeabi_sdiv.o(.text) for __aeabi_uidivmod
    uart.o(i.UART_Open) refers to sys.o(i.SYS_DelaymS) for SYS_DelaymS
    uart.o(i.UART_Open) refers to system_cmsdk.o(.data) for MainClock
    main.o(i.UART0_IRQHandler) refers to lk_ble_ops.o(.bss) for frameHandle
    main.o(i.UART0_IRQHandler) refers to main.o(.bss) for bleQueue
    main.o(i.main) refers to sys.o(i.SYS_SystemInitial) for SYS_SystemInitial
    main.o(i.main) refers to uart.o(i.UART_Open) for UART_Open
    main.o(i.main) refers to uart.o(i.UART_EnableInt) for UART_EnableInt
    main.o(i.main) refers to lk_ble_ops.o(i.ble_init) for ble_init
    main.o(i.main) refers to main.o(i.delay) for delay
    main.o(i.main) refers to main.o(i.uart_send) for uart_send
    main.o(i.main) refers to lk_ble_ops.o(.bss) for frameHandle
    main.o(i.main) refers to main.o(.bss) for bleQueue
    main.o(i.main) refers to main.o(.data) for erroType
    main.o(i.uart_send) refers to main.o(i.delay) for delay
    lk_ble.o(i.ble_anasys) refers to lk_ble.o(i.lk_ble_checkSum) for lk_ble_checkSum
    lk_ble.o(i.ble_anasys) refers to lk_ble.o(.bss) for rxData
    lk_ble.o(i.lk_ble_checkSum) refers to lk_ble.o(i.check_connectdStatu) for check_connectdStatu
    lk_ble.o(i.lk_ble_checkSum) refers to lk_ble.o(i.__ARM_common_switch8) for __ARM_common_switch8
    lk_ble.o(i.lk_ble_checkSum) refers to lk_ble.o(.data) for rxDatCnt
    lk_ble.o(i.lk_ble_checkSum) refers to lk_ble.o(.bss) for rxData
    lk_ble.o(.data) refers to lk_ble.o(i.ble_anasys) for ble_anasys
    lk_ble_ops.o(i.ble_ShutDown_ack) refers to lk_ble_ops.o(i.check_sum) for check_sum
    lk_ble_ops.o(i.ble_ShutDown_ack) refers to lk_ble_ops.o(.constdata) for .constdata
    lk_ble_ops.o(i.ble_ShutDown_ack) refers to lk_ble_ops.o(.data) for sendFrame
    lk_ble_ops.o(i.ble_anysys_queue) refers to lk_ble_ops.o(.bss) for frameHandle
    lk_ble_ops.o(i.ble_anysys_queue) refers to lk_ble_ops.o(i.myBlefunc) for myBlefunc
    lk_ble_ops.o(i.ble_deviceOpenPower_ack) refers to lk_ble_ops.o(i.check_sum) for check_sum
    lk_ble_ops.o(i.ble_deviceOpenPower_ack) refers to lk_ble_ops.o(.constdata) for .constdata
    lk_ble_ops.o(i.ble_deviceOpenPower_ack) refers to lk_ble_ops.o(.data) for sendFrame
    lk_ble_ops.o(i.ble_heart) refers to lk_ble_ops.o(.bss) for frameHandle
    lk_ble_ops.o(i.ble_heart_ack) refers to lk_ble_ops.o(i.check_sum) for check_sum
    lk_ble_ops.o(i.ble_heart_ack) refers to lk_ble_ops.o(.data) for sendFrame
    lk_ble_ops.o(i.ble_heatGears_ack) refers to lk_ble_ops.o(i.check_sum) for check_sum
    lk_ble_ops.o(i.ble_heatGears_ack) refers to lk_ble_ops.o(.constdata) for .constdata
    lk_ble_ops.o(i.ble_heatGears_ack) refers to lk_ble_ops.o(.data) for sendFrame
    lk_ble_ops.o(i.ble_heat_gear) refers to lk_ble_ops.o(.bss) for frameHandle
    lk_ble_ops.o(i.ble_init) refers to lk_ble_ops.o(.data) for sendFrame
    lk_ble_ops.o(i.ble_init) refers to ringqueue.o(.data) for ringQueue_ops
    lk_ble_ops.o(i.ble_init) refers to lk_ble_ops.o(.bss) for frameHandle
    lk_ble_ops.o(i.ble_init) refers to lk_ble_ops.o(i.ble_anysys_queue) for ble_anysys_queue
    lk_ble_ops.o(i.ble_init) refers to lk_ble.o(.data) for ble_handle
    lk_ble_ops.o(i.ble_massageGears_ack) refers to lk_ble_ops.o(i.check_sum) for check_sum
    lk_ble_ops.o(i.ble_massageGears_ack) refers to lk_ble_ops.o(.constdata) for .constdata
    lk_ble_ops.o(i.ble_massageGears_ack) refers to lk_ble_ops.o(.data) for sendFrame
    lk_ble_ops.o(i.ble_massageOver_ack) refers to lk_ble_ops.o(i.check_sum) for check_sum
    lk_ble_ops.o(i.ble_massageOver_ack) refers to lk_ble_ops.o(.constdata) for .constdata
    lk_ble_ops.o(i.ble_massageOver_ack) refers to lk_ble_ops.o(.data) for sendFrame
    lk_ble_ops.o(i.ble_massageRuntime_ack) refers to lk_ble_ops.o(i.check_sum) for check_sum
    lk_ble_ops.o(i.ble_massageRuntime_ack) refers to lk_ble_ops.o(.constdata) for .constdata
    lk_ble_ops.o(i.ble_massageRuntime_ack) refers to lk_ble_ops.o(.bss) for frameHandle
    lk_ble_ops.o(i.ble_massageRuntime_ack) refers to lk_ble_ops.o(.data) for sendFrame
    lk_ble_ops.o(i.ble_massage_gear) refers to lk_ble_ops.o(.bss) for frameHandle
    lk_ble_ops.o(i.ble_massage_mode) refers to lk_ble_ops.o(.bss) for frameHandle
    lk_ble_ops.o(i.ble_massage_over) refers to lk_ble_ops.o(.bss) for frameHandle
    lk_ble_ops.o(i.ble_massage_time) refers to lk_ble_ops.o(.bss) for frameHandle
    lk_ble_ops.o(i.ble_noAdornShutDown_ack) refers to lk_ble_ops.o(i.check_sum) for check_sum
    lk_ble_ops.o(i.ble_noAdornShutDown_ack) refers to lk_ble_ops.o(.constdata) for .constdata
    lk_ble_ops.o(i.ble_noAdornShutDown_ack) refers to lk_ble_ops.o(.data) for sendFrame
    lk_ble_ops.o(i.ble_quitWeixing_ack) refers to lk_ble_ops.o(i.check_sum) for check_sum
    lk_ble_ops.o(i.ble_quitWeixing_ack) refers to lk_ble_ops.o(.constdata) for .constdata
    lk_ble_ops.o(i.ble_quitWeixing_ack) refers to lk_ble_ops.o(.data) for sendFrame
    lk_ble_ops.o(i.ble_quit_weixing) refers to lk_ble_ops.o(.bss) for frameHandle
    lk_ble_ops.o(i.ble_shutdown) refers to lk_ble_ops.o(.bss) for frameHandle
    lk_ble_ops.o(i.myBlefunc) refers to lk_ble_ops.o(.data) for mybleOps
    lk_ble_ops.o(.data) refers to lk_ble_ops.o(i.ble_shutdown) for ble_shutdown
    lk_ble_ops.o(.data) refers to lk_ble_ops.o(i.ble_heart) for ble_heart
    lk_ble_ops.o(.data) refers to lk_ble_ops.o(i.ble_quit_weixing) for ble_quit_weixing
    lk_ble_ops.o(.data) refers to lk_ble_ops.o(i.ble_heat_gear) for ble_heat_gear
    lk_ble_ops.o(.data) refers to lk_ble_ops.o(i.ble_massage_time) for ble_massage_time
    lk_ble_ops.o(.data) refers to lk_ble_ops.o(i.ble_massage_gear) for ble_massage_gear
    lk_ble_ops.o(.data) refers to lk_ble_ops.o(i.ble_massage_over) for ble_massage_over
    lk_ble_ops.o(.data) refers to lk_ble_ops.o(i.ble_massage_mode) for ble_massage_mode
    ringqueue.o(i.QueueLength) refers to aeabi_sdiv.o(.text) for __aeabi_idivmod
    ringqueue.o(i.Queue_pop) refers to aeabi_sdiv.o(.text) for __aeabi_idivmod
    ringqueue.o(i.Queue_push) refers to aeabi_sdiv.o(.text) for __aeabi_idivmod
    ringqueue.o(.data) refers to ringqueue.o(i.QueueInit) for QueueInit
    ringqueue.o(.data) refers to ringqueue.o(i.QueueLength) for QueueLength
    ringqueue.o(.data) refers to ringqueue.o(i.Queue_push) for Queue_push
    ringqueue.o(.data) refers to ringqueue.o(i.Queue_pop) for Queue_pop
    __main.o(!!!main) refers to __rtentry.o(.ARM.Collect$$rtentry$$00000000) for __rt_entry
    __rtentry.o(.ARM.Collect$$rtentry$$00000000) refers (Special) to __rtentry2.o(.ARM.Collect$$rtentry$$0000000A) for __rt_entry_li
    __rtentry.o(.ARM.Collect$$rtentry$$00000000) refers (Special) to __rtentry2.o(.ARM.Collect$$rtentry$$0000000D) for __rt_entry_main
    __rtentry.o(.ARM.Collect$$rtentry$$00000000) refers (Special) to __rtentry2.o(.ARM.Collect$$rtentry$$0000000C) for __rt_entry_postli_1
    __rtentry.o(.ARM.Collect$$rtentry$$00000000) refers (Special) to __rtentry2.o(.ARM.Collect$$rtentry$$00000009) for __rt_entry_postsh_1
    __rtentry.o(.ARM.Collect$$rtentry$$00000000) refers (Special) to __rtentry2.o(.ARM.Collect$$rtentry$$00000002) for __rt_entry_presh_1
    __rtentry.o(.ARM.Collect$$rtentry$$00000000) refers (Special) to __rtentry4.o(.ARM.Collect$$rtentry$$00000004) for __rt_entry_sh
    aeabi_idiv0_sigfpe.o(.text) refers to rt_div0.o(.text) for __rt_div0
    __rtentry2.o(.ARM.Collect$$rtentry$$00000008) refers to boardinit2.o(.text) for _platform_post_stackheap_init
    __rtentry2.o(.ARM.Collect$$rtentry$$0000000A) refers to libinit.o(.ARM.Collect$$libinit$$00000000) for __rt_lib_init
    __rtentry2.o(.ARM.Collect$$rtentry$$0000000B) refers to boardinit3.o(.text) for _platform_post_lib_init
    __rtentry2.o(.ARM.Collect$$rtentry$$0000000D) refers to main.o(i.main) for main
    __rtentry2.o(.ARM.Collect$$rtentry$$0000000D) refers to exit.o(.text) for exit
    __rtentry2.o(.ARM.exidx) refers to __rtentry2.o(.ARM.Collect$$rtentry$$00000001) for .ARM.Collect$$rtentry$$00000001
    __rtentry2.o(.ARM.exidx) refers to __rtentry2.o(.ARM.Collect$$rtentry$$00000008) for .ARM.Collect$$rtentry$$00000008
    __rtentry2.o(.ARM.exidx) refers to __rtentry2.o(.ARM.Collect$$rtentry$$0000000A) for .ARM.Collect$$rtentry$$0000000A
    __rtentry2.o(.ARM.exidx) refers to __rtentry2.o(.ARM.Collect$$rtentry$$0000000B) for .ARM.Collect$$rtentry$$0000000B
    __rtentry2.o(.ARM.exidx) refers to __rtentry2.o(.ARM.Collect$$rtentry$$0000000D) for .ARM.Collect$$rtentry$$0000000D
    __rtentry4.o(.ARM.Collect$$rtentry$$00000004) refers to sys_stackheap_outer.o(.text) for __user_setup_stackheap
    __rtentry4.o(.ARM.exidx) refers to __rtentry4.o(.ARM.Collect$$rtentry$$00000004) for .ARM.Collect$$rtentry$$00000004
    rt_div0.o(.text) refers to defsig_fpe_outer.o(.text) for __rt_SIGFPE
    sys_stackheap_outer.o(.text) refers to libspace.o(.text) for __user_perproc_libspace
    sys_stackheap_outer.o(.text) refers to startup_cmsdk_cm0.o(.text) for __user_initial_stackheap
    sys_stackheap_outer.o(__vectab_stack_and_reset_area) refers to tempstk.o(.text) for __temporary_stack_top
    sys_stackheap_outer.o(__vectab_stack_and_reset_area) refers to __main.o(!!!main) for __main
    exit.o(.text) refers to rtexit.o(.ARM.Collect$$rtexit$$00000000) for __rt_exit
    defsig_fpe_outer.o(.text) refers to defsig_fpe_inner.o(.text) for __rt_SIGFPE_inner
    defsig_fpe_outer.o(.text) refers to defsig_exit.o(.text) for __sig_exit
    defsig_fpe_formal.o(.text) refers to rt_raise.o(.text) for __rt_raise
    libinit.o(.ARM.Collect$$libinit$$00000000) refers (Special) to libinit2.o(.ARM.Collect$$libinit$$0000002E) for __rt_lib_init_alloca_1
    libinit.o(.ARM.Collect$$libinit$$00000000) refers (Special) to libinit2.o(.ARM.Collect$$libinit$$0000002C) for __rt_lib_init_argv_1
    libinit.o(.ARM.Collect$$libinit$$00000000) refers (Special) to libinit2.o(.ARM.Collect$$libinit$$0000001B) for __rt_lib_init_atexit_1
    libinit.o(.ARM.Collect$$libinit$$00000000) refers (Special) to libinit2.o(.ARM.Collect$$libinit$$00000021) for __rt_lib_init_clock_1
    libinit.o(.ARM.Collect$$libinit$$00000000) refers (Special) to libinit2.o(.ARM.Collect$$libinit$$00000032) for __rt_lib_init_cpp_1
    libinit.o(.ARM.Collect$$libinit$$00000000) refers (Special) to libinit2.o(.ARM.Collect$$libinit$$00000030) for __rt_lib_init_exceptions_1
    libinit.o(.ARM.Collect$$libinit$$00000000) refers (Special) to libinit2.o(.ARM.Collect$$libinit$$00000002) for __rt_lib_init_fp_1
    libinit.o(.ARM.Collect$$libinit$$00000000) refers (Special) to libinit2.o(.ARM.Collect$$libinit$$0000001F) for __rt_lib_init_fp_trap_1
    libinit.o(.ARM.Collect$$libinit$$00000000) refers (Special) to libinit2.o(.ARM.Collect$$libinit$$00000023) for __rt_lib_init_getenv_1
    libinit.o(.ARM.Collect$$libinit$$00000000) refers (Special) to libinit2.o(.ARM.Collect$$libinit$$0000000A) for __rt_lib_init_heap_1
    libinit.o(.ARM.Collect$$libinit$$00000000) refers (Special) to libinit2.o(.ARM.Collect$$libinit$$00000011) for __rt_lib_init_lc_collate_1
    libinit.o(.ARM.Collect$$libinit$$00000000) refers (Special) to libinit2.o(.ARM.Collect$$libinit$$00000013) for __rt_lib_init_lc_ctype_1
    libinit.o(.ARM.Collect$$libinit$$00000000) refers (Special) to libinit2.o(.ARM.Collect$$libinit$$00000015) for __rt_lib_init_lc_monetary_1
    libinit.o(.ARM.Collect$$libinit$$00000000) refers (Special) to libinit2.o(.ARM.Collect$$libinit$$00000017) for __rt_lib_init_lc_numeric_1
    libinit.o(.ARM.Collect$$libinit$$00000000) refers (Special) to libinit2.o(.ARM.Collect$$libinit$$00000019) for __rt_lib_init_lc_time_1
    libinit.o(.ARM.Collect$$libinit$$00000000) refers (Special) to libinit2.o(.ARM.Collect$$libinit$$00000004) for __rt_lib_init_preinit_1
    libinit.o(.ARM.Collect$$libinit$$00000000) refers (Special) to libinit2.o(.ARM.Collect$$libinit$$0000000E) for __rt_lib_init_rand_1
    libinit.o(.ARM.Collect$$libinit$$00000000) refers (Special) to libinit2.o(.ARM.Collect$$libinit$$00000033) for __rt_lib_init_return
    libinit.o(.ARM.Collect$$libinit$$00000000) refers (Special) to libinit2.o(.ARM.Collect$$libinit$$0000001D) for __rt_lib_init_signal_1
    libinit.o(.ARM.Collect$$libinit$$00000000) refers (Special) to libinit2.o(.ARM.Collect$$libinit$$00000025) for __rt_lib_init_stdio_1
    libinit.o(.ARM.Collect$$libinit$$00000000) refers (Special) to libinit2.o(.ARM.Collect$$libinit$$0000000C) for __rt_lib_init_user_alloc_1
    libspace.o(.text) refers to libspace.o(.bss) for __libspace_start
    rtexit.o(.ARM.Collect$$rtexit$$00000000) refers (Special) to rtexit2.o(.ARM.Collect$$rtexit$$00000004) for __rt_exit_exit
    rtexit.o(.ARM.Collect$$rtexit$$00000000) refers (Special) to rtexit2.o(.ARM.Collect$$rtexit$$00000003) for __rt_exit_ls
    rtexit.o(.ARM.Collect$$rtexit$$00000000) refers (Special) to rtexit2.o(.ARM.Collect$$rtexit$$00000002) for __rt_exit_prels_1
    rtexit.o(.ARM.exidx) refers (Special) to rtexit2.o(.ARM.Collect$$rtexit$$00000004) for __rt_exit_exit
    rtexit.o(.ARM.exidx) refers (Special) to rtexit2.o(.ARM.Collect$$rtexit$$00000003) for __rt_exit_ls
    rtexit.o(.ARM.exidx) refers (Special) to rtexit2.o(.ARM.Collect$$rtexit$$00000002) for __rt_exit_prels_1
    rtexit.o(.ARM.exidx) refers to rtexit.o(.ARM.Collect$$rtexit$$00000000) for .ARM.Collect$$rtexit$$00000000
    rt_raise.o(.text) refers to __raise.o(.text) for __raise
    rt_raise.o(.text) refers to sys_exit.o(.text) for _sys_exit
    defsig_exit.o(.text) refers to sys_exit.o(.text) for _sys_exit
    defsig_fpe_inner.o(.text) refers to defsig_general.o(.text) for __default_signal_display
    libinit2.o(.ARM.Collect$$libinit$$00000010) refers to libinit2.o(.ARM.Collect$$libinit$$0000000F) for .ARM.Collect$$libinit$$0000000F
    libinit2.o(.ARM.Collect$$libinit$$00000012) refers to libinit2.o(.ARM.Collect$$libinit$$0000000F) for .ARM.Collect$$libinit$$0000000F
    libinit2.o(.ARM.Collect$$libinit$$00000014) refers to libinit2.o(.ARM.Collect$$libinit$$0000000F) for .ARM.Collect$$libinit$$0000000F
    libinit2.o(.ARM.Collect$$libinit$$00000016) refers to libinit2.o(.ARM.Collect$$libinit$$0000000F) for .ARM.Collect$$libinit$$0000000F
    libinit2.o(.ARM.Collect$$libinit$$00000018) refers to libinit2.o(.ARM.Collect$$libinit$$0000000F) for .ARM.Collect$$libinit$$0000000F
    libinit2.o(.ARM.Collect$$libinit$$00000026) refers to argv_veneer.o(.text) for __ARM_argv_veneer
    libinit2.o(.ARM.Collect$$libinit$$00000027) refers to argv_veneer.o(.text) for __ARM_argv_veneer
    sys_exit.o(.text) refers (Special) to use_no_semi.o(.text) for __I$use$semihosting
    sys_exit.o(.text) refers (Special) to indicate_semi.o(.text) for __semihosting_library_function
    rtexit2.o(.ARM.Collect$$rtexit$$00000003) refers to libshutdown.o(.ARM.Collect$$libshutdown$$00000000) for __rt_lib_shutdown
    rtexit2.o(.ARM.Collect$$rtexit$$00000004) refers to sys_exit.o(.text) for _sys_exit
    rtexit2.o(.ARM.exidx) refers to rtexit2.o(.ARM.Collect$$rtexit$$00000001) for .ARM.Collect$$rtexit$$00000001
    rtexit2.o(.ARM.exidx) refers to rtexit2.o(.ARM.Collect$$rtexit$$00000003) for .ARM.Collect$$rtexit$$00000003
    rtexit2.o(.ARM.exidx) refers to rtexit2.o(.ARM.Collect$$rtexit$$00000004) for .ARM.Collect$$rtexit$$00000004
    __raise.o(.text) refers to defsig.o(CL$$defsig) for __default_signal_handler
    defsig_general.o(.text) refers to sys_wrch.o(.text) for _ttywrch
    sys_wrch.o(.text) refers (Special) to use_no_semi.o(.text) for __I$use$semihosting
    sys_wrch.o(.text) refers (Special) to indicate_semi.o(.text) for __semihosting_library_function
    defsig.o(CL$$defsig) refers to defsig_fpe_inner.o(.text) for __rt_SIGFPE_inner
    defsig.o(CL$$defsig) refers to defsig_rtmem_inner.o(.text) for __rt_SIGRTMEM_inner
    _get_argv_nomalloc.o(.text) refers (Special) to hrguard.o(.text) for __heap_region$guard
    _get_argv_nomalloc.o(.text) refers to defsig_rtmem_outer.o(.text) for __rt_SIGRTMEM
    _get_argv_nomalloc.o(.text) refers to sys_command.o(.text) for _sys_command_string
    libshutdown.o(.ARM.Collect$$libshutdown$$00000000) refers (Special) to libshutdown2.o(.ARM.Collect$$libshutdown$$00000002) for __rt_lib_shutdown_cpp_1
    libshutdown.o(.ARM.Collect$$libshutdown$$00000000) refers (Special) to libshutdown2.o(.ARM.Collect$$libshutdown$$00000007) for __rt_lib_shutdown_fp_trap_1
    libshutdown.o(.ARM.Collect$$libshutdown$$00000000) refers (Special) to libshutdown2.o(.ARM.Collect$$libshutdown$$0000000F) for __rt_lib_shutdown_heap_1
    libshutdown.o(.ARM.Collect$$libshutdown$$00000000) refers (Special) to libshutdown2.o(.ARM.Collect$$libshutdown$$00000010) for __rt_lib_shutdown_return
    libshutdown.o(.ARM.Collect$$libshutdown$$00000000) refers (Special) to libshutdown2.o(.ARM.Collect$$libshutdown$$0000000A) for __rt_lib_shutdown_signal_1
    libshutdown.o(.ARM.Collect$$libshutdown$$00000000) refers (Special) to libshutdown2.o(.ARM.Collect$$libshutdown$$00000004) for __rt_lib_shutdown_stdio_1
    libshutdown.o(.ARM.Collect$$libshutdown$$00000000) refers (Special) to libshutdown2.o(.ARM.Collect$$libshutdown$$0000000C) for __rt_lib_shutdown_user_alloc_1
    sys_command.o(.text) refers (Special) to use_no_semi.o(.text) for __I$use$semihosting
    sys_command.o(.text) refers (Special) to indicate_semi.o(.text) for __semihosting_library_function
    defsig_abrt_inner.o(.text) refers to defsig_general.o(.text) for __default_signal_display
    defsig_rtred_inner.o(.text) refers to defsig_general.o(.text) for __default_signal_display
    defsig_rtmem_inner.o(.text) refers to defsig_general.o(.text) for __default_signal_display
    defsig_rtmem_outer.o(.text) refers to defsig_rtmem_inner.o(.text) for __rt_SIGRTMEM_inner
    defsig_rtmem_outer.o(.text) refers to defsig_exit.o(.text) for __sig_exit
    defsig_rtmem_formal.o(.text) refers to rt_raise.o(.text) for __rt_raise
    defsig_stak_inner.o(.text) refers to defsig_general.o(.text) for __default_signal_display
    defsig_pvfn_inner.o(.text) refers to defsig_general.o(.text) for __default_signal_display
    defsig_cppl_inner.o(.text) refers to defsig_general.o(.text) for __default_signal_display
    defsig_segv_inner.o(.text) refers to defsig_general.o(.text) for __default_signal_display
    defsig_other.o(.text) refers to defsig_general.o(.text) for __default_signal_display


==============================================================================

Removing Unused input sections from the image.

    Removing system_cmsdk.o(.rev16_text), (4 bytes).
    Removing system_cmsdk.o(.revsh_text), (4 bytes).
    Removing system_cmsdk.o(i.SystemCoreClockUpdate), (108 bytes).
    Removing system_cmsdk.o(i.SystemInit), (2 bytes).
    Removing sys.o(.rev16_text), (4 bytes).
    Removing sys.o(.revsh_text), (4 bytes).
    Removing sys.o(i.SYS_BODResetSystem), (52 bytes).
    Removing sys.o(i.SYS_Delay), (12 bytes).
    Removing sys.o(i.SYS_DelayuS), (64 bytes).
    Removing sys.o(i.SYS_DisableClkOut), (32 bytes).
    Removing sys.o(i.SYS_DisablePhrClk), (16 bytes).
    Removing sys.o(i.SYS_EnableClkOut), (16 bytes).
    Removing sys.o(i.SYS_EnablePhrClk), (16 bytes).
    Removing sys.o(i.SYS_EnterDeepSleep), (268 bytes).
    Removing sys.o(i.SYS_EnterPowerDown), (40 bytes).
    Removing sys.o(i.SYS_EnterSleep), (36 bytes).
    Removing sys.o(i.SYS_ExtOSCSetup), (192 bytes).
    Removing sys.o(i.SYS_IRCTrimto40M), (52 bytes).
    Removing sys.o(i.SYS_IRCTrimto48M), (52 bytes).
    Removing sys.o(i.SYS_PowerDownAngIP), (16 bytes).
    Removing sys.o(i.SYS_PowerUpAngIP), (16 bytes).
    Removing sys.o(i.SYS_ResetPhr), (24 bytes).
    Removing sys.o(i.SYS_ResetSystem), (32 bytes).
    Removing sys.o(i.SYS_SelectClkOutSrc), (88 bytes).
    Removing sys.o(i.SYS_SelectMainClkSrc), (92 bytes).
    Removing sys.o(i.SYS_SelectWDTClkSrc), (48 bytes).
    Removing sys.o(i.SYS_SetAHBClkDivider), (56 bytes).
    Removing sys.o(i.SYS_SetClkOutDivider), (24 bytes).
    Removing sys.o(i.SYS_SetIOFilter), (24 bytes).
    Removing uart.o(.rev16_text), (4 bytes).
    Removing uart.o(.revsh_text), (4 bytes).
    Removing uart.o(i.UART_ByteRead), (24 bytes).
    Removing uart.o(i.UART_ByteWrite), (22 bytes).
    Removing uart.o(i.UART_ClearFIFO), (6 bytes).
    Removing uart.o(i.UART_ClearIntFlag), (10 bytes).
    Removing uart.o(i.UART_Close), (88 bytes).
    Removing uart.o(i.UART_DisableInt), (10 bytes).
    Removing uart.o(i.UART_GetStatus), (8 bytes).
    Removing uart.o(i.UART_PutHex), (56 bytes).
    Removing uart.o(i.UART_PutString), (28 bytes).
    Removing uart.o(i.UART_Read), (40 bytes).
    Removing uart.o(i.UART_Send), (32 bytes).
    Removing uart.o(i.UART_Write), (44 bytes).
    Removing main.o(.rev16_text), (4 bytes).
    Removing main.o(.revsh_text), (4 bytes).
    Removing lk_ble_ops.o(i.ble_ShutDown_ack), (56 bytes).
    Removing lk_ble_ops.o(i.ble_deviceOpenPower_ack), (56 bytes).
    Removing lk_ble_ops.o(i.ble_heart_ack), (156 bytes).
    Removing lk_ble_ops.o(i.ble_heatGears_ack), (56 bytes).
    Removing lk_ble_ops.o(i.ble_massageGears_ack), (56 bytes).
    Removing lk_ble_ops.o(i.ble_massageOver_ack), (56 bytes).
    Removing lk_ble_ops.o(i.ble_massageRuntime_ack), (64 bytes).
    Removing lk_ble_ops.o(i.ble_noAdornShutDown_ack), (56 bytes).
    Removing lk_ble_ops.o(i.ble_quitWeixing_ack), (56 bytes).
    Removing lk_ble_ops.o(i.check_sum), (24 bytes).
    Removing lk_ble_ops.o(i.my_strlen), (18 bytes).
    Removing lk_ble_ops.o(.constdata), (64 bytes).

57 unused section(s) (total 2496 bytes) removed from the image.

==============================================================================

Image Symbol Table

    Local Symbols

    Symbol Name                              Value     Ov Type        Size  Object(Section)

    RESET                                    0x00000000   Section      192  startup_cmsdk_cm0.o(RESET)
    ../clib/angel/boardlib.s                 0x00000000   Number         0  boardinit3.o ABSOLUTE
    ../clib/angel/boardlib.s                 0x00000000   Number         0  boardinit2.o ABSOLUTE
    ../clib/angel/boardlib.s                 0x00000000   Number         0  boardshut.o ABSOLUTE
    ../clib/angel/boardlib.s                 0x00000000   Number         0  boardinit1.o ABSOLUTE
    ../clib/angel/handlers.s                 0x00000000   Number         0  __scatter_zi.o ABSOLUTE
    ../clib/angel/handlers.s                 0x00000000   Number         0  __scatter_copy.o ABSOLUTE
    ../clib/angel/kernel.s                   0x00000000   Number         0  rtexit.o ABSOLUTE
    ../clib/angel/kernel.s                   0x00000000   Number         0  __rtentry4.o ABSOLUTE
    ../clib/angel/kernel.s                   0x00000000   Number         0  rtexit2.o ABSOLUTE
    ../clib/angel/kernel.s                   0x00000000   Number         0  __rtentry.o ABSOLUTE
    ../clib/angel/kernel.s                   0x00000000   Number         0  __rtentry2.o ABSOLUTE
    ../clib/angel/rt.s                       0x00000000   Number         0  rt_div0.o ABSOLUTE
    ../clib/angel/rt.s                       0x00000000   Number         0  rt_raise.o ABSOLUTE
    ../clib/angel/rt.s                       0x00000000   Number         0  aeabi_idiv0.o ABSOLUTE
    ../clib/angel/rt.s                       0x00000000   Number         0  aeabi_idiv0_sigfpe.o ABSOLUTE
    ../clib/angel/scatterp.s                 0x00000000   Number         0  __scatter.o ABSOLUTE
    ../clib/angel/startup.s                  0x00000000   Number         0  __main.o ABSOLUTE
    ../clib/angel/sys.s                      0x00000000   Number         0  sys_stackheap_outer.o ABSOLUTE
    ../clib/angel/sys.s                      0x00000000   Number         0  use_no_semi.o ABSOLUTE
    ../clib/angel/sys.s                      0x00000000   Number         0  indicate_semi.o ABSOLUTE
    ../clib/angel/sys.s                      0x00000000   Number         0  tempstk.o ABSOLUTE
    ../clib/angel/sys.s                      0x00000000   Number         0  libspace.o ABSOLUTE
    ../clib/angel/sysapp.c                   0x00000000   Number         0  sys_exit.o ABSOLUTE
    ../clib/angel/sysapp.c                   0x00000000   Number         0  sys_wrch.o ABSOLUTE
    ../clib/angel/sysapp.c                   0x00000000   Number         0  sys_command.o ABSOLUTE
    ../clib/armsys.c                         0x00000000   Number         0  no_argv.o ABSOLUTE
    ../clib/armsys.c                         0x00000000   Number         0  _get_argv_nomalloc.o ABSOLUTE
    ../clib/armsys.c                         0x00000000   Number         0  argv_veneer.o ABSOLUTE
    ../clib/division.s                       0x00000000   Number         0  aeabi_sdiv_div0.o ABSOLUTE
    ../clib/division.s                       0x00000000   Number         0  aeabi_sdiv.o ABSOLUTE
    ../clib/heapalloc.c                      0x00000000   Number         0  hrguard.o ABSOLUTE
    ../clib/heapaux.c                        0x00000000   Number         0  heapauxi.o ABSOLUTE
    ../clib/libinit.s                        0x00000000   Number         0  libshutdown.o ABSOLUTE
    ../clib/libinit.s                        0x00000000   Number         0  libinit2.o ABSOLUTE
    ../clib/libinit.s                        0x00000000   Number         0  libshutdown2.o ABSOLUTE
    ../clib/libinit.s                        0x00000000   Number         0  libinit.o ABSOLUTE
    ../clib/signal.c                         0x00000000   Number         0  defsig_rtred_inner.o ABSOLUTE
    ../clib/signal.c                         0x00000000   Number         0  defsig_abrt_inner.o ABSOLUTE
    ../clib/signal.c                         0x00000000   Number         0  defsig_general.o ABSOLUTE
    ../clib/signal.c                         0x00000000   Number         0  __raise.o ABSOLUTE
    ../clib/signal.c                         0x00000000   Number         0  defsig_rtmem_inner.o ABSOLUTE
    ../clib/signal.c                         0x00000000   Number         0  defsig_fpe_inner.o ABSOLUTE
    ../clib/signal.c                         0x00000000   Number         0  defsig_fpe_formal.o ABSOLUTE
    ../clib/signal.c                         0x00000000   Number         0  defsig_fpe_outer.o ABSOLUTE
    ../clib/signal.c                         0x00000000   Number         0  defsig_exit.o ABSOLUTE
    ../clib/signal.c                         0x00000000   Number         0  defsig_other.o ABSOLUTE
    ../clib/signal.c                         0x00000000   Number         0  defsig_segv_inner.o ABSOLUTE
    ../clib/signal.c                         0x00000000   Number         0  defsig_cppl_inner.o ABSOLUTE
    ../clib/signal.c                         0x00000000   Number         0  defsig_pvfn_inner.o ABSOLUTE
    ../clib/signal.c                         0x00000000   Number         0  defsig_stak_inner.o ABSOLUTE
    ../clib/signal.c                         0x00000000   Number         0  defsig_rtmem_formal.o ABSOLUTE
    ../clib/signal.c                         0x00000000   Number         0  defsig_rtmem_outer.o ABSOLUTE
    ../clib/signal.s                         0x00000000   Number         0  defsig.o ABSOLUTE
    ../clib/stdlib.c                         0x00000000   Number         0  exit.o ABSOLUTE
    ../fplib/cfplib/fpinit.c                 0x00000000   Number         0  fpinit.o ABSOLUTE
    ..\ble\lk_ble.c                          0x00000000   Number         0  lk_ble.o ABSOLUTE
    ..\ble\lk_ble_ops.c                      0x00000000   Number         0  lk_ble_ops.o ABSOLUTE
    ..\queue\ringQueue.c                     0x00000000   Number         0  ringqueue.o ABSOLUTE
    common\CoreSupport\core_cm0.c            0x00000000   Number         0  core_cm0.o ABSOLUTE
    common\DeviceSupport\arm\cmsdk\Startup\arm\startup_CMSDK_CM0.s 0x00000000   Number         0  startup_cmsdk_cm0.o ABSOLUTE
    common\DeviceSupport\arm\cmsdk\system_CMSDK.c 0x00000000   Number         0  system_cmsdk.o ABSOLUTE
    common\Drivers\source\sys.c              0x00000000   Number         0  sys.o ABSOLUTE
    common\Drivers\source\uart.c             0x00000000   Number         0  uart.o ABSOLUTE
    common\\DeviceSupport\\arm\\cmsdk\\system_CMSDK.c 0x00000000   Number         0  system_cmsdk.o ABSOLUTE
    common\\Drivers\\source\\sys.c           0x00000000   Number         0  sys.o ABSOLUTE
    common\\Drivers\\source\\uart.c          0x00000000   Number         0  uart.o ABSOLUTE
    dc.s                                     0x00000000   Number         0  dc.o ABSOLUTE
    myapp\\src\\main.c                       0x00000000   Number         0  main.o ABSOLUTE
    myapp\src\main.c                         0x00000000   Number         0  main.o ABSOLUTE
    !!!main                                  0x000000c0   Section        8  __main.o(!!!main)
    !!!scatter                               0x000000c8   Section       60  __scatter.o(!!!scatter)
    !!handler_copy                           0x00000104   Section       26  __scatter_copy.o(!!handler_copy)
    !!handler_zi                             0x00000120   Section       28  __scatter_zi.o(!!handler_zi)
    .ARM.Collect$$libinit$$00000000          0x0000013c   Section        2  libinit.o(.ARM.Collect$$libinit$$00000000)
    .ARM.Collect$$libinit$$00000002          0x0000013e   Section        0  libinit2.o(.ARM.Collect$$libinit$$00000002)
    .ARM.Collect$$libinit$$00000004          0x0000013e   Section        0  libinit2.o(.ARM.Collect$$libinit$$00000004)
    .ARM.Collect$$libinit$$0000000A          0x0000013e   Section        0  libinit2.o(.ARM.Collect$$libinit$$0000000A)
    .ARM.Collect$$libinit$$0000000C          0x0000013e   Section        0  libinit2.o(.ARM.Collect$$libinit$$0000000C)
    .ARM.Collect$$libinit$$0000000E          0x0000013e   Section        0  libinit2.o(.ARM.Collect$$libinit$$0000000E)
    .ARM.Collect$$libinit$$00000011          0x0000013e   Section        0  libinit2.o(.ARM.Collect$$libinit$$00000011)
    .ARM.Collect$$libinit$$00000013          0x0000013e   Section        0  libinit2.o(.ARM.Collect$$libinit$$00000013)
    .ARM.Collect$$libinit$$00000015          0x0000013e   Section        0  libinit2.o(.ARM.Collect$$libinit$$00000015)
    .ARM.Collect$$libinit$$00000017          0x0000013e   Section        0  libinit2.o(.ARM.Collect$$libinit$$00000017)
    .ARM.Collect$$libinit$$00000019          0x0000013e   Section        0  libinit2.o(.ARM.Collect$$libinit$$00000019)
    .ARM.Collect$$libinit$$0000001B          0x0000013e   Section        0  libinit2.o(.ARM.Collect$$libinit$$0000001B)
    .ARM.Collect$$libinit$$0000001D          0x0000013e   Section        0  libinit2.o(.ARM.Collect$$libinit$$0000001D)
    .ARM.Collect$$libinit$$0000001F          0x0000013e   Section        0  libinit2.o(.ARM.Collect$$libinit$$0000001F)
    .ARM.Collect$$libinit$$00000021          0x0000013e   Section        0  libinit2.o(.ARM.Collect$$libinit$$00000021)
    .ARM.Collect$$libinit$$00000023          0x0000013e   Section        0  libinit2.o(.ARM.Collect$$libinit$$00000023)
    .ARM.Collect$$libinit$$00000025          0x0000013e   Section        0  libinit2.o(.ARM.Collect$$libinit$$00000025)
    .ARM.Collect$$libinit$$0000002C          0x0000013e   Section        0  libinit2.o(.ARM.Collect$$libinit$$0000002C)
    .ARM.Collect$$libinit$$0000002E          0x0000013e   Section        0  libinit2.o(.ARM.Collect$$libinit$$0000002E)
    .ARM.Collect$$libinit$$00000030          0x0000013e   Section        0  libinit2.o(.ARM.Collect$$libinit$$00000030)
    .ARM.Collect$$libinit$$00000032          0x0000013e   Section        0  libinit2.o(.ARM.Collect$$libinit$$00000032)
    .ARM.Collect$$libinit$$00000033          0x0000013e   Section        2  libinit2.o(.ARM.Collect$$libinit$$00000033)
    .ARM.Collect$$libshutdown$$00000000      0x00000140   Section        2  libshutdown.o(.ARM.Collect$$libshutdown$$00000000)
    .ARM.Collect$$libshutdown$$00000002      0x00000142   Section        0  libshutdown2.o(.ARM.Collect$$libshutdown$$00000002)
    .ARM.Collect$$libshutdown$$00000004      0x00000142   Section        0  libshutdown2.o(.ARM.Collect$$libshutdown$$00000004)
    .ARM.Collect$$libshutdown$$00000007      0x00000142   Section        0  libshutdown2.o(.ARM.Collect$$libshutdown$$00000007)
    .ARM.Collect$$libshutdown$$0000000A      0x00000142   Section        0  libshutdown2.o(.ARM.Collect$$libshutdown$$0000000A)
    .ARM.Collect$$libshutdown$$0000000C      0x00000142   Section        0  libshutdown2.o(.ARM.Collect$$libshutdown$$0000000C)
    .ARM.Collect$$libshutdown$$0000000F      0x00000142   Section        0  libshutdown2.o(.ARM.Collect$$libshutdown$$0000000F)
    .ARM.Collect$$libshutdown$$00000010      0x00000142   Section        2  libshutdown2.o(.ARM.Collect$$libshutdown$$00000010)
    .ARM.Collect$$rtentry$$00000000          0x00000144   Section        0  __rtentry.o(.ARM.Collect$$rtentry$$00000000)
    .ARM.Collect$$rtentry$$00000002          0x00000144   Section        0  __rtentry2.o(.ARM.Collect$$rtentry$$00000002)
    .ARM.Collect$$rtentry$$00000004          0x00000144   Section        6  __rtentry4.o(.ARM.Collect$$rtentry$$00000004)
    .ARM.Collect$$rtentry$$00000009          0x0000014a   Section        0  __rtentry2.o(.ARM.Collect$$rtentry$$00000009)
    .ARM.Collect$$rtentry$$0000000A          0x0000014a   Section        4  __rtentry2.o(.ARM.Collect$$rtentry$$0000000A)
    .ARM.Collect$$rtentry$$0000000C          0x0000014e   Section        0  __rtentry2.o(.ARM.Collect$$rtentry$$0000000C)
    .ARM.Collect$$rtentry$$0000000D          0x0000014e   Section        8  __rtentry2.o(.ARM.Collect$$rtentry$$0000000D)
    .ARM.Collect$$rtexit$$00000000           0x00000156   Section        2  rtexit.o(.ARM.Collect$$rtexit$$00000000)
    .ARM.Collect$$rtexit$$00000002           0x00000158   Section        0  rtexit2.o(.ARM.Collect$$rtexit$$00000002)
    .ARM.Collect$$rtexit$$00000003           0x00000158   Section        4  rtexit2.o(.ARM.Collect$$rtexit$$00000003)
    .ARM.Collect$$rtexit$$00000004           0x0000015c   Section        6  rtexit2.o(.ARM.Collect$$rtexit$$00000004)
    .text                                    0x00000164   Section       48  startup_cmsdk_cm0.o(.text)
    .text                                    0x00000194   Section      346  aeabi_sdiv.o(.text)
    .text                                    0x000002ee   Section        0  heapauxi.o(.text)
    .text                                    0x000002f4   Section       62  sys_stackheap_outer.o(.text)
    .text                                    0x00000332   Section        0  exit.o(.text)
    .text                                    0x00000344   Section        8  libspace.o(.text)
    .text                                    0x0000034c   Section        0  sys_exit.o(.text)
    .text                                    0x00000358   Section        2  use_no_semi.o(.text)
    .text                                    0x0000035a   Section        0  indicate_semi.o(.text)
    i.NVIC_DisableIRQ                        0x0000035c   Section        0  uart.o(i.NVIC_DisableIRQ)
    NVIC_DisableIRQ                          0x0000035d   Thumb Code    14  uart.o(i.NVIC_DisableIRQ)
    i.QueueInit                              0x00000370   Section        0  ringqueue.o(i.QueueInit)
    i.QueueLength                            0x0000037a   Section        0  ringqueue.o(i.QueueLength)
    i.Queue_pop                              0x00000392   Section        0  ringqueue.o(i.Queue_pop)
    i.Queue_push                             0x000003ba   Section        0  ringqueue.o(i.Queue_push)
    i.SYS_DelaymS                            0x000003e8   Section        0  sys.o(i.SYS_DelaymS)
    i.SYS_SystemInitial                      0x00000410   Section        0  sys.o(i.SYS_SystemInitial)
    i.UART0_IRQHandler                       0x00000448   Section        0  main.o(i.UART0_IRQHandler)
    i.UART_EnableInt                         0x00000480   Section        0  uart.o(i.UART_EnableInt)
    i.UART_Open                              0x00000488   Section        0  uart.o(i.UART_Open)
    i.__ARM_common_switch8                   0x000005bc   Section        0  lk_ble.o(i.__ARM_common_switch8)
    i.ble_anasys                             0x000005d8   Section        0  lk_ble.o(i.ble_anasys)
    i.ble_anysys_queue                       0x00000624   Section        0  lk_ble_ops.o(i.ble_anysys_queue)
    i.ble_heart                              0x00000664   Section        0  lk_ble_ops.o(i.ble_heart)
    i.ble_heat_gear                          0x00000698   Section        0  lk_ble_ops.o(i.ble_heat_gear)
    i.ble_init                               0x000006b8   Section        0  lk_ble_ops.o(i.ble_init)
    i.ble_massage_gear                       0x000006f0   Section        0  lk_ble_ops.o(i.ble_massage_gear)
    i.ble_massage_mode                       0x00000710   Section        0  lk_ble_ops.o(i.ble_massage_mode)
    i.ble_massage_over                       0x00000724   Section        0  lk_ble_ops.o(i.ble_massage_over)
    i.ble_massage_time                       0x00000738   Section        0  lk_ble_ops.o(i.ble_massage_time)
    i.ble_quit_weixing                       0x0000074c   Section        0  lk_ble_ops.o(i.ble_quit_weixing)
    i.ble_shutdown                           0x0000076c   Section        0  lk_ble_ops.o(i.ble_shutdown)
    i.check_connectdStatu                    0x00000778   Section        0  lk_ble.o(i.check_connectdStatu)
    i.delay                                  0x0000077a   Section        0  main.o(i.delay)
    i.lk_ble_checkSum                        0x00000788   Section        0  lk_ble.o(i.lk_ble_checkSum)
    i.main                                   0x000008b0   Section        0  main.o(i.main)
    i.myBlefunc                              0x00000960   Section        0  lk_ble_ops.o(i.myBlefunc)
    i.uart_send                              0x00000988   Section        0  main.o(i.uart_send)
    .data                                    0x10000000   Section        8  system_cmsdk.o(.data)
    .data                                    0x10000008   Section        9  main.o(.data)
    .data                                    0x10000014   Section       40  lk_ble.o(.data)
    cnt                                      0x10000038   Data           1  lk_ble.o(.data)
    rxDatCnt                                 0x10000039   Data           1  lk_ble.o(.data)
    checksum                                 0x1000003a   Data           1  lk_ble.o(.data)
    lastData                                 0x1000003b   Data           1  lk_ble.o(.data)
    .data                                    0x1000003c   Section       99  lk_ble_ops.o(.data)
    .data                                    0x100000a0   Section       16  ringqueue.o(.data)
    .bss                                     0x100000b0   Section       60  main.o(.bss)
    .bss                                     0x100000ec   Section       45  lk_ble.o(.bss)
    .bss                                     0x1000011c   Section       40  lk_ble_ops.o(.bss)
    .bss                                     0x10000144   Section       96  libspace.o(.bss)
    HEAP                                     0x100001a8   Section      256  startup_cmsdk_cm0.o(HEAP)
    Heap_Mem                                 0x100001a8   Data         256  startup_cmsdk_cm0.o(HEAP)
    STACK                                    0x100002a8   Section      512  startup_cmsdk_cm0.o(STACK)
    Stack_Mem                                0x100002a8   Data         512  startup_cmsdk_cm0.o(STACK)
    __initial_sp                             0x100004a8   Data           0  startup_cmsdk_cm0.o(STACK)

    Global Symbols

    Symbol Name                              Value     Ov Type        Size  Object(Section)

    BuildAttributes$$THM_ISAv3M$S$PE$A:L22$X:L11$S22$IEEE1$IW$USESV6$~STKCKD$USESV7$~SHL$OSPACE$ROPI$EBA8$UX$STANDARDLIB$REQ8$PRES8$EABIv2 0x00000000   Number         0  anon$$obj.o ABSOLUTE
    __ARM_use_no_argv                        0x00000000   Number         0  main.o ABSOLUTE
    __Vectors                                0x00000000   Data           4  startup_cmsdk_cm0.o(RESET)
    __ARM_exceptions_init                     - Undefined Weak Reference
    __alloca_initialize                       - Undefined Weak Reference
    __arm_preinit_                            - Undefined Weak Reference
    __cpp_initialize__aeabi_                  - Undefined Weak Reference
    __cxa_finalize                            - Undefined Weak Reference
    __rt_locale                               - Undefined Weak Reference
    __sigvec_lookup                           - Undefined Weak Reference
    _atexit_init                              - Undefined Weak Reference
    _call_atexit_fns                          - Undefined Weak Reference
    _clock_init                               - Undefined Weak Reference
    _fp_trap_init                             - Undefined Weak Reference
    _fp_trap_shutdown                         - Undefined Weak Reference
    _get_lc_collate                           - Undefined Weak Reference
    _get_lc_ctype                             - Undefined Weak Reference
    _get_lc_monetary                          - Undefined Weak Reference
    _get_lc_numeric                           - Undefined Weak Reference
    _get_lc_time                              - Undefined Weak Reference
    _getenv_init                              - Undefined Weak Reference
    _handle_redirection                       - Undefined Weak Reference
    _init_alloc                               - Undefined Weak Reference
    _init_user_alloc                          - Undefined Weak Reference
    _initio                                   - Undefined Weak Reference
    _rand_init                                - Undefined Weak Reference
    _signal_finish                            - Undefined Weak Reference
    _signal_init                              - Undefined Weak Reference
    _terminate_alloc                          - Undefined Weak Reference
    _terminate_user_alloc                     - Undefined Weak Reference
    _terminateio                              - Undefined Weak Reference
    __Vectors_End                            0x000000c0   Data           0  startup_cmsdk_cm0.o(RESET)
    __Vectors_Size                           0x000000c0   Number         0  startup_cmsdk_cm0.o ABSOLUTE
    __main                                   0x000000c1   Thumb Code     8  __main.o(!!!main)
    __scatterload                            0x000000c9   Thumb Code     0  __scatter.o(!!!scatter)
    __scatterload_rt2                        0x000000c9   Thumb Code    52  __scatter.o(!!!scatter)
    __scatterload_rt2_thumb_only             0x000000c9   Thumb Code     0  __scatter.o(!!!scatter)
    __scatterload_null                       0x000000d9   Thumb Code     0  __scatter.o(!!!scatter)
    __scatterload_copy                       0x00000105   Thumb Code    26  __scatter_copy.o(!!handler_copy)
    __scatterload_zeroinit                   0x00000121   Thumb Code    28  __scatter_zi.o(!!handler_zi)
    __rt_lib_init                            0x0000013d   Thumb Code     0  libinit.o(.ARM.Collect$$libinit$$00000000)
    __rt_lib_init_alloca_1                   0x0000013f   Thumb Code     0  libinit2.o(.ARM.Collect$$libinit$$0000002E)
    __rt_lib_init_argv_1                     0x0000013f   Thumb Code     0  libinit2.o(.ARM.Collect$$libinit$$0000002C)
    __rt_lib_init_atexit_1                   0x0000013f   Thumb Code     0  libinit2.o(.ARM.Collect$$libinit$$0000001B)
    __rt_lib_init_clock_1                    0x0000013f   Thumb Code     0  libinit2.o(.ARM.Collect$$libinit$$00000021)
    __rt_lib_init_cpp_1                      0x0000013f   Thumb Code     0  libinit2.o(.ARM.Collect$$libinit$$00000032)
    __rt_lib_init_exceptions_1               0x0000013f   Thumb Code     0  libinit2.o(.ARM.Collect$$libinit$$00000030)
    __rt_lib_init_fp_1                       0x0000013f   Thumb Code     0  libinit2.o(.ARM.Collect$$libinit$$00000002)
    __rt_lib_init_fp_trap_1                  0x0000013f   Thumb Code     0  libinit2.o(.ARM.Collect$$libinit$$0000001F)
    __rt_lib_init_getenv_1                   0x0000013f   Thumb Code     0  libinit2.o(.ARM.Collect$$libinit$$00000023)
    __rt_lib_init_heap_1                     0x0000013f   Thumb Code     0  libinit2.o(.ARM.Collect$$libinit$$0000000A)
    __rt_lib_init_lc_collate_1               0x0000013f   Thumb Code     0  libinit2.o(.ARM.Collect$$libinit$$00000011)
    __rt_lib_init_lc_ctype_1                 0x0000013f   Thumb Code     0  libinit2.o(.ARM.Collect$$libinit$$00000013)
    __rt_lib_init_lc_monetary_1              0x0000013f   Thumb Code     0  libinit2.o(.ARM.Collect$$libinit$$00000015)
    __rt_lib_init_lc_numeric_1               0x0000013f   Thumb Code     0  libinit2.o(.ARM.Collect$$libinit$$00000017)
    __rt_lib_init_lc_time_1                  0x0000013f   Thumb Code     0  libinit2.o(.ARM.Collect$$libinit$$00000019)
    __rt_lib_init_preinit_1                  0x0000013f   Thumb Code     0  libinit2.o(.ARM.Collect$$libinit$$00000004)
    __rt_lib_init_rand_1                     0x0000013f   Thumb Code     0  libinit2.o(.ARM.Collect$$libinit$$0000000E)
    __rt_lib_init_return                     0x0000013f   Thumb Code     0  libinit2.o(.ARM.Collect$$libinit$$00000033)
    __rt_lib_init_signal_1                   0x0000013f   Thumb Code     0  libinit2.o(.ARM.Collect$$libinit$$0000001D)
    __rt_lib_init_stdio_1                    0x0000013f   Thumb Code     0  libinit2.o(.ARM.Collect$$libinit$$00000025)
    __rt_lib_init_user_alloc_1               0x0000013f   Thumb Code     0  libinit2.o(.ARM.Collect$$libinit$$0000000C)
    __rt_lib_shutdown                        0x00000141   Thumb Code     0  libshutdown.o(.ARM.Collect$$libshutdown$$00000000)
    __rt_lib_shutdown_cpp_1                  0x00000143   Thumb Code     0  libshutdown2.o(.ARM.Collect$$libshutdown$$00000002)
    __rt_lib_shutdown_fp_trap_1              0x00000143   Thumb Code     0  libshutdown2.o(.ARM.Collect$$libshutdown$$00000007)
    __rt_lib_shutdown_heap_1                 0x00000143   Thumb Code     0  libshutdown2.o(.ARM.Collect$$libshutdown$$0000000F)
    __rt_lib_shutdown_return                 0x00000143   Thumb Code     0  libshutdown2.o(.ARM.Collect$$libshutdown$$00000010)
    __rt_lib_shutdown_signal_1               0x00000143   Thumb Code     0  libshutdown2.o(.ARM.Collect$$libshutdown$$0000000A)
    __rt_lib_shutdown_stdio_1                0x00000143   Thumb Code     0  libshutdown2.o(.ARM.Collect$$libshutdown$$00000004)
    __rt_lib_shutdown_user_alloc_1           0x00000143   Thumb Code     0  libshutdown2.o(.ARM.Collect$$libshutdown$$0000000C)
    __rt_entry                               0x00000145   Thumb Code     0  __rtentry.o(.ARM.Collect$$rtentry$$00000000)
    __rt_entry_presh_1                       0x00000145   Thumb Code     0  __rtentry2.o(.ARM.Collect$$rtentry$$00000002)
    __rt_entry_sh                            0x00000145   Thumb Code     0  __rtentry4.o(.ARM.Collect$$rtentry$$00000004)
    __rt_entry_li                            0x0000014b   Thumb Code     0  __rtentry2.o(.ARM.Collect$$rtentry$$0000000A)
    __rt_entry_postsh_1                      0x0000014b   Thumb Code     0  __rtentry2.o(.ARM.Collect$$rtentry$$00000009)
    __rt_entry_main                          0x0000014f   Thumb Code     0  __rtentry2.o(.ARM.Collect$$rtentry$$0000000D)
    __rt_entry_postli_1                      0x0000014f   Thumb Code     0  __rtentry2.o(.ARM.Collect$$rtentry$$0000000C)
    __rt_exit                                0x00000157   Thumb Code     0  rtexit.o(.ARM.Collect$$rtexit$$00000000)
    __rt_exit_ls                             0x00000159   Thumb Code     0  rtexit2.o(.ARM.Collect$$rtexit$$00000003)
    __rt_exit_prels_1                        0x00000159   Thumb Code     0  rtexit2.o(.ARM.Collect$$rtexit$$00000002)
    __rt_exit_exit                           0x0000015d   Thumb Code     0  rtexit2.o(.ARM.Collect$$rtexit$$00000004)
    Reset_Handler                            0x00000165   Thumb Code     4  startup_cmsdk_cm0.o(.text)
    NMI_Handler                              0x00000169   Thumb Code     2  startup_cmsdk_cm0.o(.text)
    HardFault_Handler                        0x0000016b   Thumb Code     2  startup_cmsdk_cm0.o(.text)
    SVC_Handler                              0x0000016d   Thumb Code     2  startup_cmsdk_cm0.o(.text)
    PendSV_Handler                           0x0000016f   Thumb Code     2  startup_cmsdk_cm0.o(.text)
    SysTick_Handler                          0x00000171   Thumb Code     2  startup_cmsdk_cm0.o(.text)
    ADC_IRQHandler                           0x00000173   Thumb Code     0  startup_cmsdk_cm0.o(.text)
    BOD_IRQHandler                           0x00000173   Thumb Code     0  startup_cmsdk_cm0.o(.text)
    I2C_IRQHandler                           0x00000173   Thumb Code     0  startup_cmsdk_cm0.o(.text)
    PA_IRQHandler                            0x00000173   Thumb Code     0  startup_cmsdk_cm0.o(.text)
    PB_IRQHandler                            0x00000173   Thumb Code     0  startup_cmsdk_cm0.o(.text)
    PC_IRQHandler                            0x00000173   Thumb Code     0  startup_cmsdk_cm0.o(.text)
    PD_IRQHandler                            0x00000173   Thumb Code     0  startup_cmsdk_cm0.o(.text)
    PMWFAULT_IRQHandler                      0x00000173   Thumb Code     0  startup_cmsdk_cm0.o(.text)
    PWM_IRQHandler                           0x00000173   Thumb Code     0  startup_cmsdk_cm0.o(.text)
    SPI_IRQHandler                           0x00000173   Thumb Code     0  startup_cmsdk_cm0.o(.text)
    TIM0_IRQHandler                          0x00000173   Thumb Code     0  startup_cmsdk_cm0.o(.text)
    TIM1_IRQHandler                          0x00000173   Thumb Code     0  startup_cmsdk_cm0.o(.text)
    TIM2_IRQHandler                          0x00000173   Thumb Code     0  startup_cmsdk_cm0.o(.text)
    TIM3_IRQHandler                          0x00000173   Thumb Code     0  startup_cmsdk_cm0.o(.text)
    TIM6_IRQHandler                          0x00000173   Thumb Code     0  startup_cmsdk_cm0.o(.text)
    TIM7_IRQHandler                          0x00000173   Thumb Code     0  startup_cmsdk_cm0.o(.text)
    TOUCH_IRQHandler                         0x00000173   Thumb Code     0  startup_cmsdk_cm0.o(.text)
    UART1_IRQHandler                         0x00000173   Thumb Code     0  startup_cmsdk_cm0.o(.text)
    WDT_IRQHandler                           0x00000173   Thumb Code     0  startup_cmsdk_cm0.o(.text)
    __user_initial_stackheap                 0x00000175   Thumb Code     0  startup_cmsdk_cm0.o(.text)
    __aeabi_uidiv                            0x00000195   Thumb Code     0  aeabi_sdiv.o(.text)
    __aeabi_uidivmod                         0x00000195   Thumb Code    20  aeabi_sdiv.o(.text)
    __aeabi_idiv                             0x000001a9   Thumb Code     0  aeabi_sdiv.o(.text)
    __aeabi_idivmod                          0x000001a9   Thumb Code   326  aeabi_sdiv.o(.text)
    __use_two_region_memory                  0x000002ef   Thumb Code     2  heapauxi.o(.text)
    __rt_heap_escrow$2region                 0x000002f1   Thumb Code     2  heapauxi.o(.text)
    __rt_heap_expand$2region                 0x000002f3   Thumb Code     2  heapauxi.o(.text)
    __user_setup_stackheap                   0x000002f5   Thumb Code    62  sys_stackheap_outer.o(.text)
    exit                                     0x00000333   Thumb Code    16  exit.o(.text)
    __user_libspace                          0x00000345   Thumb Code     8  libspace.o(.text)
    __user_perproc_libspace                  0x00000345   Thumb Code     0  libspace.o(.text)
    __user_perthread_libspace                0x00000345   Thumb Code     0  libspace.o(.text)
    _sys_exit                                0x0000034d   Thumb Code     8  sys_exit.o(.text)
    __I$use$semihosting                      0x00000359   Thumb Code     0  use_no_semi.o(.text)
    __use_no_semihosting_swi                 0x00000359   Thumb Code     2  use_no_semi.o(.text)
    __semihosting_library_function           0x0000035b   Thumb Code     0  indicate_semi.o(.text)
    QueueInit                                0x00000371   Thumb Code    10  ringqueue.o(i.QueueInit)
    QueueLength                              0x0000037b   Thumb Code    24  ringqueue.o(i.QueueLength)
    Queue_pop                                0x00000393   Thumb Code    40  ringqueue.o(i.Queue_pop)
    Queue_push                               0x000003bb   Thumb Code    46  ringqueue.o(i.Queue_push)
    SYS_DelaymS                              0x000003e9   Thumb Code    30  sys.o(i.SYS_DelaymS)
    SYS_SystemInitial                        0x00000411   Thumb Code    40  sys.o(i.SYS_SystemInitial)
    UART0_IRQHandler                         0x00000449   Thumb Code    44  main.o(i.UART0_IRQHandler)
    UART_EnableInt                           0x00000481   Thumb Code     8  uart.o(i.UART_EnableInt)
    UART_Open                                0x00000489   Thumb Code   290  uart.o(i.UART_Open)
    __ARM_common_switch8                     0x000005bd   Thumb Code    28  lk_ble.o(i.__ARM_common_switch8)
    ble_anasys                               0x000005d9   Thumb Code    68  lk_ble.o(i.ble_anasys)
    ble_anysys_queue                         0x00000625   Thumb Code    56  lk_ble_ops.o(i.ble_anysys_queue)
    ble_heart                                0x00000665   Thumb Code    46  lk_ble_ops.o(i.ble_heart)
    ble_heat_gear                            0x00000699   Thumb Code    26  lk_ble_ops.o(i.ble_heat_gear)
    ble_init                                 0x000006b9   Thumb Code    30  lk_ble_ops.o(i.ble_init)
    ble_massage_gear                         0x000006f1   Thumb Code    28  lk_ble_ops.o(i.ble_massage_gear)
    ble_massage_mode                         0x00000711   Thumb Code    14  lk_ble_ops.o(i.ble_massage_mode)
    ble_massage_over                         0x00000725   Thumb Code    14  lk_ble_ops.o(i.ble_massage_over)
    ble_massage_time                         0x00000739   Thumb Code    14  lk_ble_ops.o(i.ble_massage_time)
    ble_quit_weixing                         0x0000074d   Thumb Code    26  lk_ble_ops.o(i.ble_quit_weixing)
    ble_shutdown                             0x0000076d   Thumb Code     8  lk_ble_ops.o(i.ble_shutdown)
    check_connectdStatu                      0x00000779   Thumb Code     2  lk_ble.o(i.check_connectdStatu)
    delay                                    0x0000077b   Thumb Code    14  main.o(i.delay)
    lk_ble_checkSum                          0x00000789   Thumb Code   268  lk_ble.o(i.lk_ble_checkSum)
    main                                     0x000008b1   Thumb Code   140  main.o(i.main)
    myBlefunc                                0x00000961   Thumb Code    36  lk_ble_ops.o(i.myBlefunc)
    uart_send                                0x00000989   Thumb Code    32  main.o(i.uart_send)
    Region$$Table$$Base                      0x000009ac   Number         0  anon$$obj.o(Region$$Table)
    Region$$Table$$Limit                     0x000009cc   Number         0  anon$$obj.o(Region$$Table)
    SystemCoreClock                          0x10000000   Data           4  system_cmsdk.o(.data)
    MainClock                                0x10000004   Data           4  system_cmsdk.o(.data)
    erroType                                 0x10000008   Data           4  main.o(.data)
    testData                                 0x1000000c   Data           5  main.o(.data)
    frame_enum                               0x10000014   Data           1  lk_ble.o(.data)
    fist_check                               0x10000015   Data           1  lk_ble.o(.data)
    checkConnected                           0x10000016   Data          10  lk_ble.o(.data)
    checkDisConnected                        0x10000020   Data          11  lk_ble.o(.data)
    nowCheckStrConect                        0x1000002b   Data           1  lk_ble.o(.data)
    strCnt                                   0x1000002c   Data           1  lk_ble.o(.data)
    nowCheckStrDisConect                     0x1000002d   Data           1  lk_ble.o(.data)
    strDisCnt                                0x1000002e   Data           1  lk_ble.o(.data)
    strSize                                  0x1000002f   Data           1  lk_ble.o(.data)
    ble_handle                               0x10000030   Data           8  lk_ble.o(.data)
    sendFrame                                0x1000003c   Data           4  lk_ble_ops.o(.data)
    heatGears                                0x10000040   Data           1  lk_ble_ops.o(.data)
    master                                   0x10000041   Data           1  lk_ble_ops.o(.data)
    mybleOps                                 0x10000044   Data          72  lk_ble_ops.o(.data)
    bleName                                  0x1000008c   Data          19  lk_ble_ops.o(.data)
    ringQueue_ops                            0x100000a0   Data          16  ringqueue.o(.data)
    bleQueue                                 0x100000b0   Data          60  main.o(.bss)
    rxData                                   0x100000ec   Data          23  lk_ble.o(.bss)
    frameBuf                                 0x10000103   Data          22  lk_ble.o(.bss)
    frameHandle                              0x1000011c   Data          40  lk_ble_ops.o(.bss)
    __libspace_start                         0x10000144   Data          96  libspace.o(.bss)
    __temporary_stack_top$libspace           0x100001a4   Data           0  libspace.o(.bss)



==============================================================================

Memory Map of the image

  Image Entry point : 0x000000c1

  Load Region LR_IROM1 (Base: 0x00000000, Size: 0x00000a7c, Max: 0x00010000, ABSOLUTE)

    Execution Region ER_IROM1 (Exec base: 0x00000000, Load base: 0x00000000, Size: 0x000009cc, Max: 0x00010000, ABSOLUTE)

    Exec Addr    Load Addr    Size         Type   Attr      Idx    E Section Name        Object

    0x00000000   0x00000000   0x000000c0   Data   RO           59    RESET               startup_cmsdk_cm0.o
    0x000000c0   0x000000c0   0x00000008   Code   RO          642  * !!!main             c_p.l(__main.o)
    0x000000c8   0x000000c8   0x0000003c   Code   RO          811    !!!scatter          c_p.l(__scatter.o)
    0x00000104   0x00000104   0x0000001a   Code   RO          813    !!handler_copy      c_p.l(__scatter_copy.o)
    0x0000011e   0x0000011e   0x00000002   PAD
    0x00000120   0x00000120   0x0000001c   Code   RO          815    !!handler_zi        c_p.l(__scatter_zi.o)
    0x0000013c   0x0000013c   0x00000002   Code   RO          680    .ARM.Collect$$libinit$$00000000  c_p.l(libinit.o)
    0x0000013e   0x0000013e   0x00000000   Code   RO          694    .ARM.Collect$$libinit$$00000002  c_p.l(libinit2.o)
    0x0000013e   0x0000013e   0x00000000   Code   RO          696    .ARM.Collect$$libinit$$00000004  c_p.l(libinit2.o)
    0x0000013e   0x0000013e   0x00000000   Code   RO          699    .ARM.Collect$$libinit$$0000000A  c_p.l(libinit2.o)
    0x0000013e   0x0000013e   0x00000000   Code   RO          701    .ARM.Collect$$libinit$$0000000C  c_p.l(libinit2.o)
    0x0000013e   0x0000013e   0x00000000   Code   RO          703    .ARM.Collect$$libinit$$0000000E  c_p.l(libinit2.o)
    0x0000013e   0x0000013e   0x00000000   Code   RO          706    .ARM.Collect$$libinit$$00000011  c_p.l(libinit2.o)
    0x0000013e   0x0000013e   0x00000000   Code   RO          708    .ARM.Collect$$libinit$$00000013  c_p.l(libinit2.o)
    0x0000013e   0x0000013e   0x00000000   Code   RO          710    .ARM.Collect$$libinit$$00000015  c_p.l(libinit2.o)
    0x0000013e   0x0000013e   0x00000000   Code   RO          712    .ARM.Collect$$libinit$$00000017  c_p.l(libinit2.o)
    0x0000013e   0x0000013e   0x00000000   Code   RO          714    .ARM.Collect$$libinit$$00000019  c_p.l(libinit2.o)
    0x0000013e   0x0000013e   0x00000000   Code   RO          716    .ARM.Collect$$libinit$$0000001B  c_p.l(libinit2.o)
    0x0000013e   0x0000013e   0x00000000   Code   RO          718    .ARM.Collect$$libinit$$0000001D  c_p.l(libinit2.o)
    0x0000013e   0x0000013e   0x00000000   Code   RO          720    .ARM.Collect$$libinit$$0000001F  c_p.l(libinit2.o)
    0x0000013e   0x0000013e   0x00000000   Code   RO          722    .ARM.Collect$$libinit$$00000021  c_p.l(libinit2.o)
    0x0000013e   0x0000013e   0x00000000   Code   RO          724    .ARM.Collect$$libinit$$00000023  c_p.l(libinit2.o)
    0x0000013e   0x0000013e   0x00000000   Code   RO          726    .ARM.Collect$$libinit$$00000025  c_p.l(libinit2.o)
    0x0000013e   0x0000013e   0x00000000   Code   RO          730    .ARM.Collect$$libinit$$0000002C  c_p.l(libinit2.o)
    0x0000013e   0x0000013e   0x00000000   Code   RO          732    .ARM.Collect$$libinit$$0000002E  c_p.l(libinit2.o)
    0x0000013e   0x0000013e   0x00000000   Code   RO          734    .ARM.Collect$$libinit$$00000030  c_p.l(libinit2.o)
    0x0000013e   0x0000013e   0x00000000   Code   RO          736    .ARM.Collect$$libinit$$00000032  c_p.l(libinit2.o)
    0x0000013e   0x0000013e   0x00000002   Code   RO          737    .ARM.Collect$$libinit$$00000033  c_p.l(libinit2.o)
    0x00000140   0x00000140   0x00000002   Code   RO          768    .ARM.Collect$$libshutdown$$00000000  c_p.l(libshutdown.o)
    0x00000142   0x00000142   0x00000000   Code   RO          794    .ARM.Collect$$libshutdown$$00000002  c_p.l(libshutdown2.o)
    0x00000142   0x00000142   0x00000000   Code   RO          796    .ARM.Collect$$libshutdown$$00000004  c_p.l(libshutdown2.o)
    0x00000142   0x00000142   0x00000000   Code   RO          799    .ARM.Collect$$libshutdown$$00000007  c_p.l(libshutdown2.o)
    0x00000142   0x00000142   0x00000000   Code   RO          802    .ARM.Collect$$libshutdown$$0000000A  c_p.l(libshutdown2.o)
    0x00000142   0x00000142   0x00000000   Code   RO          804    .ARM.Collect$$libshutdown$$0000000C  c_p.l(libshutdown2.o)
    0x00000142   0x00000142   0x00000000   Code   RO          807    .ARM.Collect$$libshutdown$$0000000F  c_p.l(libshutdown2.o)
    0x00000142   0x00000142   0x00000002   Code   RO          808    .ARM.Collect$$libshutdown$$00000010  c_p.l(libshutdown2.o)
    0x00000144   0x00000144   0x00000000   Code   RO          644    .ARM.Collect$$rtentry$$00000000  c_p.l(__rtentry.o)
    0x00000144   0x00000144   0x00000000   Code   RO          650    .ARM.Collect$$rtentry$$00000002  c_p.l(__rtentry2.o)
    0x00000144   0x00000144   0x00000006   Code   RO          662    .ARM.Collect$$rtentry$$00000004  c_p.l(__rtentry4.o)
    0x0000014a   0x0000014a   0x00000000   Code   RO          652    .ARM.Collect$$rtentry$$00000009  c_p.l(__rtentry2.o)
    0x0000014a   0x0000014a   0x00000004   Code   RO          653    .ARM.Collect$$rtentry$$0000000A  c_p.l(__rtentry2.o)
    0x0000014e   0x0000014e   0x00000000   Code   RO          655    .ARM.Collect$$rtentry$$0000000C  c_p.l(__rtentry2.o)
    0x0000014e   0x0000014e   0x00000008   Code   RO          656    .ARM.Collect$$rtentry$$0000000D  c_p.l(__rtentry2.o)
    0x00000156   0x00000156   0x00000002   Code   RO          685    .ARM.Collect$$rtexit$$00000000  c_p.l(rtexit.o)
    0x00000158   0x00000158   0x00000000   Code   RO          741    .ARM.Collect$$rtexit$$00000002  c_p.l(rtexit2.o)
    0x00000158   0x00000158   0x00000004   Code   RO          742    .ARM.Collect$$rtexit$$00000003  c_p.l(rtexit2.o)
    0x0000015c   0x0000015c   0x00000006   Code   RO          743    .ARM.Collect$$rtexit$$00000004  c_p.l(rtexit2.o)
    0x00000162   0x00000162   0x00000002   PAD
    0x00000164   0x00000164   0x00000030   Code   RO           60    .text               startup_cmsdk_cm0.o
    0x00000194   0x00000194   0x0000015a   Code   RO          636    .text               c_p.l(aeabi_sdiv.o)
    0x000002ee   0x000002ee   0x00000006   Code   RO          640    .text               c_p.l(heapauxi.o)
    0x000002f4   0x000002f4   0x0000003e   Code   RO          666    .text               c_p.l(sys_stackheap_outer.o)
    0x00000332   0x00000332   0x00000010   Code   RO          669    .text               c_p.l(exit.o)
    0x00000342   0x00000342   0x00000002   PAD
    0x00000344   0x00000344   0x00000008   Code   RO          681    .text               c_p.l(libspace.o)
    0x0000034c   0x0000034c   0x0000000c   Code   RO          738    .text               c_p.l(sys_exit.o)
    0x00000358   0x00000358   0x00000002   Code   RO          757    .text               c_p.l(use_no_semi.o)
    0x0000035a   0x0000035a   0x00000000   Code   RO          759    .text               c_p.l(indicate_semi.o)
    0x0000035a   0x0000035a   0x00000002   PAD
    0x0000035c   0x0000035c   0x00000014   Code   RO          246    i.NVIC_DisableIRQ   uart.o
    0x00000370   0x00000370   0x0000000a   Code   RO          598    i.QueueInit         ringqueue.o
    0x0000037a   0x0000037a   0x00000018   Code   RO          599    i.QueueLength       ringqueue.o
    0x00000392   0x00000392   0x00000028   Code   RO          600    i.Queue_pop         ringqueue.o
    0x000003ba   0x000003ba   0x0000002e   Code   RO          601    i.Queue_push        ringqueue.o
    0x000003e8   0x000003e8   0x00000028   Code   RO           68    i.SYS_DelaymS       sys.o
    0x00000410   0x00000410   0x00000038   Code   RO           90    i.SYS_SystemInitial  sys.o
    0x00000448   0x00000448   0x00000038   Code   RO          355    i.UART0_IRQHandler  main.o
    0x00000480   0x00000480   0x00000008   Code   RO          253    i.UART_EnableInt    uart.o
    0x00000488   0x00000488   0x00000134   Code   RO          255    i.UART_Open         uart.o
    0x000005bc   0x000005bc   0x0000001c   Code   RO          445    i.__ARM_common_switch8  lk_ble.o
    0x000005d8   0x000005d8   0x0000004c   Code   RO          420    i.ble_anasys        lk_ble.o
    0x00000624   0x00000624   0x00000040   Code   RO          454    i.ble_anysys_queue  lk_ble_ops.o
    0x00000664   0x00000664   0x00000034   Code   RO          456    i.ble_heart         lk_ble_ops.o
    0x00000698   0x00000698   0x00000020   Code   RO          459    i.ble_heat_gear     lk_ble_ops.o
    0x000006b8   0x000006b8   0x00000038   Code   RO          460    i.ble_init          lk_ble_ops.o
    0x000006f0   0x000006f0   0x00000020   Code   RO          464    i.ble_massage_gear  lk_ble_ops.o
    0x00000710   0x00000710   0x00000014   Code   RO          465    i.ble_massage_mode  lk_ble_ops.o
    0x00000724   0x00000724   0x00000014   Code   RO          466    i.ble_massage_over  lk_ble_ops.o
    0x00000738   0x00000738   0x00000014   Code   RO          467    i.ble_massage_time  lk_ble_ops.o
    0x0000074c   0x0000074c   0x00000020   Code   RO          470    i.ble_quit_weixing  lk_ble_ops.o
    0x0000076c   0x0000076c   0x0000000c   Code   RO          471    i.ble_shutdown      lk_ble_ops.o
    0x00000778   0x00000778   0x00000002   Code   RO          421    i.check_connectdStatu  lk_ble.o
    0x0000077a   0x0000077a   0x0000000e   Code   RO          356    i.delay             main.o
    0x00000788   0x00000788   0x00000128   Code   RO          422    i.lk_ble_checkSum   lk_ble.o
    0x000008b0   0x000008b0   0x000000b0   Code   RO          357    i.main              main.o
    0x00000960   0x00000960   0x00000028   Code   RO          473    i.myBlefunc         lk_ble_ops.o
    0x00000988   0x00000988   0x00000024   Code   RO          358    i.uart_send         main.o
    0x000009ac   0x000009ac   0x00000020   Data   RO          809    Region$$Table       anon$$obj.o


    Execution Region RW_IRAM1 (Exec base: 0x10000000, Load base: 0x000009cc, Size: 0x000004a8, Max: 0x00002000, ABSOLUTE)

    Exec Addr    Load Addr    Size         Type   Attr      Idx    E Section Name        Object

    0x10000000   0x000009cc   0x00000008   Data   RW           16    .data               system_cmsdk.o
    0x10000008   0x000009d4   0x00000009   Data   RW          360    .data               main.o
    0x10000011   0x000009dd   0x00000003   PAD
    0x10000014   0x000009e0   0x00000028   Data   RW          424    .data               lk_ble.o
    0x1000003c   0x00000a08   0x00000063   Data   RW          477    .data               lk_ble_ops.o
    0x1000009f   0x00000a6b   0x00000001   PAD
    0x100000a0   0x00000a6c   0x00000010   Data   RW          602    .data               ringqueue.o
    0x100000b0        -       0x0000003c   Zero   RW          359    .bss                main.o
    0x100000ec        -       0x0000002d   Zero   RW          423    .bss                lk_ble.o
    0x10000119   0x00000a7c   0x00000003   PAD
    0x1000011c        -       0x00000028   Zero   RW          475    .bss                lk_ble_ops.o
    0x10000144        -       0x00000060   Zero   RW          682    .bss                c_p.l(libspace.o)
    0x100001a4   0x00000a7c   0x00000004   PAD
    0x100001a8        -       0x00000100   Zero   RW           58    HEAP                startup_cmsdk_cm0.o
    0x100002a8        -       0x00000200   Zero   RW           57    STACK               startup_cmsdk_cm0.o


==============================================================================

Image component sizes


      Code (inc. data)   RO Data    RW Data    ZI Data      Debug   Object Name

         0          0          0          0          0       4508   core_cm0.o
       402         44          0         40         45       4157   lk_ble.o
       380         82          0         99         40       7874   lk_ble_ops.o
       282         52          0          9         60      10208   main.o
       120          0          0         16          0       3035   ringqueue.o
        48         22        192          0        768        688   startup_cmsdk_cm0.o
        96         26          0          0          0      35010   sys.o
         0          0          0          8          0        340   system_cmsdk.o
       336         24          0          0          0       7881   uart.o

    ----------------------------------------------------------------------
      1664        250        224        176        916      73701   Object Totals
         0          0         32          0          0          0   (incl. Generated)
         0          0          0          4          3          0   (incl. Padding)

    ----------------------------------------------------------------------

      Code (inc. data)   RO Data    RW Data    ZI Data      Debug   Library Member Name

         8          0          0          0          0         68   __main.o
         0          0          0          0          0          0   __rtentry.o
        12          0          0          0          0          0   __rtentry2.o
         6          0          0          0          0          0   __rtentry4.o
        60          8          0          0          0          0   __scatter.o
        26          0          0          0          0          0   __scatter_copy.o
        28          0          0          0          0          0   __scatter_zi.o
       346          0          0          0          0         92   aeabi_sdiv.o
        16          0          0          0          0         68   exit.o
         6          0          0          0          0        136   heapauxi.o
         0          0          0          0          0          0   indicate_semi.o
         2          0          0          0          0          0   libinit.o
         2          0          0          0          0          0   libinit2.o
         2          0          0          0          0          0   libshutdown.o
         2          0          0          0          0          0   libshutdown2.o
         8          4          0          0         96         68   libspace.o
         2          0          0          0          0          0   rtexit.o
        10          0          0          0          0          0   rtexit2.o
        12          4          0          0          0         60   sys_exit.o
        62          0          0          0          0         80   sys_stackheap_outer.o
         2          0          0          0          0         68   use_no_semi.o

    ----------------------------------------------------------------------
       620         16          0          0        100        640   Library Totals
         8          0          0          0          4          0   (incl. Padding)

    ----------------------------------------------------------------------

      Code (inc. data)   RO Data    RW Data    ZI Data      Debug   Library Name

       612         16          0          0         96        640   c_p.l

    ----------------------------------------------------------------------
       620         16          0          0        100        640   Library Totals

    ----------------------------------------------------------------------

==============================================================================


      Code (inc. data)   RO Data    RW Data    ZI Data      Debug   

      2284        266        224        176       1016      73097   Grand Totals
      2284        266        224        176       1016      73097   ELF Image Totals
      2284        266        224        176          0          0   ROM Totals

==============================================================================

    Total RO  Size (Code + RO Data)                 2508 (   2.45kB)
    Total RW  Size (RW Data + ZI Data)              1192 (   1.16kB)
    Total ROM Size (Code + RO Data + RW Data)       2684 (   2.62kB)

==============================================================================

