Component: ARM Compiler 5.06 update 6 (build 750) Tool: armlink [4d35ed]

==============================================================================

Section Cross References

    main.o(i.NVIC_Configuration) refers to misc.o(i.NVIC_PriorityGroupConfig) for NVIC_PriorityGroupConfig
    main.o(i.NVIC_Configuration) refers to misc.o(i.NVIC_Init) for NVIC_Init
    main.o(i.NVIC_Configuration) refers to at32f4xx_rcc.o(i.RCC_APB1PeriphClockCmd) for RCC_APB1PeriphClockCmd
    main.o(i.RCC_Configuration) refers to at32f4xx_rcc.o(i.RCC_APB1PeriphClockCmd) for RCC_APB1PeriphClockCmd
    main.o(i.RCC_Configuration) refers to at32f4xx_rcc.o(i.RCC_APB2PeriphClockCmd) for RCC_APB2PeriphClockCmd
    main.o(i.TMR3_GLOBAL_IRQHandler) refers to at32f4xx_tim.o(i.TMR_GetINTStatus) for TMR_GetINTStatus
    main.o(i.TMR3_GLOBAL_IRQHandler) refers to at32f4xx_tim.o(i.TMR_ClearITPendingBit) for TMR_ClearITPendingBit
    main.o(i.TMR3_GLOBAL_IRQHandler) refers to at32f4xx_tim.o(i.TMR_GetCapture2) for TMR_GetCapture2
    main.o(i.TMR3_GLOBAL_IRQHandler) refers to lk_433m.o(i.my433M_anasys) for my433M_anasys
    main.o(i.TMR3_GLOBAL_IRQHandler) refers to main.o(.data) for .data
    main.o(i.USART2_IRQHandler) refers to at32f4xx_usart.o(i.USART_GetITStatus) for USART_GetITStatus
    main.o(i.USART2_IRQHandler) refers to at32f4xx_usart.o(i.USART_ReceiveData) for USART_ReceiveData
    main.o(i.USART2_IRQHandler) refers to main.o(.data) for .data
    main.o(i.USART2_IRQHandler) refers to lk_ble_ops.o(.bss) for frameHandle
    main.o(i.USART2_IRQHandler) refers to main.o(.bss) for .bss
    main.o(i.lk_cap_init) refers to at32f4xx_gpio.o(i.GPIO_Init) for GPIO_Init
    main.o(i.lk_cap_init) refers to at32f4xx_tim.o(i.TMR_TimeBaseStructInit) for TMR_TimeBaseStructInit
    main.o(i.lk_cap_init) refers to at32f4xx_tim.o(i.TMR_TimeBaseInit) for TMR_TimeBaseInit
    main.o(i.lk_cap_init) refers to at32f4xx_tim.o(i.TMR_ICStructInit) for TMR_ICStructInit
    main.o(i.lk_cap_init) refers to at32f4xx_tim.o(i.TMR_ICInit) for TMR_ICInit
    main.o(i.lk_cap_init) refers to at32f4xx_tim.o(i.TMR_Cmd) for TMR_Cmd
    main.o(i.lk_cap_init) refers to at32f4xx_tim.o(i.TMR_INTConfig) for TMR_INTConfig
    main.o(i.lk_cap_init) refers to system_at32f4xx.o(.data) for SystemCoreClock
    main.o(i.lk_pwm_init) refers to at32f4xx_gpio.o(i.GPIO_Init) for GPIO_Init
    main.o(i.lk_pwm_init) refers to at32f4xx_rcc.o(i.RCC_APB1PeriphClockCmd) for RCC_APB1PeriphClockCmd
    main.o(i.lk_pwm_init) refers to at32f4xx_tim.o(i.TMR_TimeBaseStructInit) for TMR_TimeBaseStructInit
    main.o(i.lk_pwm_init) refers to at32f4xx_tim.o(i.TMR_TimeBaseInit) for TMR_TimeBaseInit
    main.o(i.lk_pwm_init) refers to at32f4xx_tim.o(i.TMR_OCStructInit) for TMR_OCStructInit
    main.o(i.lk_pwm_init) refers to at32f4xx_tim.o(i.TMR_OC1Init) for TMR_OC1Init
    main.o(i.lk_pwm_init) refers to at32f4xx_tim.o(i.TMR_OC1PreloadConfig) for TMR_OC1PreloadConfig
    main.o(i.lk_pwm_init) refers to at32f4xx_tim.o(i.TMR_Cmd) for TMR_Cmd
    main.o(i.lk_pwm_init) refers to system_at32f4xx.o(.data) for SystemCoreClock
    main.o(i.main) refers to main.o(i.RCC_Configuration) for RCC_Configuration
    main.o(i.main) refers to main.o(i.NVIC_Configuration) for NVIC_Configuration
    main.o(i.main) refers to main.o(i.usart2_init) for usart2_init
    main.o(i.main) refers to at32_board.o(i.Delay_init) for Delay_init
    main.o(i.main) refers to at32_board.o(i.UART_Print_Init) for UART_Print_Init
    main.o(i.main) refers to main.o(i.lk_cap_init) for lk_cap_init
    main.o(i.usart2_init) refers to at32f4xx_gpio.o(i.GPIO_Init) for GPIO_Init
    main.o(i.usart2_init) refers to at32f4xx_usart.o(i.USART_StructInit) for USART_StructInit
    main.o(i.usart2_init) refers to at32f4xx_usart.o(i.USART_Init) for USART_Init
    main.o(i.usart2_init) refers to at32f4xx_usart.o(i.USART_INTConfig) for USART_INTConfig
    main.o(i.usart2_init) refers to at32f4xx_usart.o(i.USART_Cmd) for USART_Cmd
    main.o(i.usart2_send) refers to at32f4xx_usart.o(i.USART_SendData) for USART_SendData
    main.o(i.usart2_send) refers to at32f4xx_usart.o(i.USART_GetFlagStatus) for USART_GetFlagStatus
    at32_board.o(i.AT32_BUTTON_Init) refers to at32f4xx_rcc.o(i.RCC_APB2PeriphClockCmd) for RCC_APB2PeriphClockCmd
    at32_board.o(i.AT32_BUTTON_Init) refers to at32f4xx_gpio.o(i.GPIO_StructInit) for GPIO_StructInit
    at32_board.o(i.AT32_BUTTON_Init) refers to at32f4xx_gpio.o(i.GPIO_Init) for GPIO_Init
    at32_board.o(i.AT32_BUTTON_Init) refers to at32_board.o(.data) for .data
    at32_board.o(i.AT32_BUTTON_Press) refers to at32_board.o(i.AT32_BUTTON_State) for AT32_BUTTON_State
    at32_board.o(i.AT32_BUTTON_Press) refers to at32_board.o(i.Delay_ms) for Delay_ms
    at32_board.o(i.AT32_BUTTON_Press) refers to at32_board.o(.data) for .data
    at32_board.o(i.AT32_BUTTON_State) refers to at32f4xx_gpio.o(i.GPIO_ReadInputDataBit) for GPIO_ReadInputDataBit
    at32_board.o(i.AT32_BUTTON_State) refers to at32_board.o(.data) for .data
    at32_board.o(i.AT32_Board_Init) refers to at32_board.o(i.Delay_init) for Delay_init
    at32_board.o(i.AT32_Board_Init) refers to at32_board.o(i.AT32_LEDn_Init) for AT32_LEDn_Init
    at32_board.o(i.AT32_Board_Init) refers to at32_board.o(i.AT32_LEDn_OFF) for AT32_LEDn_OFF
    at32_board.o(i.AT32_Board_Init) refers to at32_board.o(i.AT32_BUTTON_Init) for AT32_BUTTON_Init
    at32_board.o(i.AT32_LEDn_Init) refers to at32f4xx_rcc.o(i.RCC_APB2PeriphClockCmd) for RCC_APB2PeriphClockCmd
    at32_board.o(i.AT32_LEDn_Init) refers to at32f4xx_gpio.o(i.GPIO_StructInit) for GPIO_StructInit
    at32_board.o(i.AT32_LEDn_Init) refers to at32f4xx_gpio.o(i.GPIO_Init) for GPIO_Init
    at32_board.o(i.AT32_LEDn_Init) refers to at32_board.o(.data) for .data
    at32_board.o(i.AT32_LEDn_OFF) refers to at32_board.o(.data) for .data
    at32_board.o(i.AT32_LEDn_ON) refers to at32_board.o(.data) for .data
    at32_board.o(i.AT32_LEDn_Toggle) refers to at32_board.o(.data) for .data
    at32_board.o(i.AT32_USB_GPIO_init) refers to at32f4xx_rcc.o(i.RCC_APB2PeriphClockCmd) for RCC_APB2PeriphClockCmd
    at32_board.o(i.AT32_USB_GPIO_init) refers to at32f4xx_gpio.o(i.GPIO_StructInit) for GPIO_StructInit
    at32_board.o(i.AT32_USB_GPIO_init) refers to at32f4xx_gpio.o(i.GPIO_Init) for GPIO_Init
    at32_board.o(i.AT32_USB_GPIO_init) refers to at32f4xx_gpio.o(i.GPIO_ResetBits) for GPIO_ResetBits
    at32_board.o(i.Delay_init) refers to misc.o(i.SysTick_CLKSourceConfig) for SysTick_CLKSourceConfig
    at32_board.o(i.Delay_init) refers to ffltui.o(.text) for __aeabi_ui2f
    at32_board.o(i.Delay_init) refers to fdiv.o(.text) for __aeabi_fdiv
    at32_board.o(i.Delay_init) refers to fmul.o(.text) for __aeabi_fmul
    at32_board.o(i.Delay_init) refers to system_at32f4xx.o(.data) for SystemCoreClock
    at32_board.o(i.Delay_init) refers to at32_board.o(.data) for .data
    at32_board.o(i.Delay_ms) refers to fmul.o(.text) for __aeabi_fmul
    at32_board.o(i.Delay_ms) refers to ffixui.o(.text) for __aeabi_f2uiz
    at32_board.o(i.Delay_ms) refers to ffltui.o(.text) for __aeabi_ui2f
    at32_board.o(i.Delay_ms) refers to at32_board.o(.data) for .data
    at32_board.o(i.Delay_sec) refers to at32_board.o(i.Delay_ms) for Delay_ms
    at32_board.o(i.Delay_us) refers to ffltui.o(.text) for __aeabi_ui2f
    at32_board.o(i.Delay_us) refers to fmul.o(.text) for __aeabi_fmul
    at32_board.o(i.Delay_us) refers to ffixui.o(.text) for __aeabi_f2uiz
    at32_board.o(i.Delay_us) refers to at32_board.o(.data) for .data
    at32_board.o(i.UART_Print_Init) refers to at32f4xx_rcc.o(i.RCC_APB2PeriphClockCmd) for RCC_APB2PeriphClockCmd
    at32_board.o(i.UART_Print_Init) refers to at32f4xx_gpio.o(i.GPIO_StructInit) for GPIO_StructInit
    at32_board.o(i.UART_Print_Init) refers to at32f4xx_gpio.o(i.GPIO_Init) for GPIO_Init
    at32_board.o(i.UART_Print_Init) refers to at32f4xx_usart.o(i.USART_StructInit) for USART_StructInit
    at32_board.o(i.UART_Print_Init) refers to at32f4xx_usart.o(i.USART_Init) for USART_Init
    at32_board.o(i.UART_Print_Init) refers to at32f4xx_usart.o(i.USART_INTConfig) for USART_INTConfig
    at32_board.o(i.UART_Print_Init) refers to at32f4xx_usart.o(i.USART_Cmd) for USART_Cmd
    at32_board.o(i.fputc) refers to at32f4xx_usart.o(i.USART_SendData) for USART_SendData
    at32_board.o(i.fputc) refers to at32f4xx_usart.o(i.USART_GetFlagStatus) for USART_GetFlagStatus
    system_at32f4xx.o(i.SetSysClockTo144M) refers to at32f4xx_rcc.o(i.RCC_StepModeCmd) for RCC_StepModeCmd
    system_at32f4xx.o(i.SystemCoreClockUpdate) refers to system_at32f4xx.o(.data) for .data
    system_at32f4xx.o(i.SystemInit) refers to at32f4xx_rcc.o(i.RCC_APB1PeriphClockCmd) for RCC_APB1PeriphClockCmd
    system_at32f4xx.o(i.SystemInit) refers to system_at32f4xx.o(i.SetSysClockTo144M) for SetSysClockTo144M
    startup_at32f415rct7.o(RESET) refers to startup_at32f415rct7.o(STACK) for __initial_sp
    startup_at32f415rct7.o(RESET) refers to startup_at32f415rct7.o(.text) for Reset_Handler
    startup_at32f415rct7.o(RESET) refers to at32f4xx_it.o(i.NMI_Handler) for NMI_Handler
    startup_at32f415rct7.o(RESET) refers to at32f4xx_it.o(i.HardFault_Handler) for HardFault_Handler
    startup_at32f415rct7.o(RESET) refers to at32f4xx_it.o(i.MemManage_Handler) for MemManage_Handler
    startup_at32f415rct7.o(RESET) refers to at32f4xx_it.o(i.BusFault_Handler) for BusFault_Handler
    startup_at32f415rct7.o(RESET) refers to at32f4xx_it.o(i.UsageFault_Handler) for UsageFault_Handler
    startup_at32f415rct7.o(RESET) refers to at32f4xx_it.o(i.SVC_Handler) for SVC_Handler
    startup_at32f415rct7.o(RESET) refers to at32f4xx_it.o(i.DebugMon_Handler) for DebugMon_Handler
    startup_at32f415rct7.o(RESET) refers to at32f4xx_it.o(i.PendSV_Handler) for PendSV_Handler
    startup_at32f415rct7.o(RESET) refers to at32f4xx_it.o(i.SysTick_Handler) for SysTick_Handler
    startup_at32f415rct7.o(RESET) refers to main.o(i.TMR3_GLOBAL_IRQHandler) for TMR3_GLOBAL_IRQHandler
    startup_at32f415rct7.o(RESET) refers to main.o(i.USART2_IRQHandler) for USART2_IRQHandler
    startup_at32f415rct7.o(.text) refers to system_at32f4xx.o(i.SystemInit) for SystemInit
    startup_at32f415rct7.o(.text) refers to entry.o(.ARM.Collect$$$$00000000) for __main
    at32f4xx_gpio.o(i.GPIO_AFIOReset) refers to at32f4xx_rcc.o(i.RCC_APB2PeriphResetCmd) for RCC_APB2PeriphResetCmd
    at32f4xx_gpio.o(i.GPIO_EXTILineConfig) refers to main.o(i.assert_failed) for assert_failed
    at32f4xx_gpio.o(i.GPIO_EventOutputCmd) refers to main.o(i.assert_failed) for assert_failed
    at32f4xx_gpio.o(i.GPIO_EventOutputConfig) refers to main.o(i.assert_failed) for assert_failed
    at32f4xx_gpio.o(i.GPIO_Init) refers to main.o(i.assert_failed) for assert_failed
    at32f4xx_gpio.o(i.GPIO_PinsLockConfig) refers to main.o(i.assert_failed) for assert_failed
    at32f4xx_gpio.o(i.GPIO_PinsRemapConfig) refers to main.o(i.assert_failed) for assert_failed
    at32f4xx_gpio.o(i.GPIO_ReadInputData) refers to main.o(i.assert_failed) for assert_failed
    at32f4xx_gpio.o(i.GPIO_ReadInputDataBit) refers to main.o(i.assert_failed) for assert_failed
    at32f4xx_gpio.o(i.GPIO_ReadOutputData) refers to main.o(i.assert_failed) for assert_failed
    at32f4xx_gpio.o(i.GPIO_ReadOutputDataBit) refers to main.o(i.assert_failed) for assert_failed
    at32f4xx_gpio.o(i.GPIO_Reset) refers to main.o(i.assert_failed) for assert_failed
    at32f4xx_gpio.o(i.GPIO_Reset) refers to at32f4xx_rcc.o(i.RCC_APB2PeriphResetCmd) for RCC_APB2PeriphResetCmd
    at32f4xx_gpio.o(i.GPIO_ResetBits) refers to main.o(i.assert_failed) for assert_failed
    at32f4xx_gpio.o(i.GPIO_SetBits) refers to main.o(i.assert_failed) for assert_failed
    at32f4xx_gpio.o(i.GPIO_Write) refers to main.o(i.assert_failed) for assert_failed
    at32f4xx_gpio.o(i.GPIO_WriteBit) refers to main.o(i.assert_failed) for assert_failed
    at32f4xx_rcc.o(i.RCC_ADCCLKConfig) refers to main.o(i.assert_failed) for assert_failed
    at32f4xx_rcc.o(i.RCC_AHBCLKConfig) refers to main.o(i.assert_failed) for assert_failed
    at32f4xx_rcc.o(i.RCC_AHBPeriphClockCmd) refers to main.o(i.assert_failed) for assert_failed
    at32f4xx_rcc.o(i.RCC_APB1CLKConfig) refers to main.o(i.assert_failed) for assert_failed
    at32f4xx_rcc.o(i.RCC_APB1PeriphClockCmd) refers to main.o(i.assert_failed) for assert_failed
    at32f4xx_rcc.o(i.RCC_APB1PeriphResetCmd) refers to main.o(i.assert_failed) for assert_failed
    at32f4xx_rcc.o(i.RCC_APB2CLKConfig) refers to main.o(i.assert_failed) for assert_failed
    at32f4xx_rcc.o(i.RCC_APB2PeriphClockCmd) refers to main.o(i.assert_failed) for assert_failed
    at32f4xx_rcc.o(i.RCC_APB2PeriphResetCmd) refers to main.o(i.assert_failed) for assert_failed
    at32f4xx_rcc.o(i.RCC_BackupResetCmd) refers to main.o(i.assert_failed) for assert_failed
    at32f4xx_rcc.o(i.RCC_CLKOUTConfig) refers to main.o(i.assert_failed) for assert_failed
    at32f4xx_rcc.o(i.RCC_ClearINTPendingBit) refers to main.o(i.assert_failed) for assert_failed
    at32f4xx_rcc.o(i.RCC_ERTCCLKCmd) refers to main.o(i.assert_failed) for assert_failed
    at32f4xx_rcc.o(i.RCC_ERTCCLKConfig) refers to main.o(i.assert_failed) for assert_failed
    at32f4xx_rcc.o(i.RCC_GetClocksFreq) refers to at32f4xx_rcc.o(.data) for .data
    at32f4xx_rcc.o(i.RCC_GetFlagStatus) refers to main.o(i.assert_failed) for assert_failed
    at32f4xx_rcc.o(i.RCC_GetINTStatus) refers to main.o(i.assert_failed) for assert_failed
    at32f4xx_rcc.o(i.RCC_HSEClockFailureDetectorCmd) refers to main.o(i.assert_failed) for assert_failed
    at32f4xx_rcc.o(i.RCC_HSEConfig) refers to main.o(i.assert_failed) for assert_failed
    at32f4xx_rcc.o(i.RCC_HSI2USB48M) refers to main.o(i.assert_failed) for assert_failed
    at32f4xx_rcc.o(i.RCC_HSICmd) refers to main.o(i.assert_failed) for assert_failed
    at32f4xx_rcc.o(i.RCC_INTConfig) refers to main.o(i.assert_failed) for assert_failed
    at32f4xx_rcc.o(i.RCC_LSEConfig) refers to main.o(i.assert_failed) for assert_failed
    at32f4xx_rcc.o(i.RCC_LSICmd) refers to main.o(i.assert_failed) for assert_failed
    at32f4xx_rcc.o(i.RCC_PLLCmd) refers to main.o(i.assert_failed) for assert_failed
    at32f4xx_rcc.o(i.RCC_PLLConfig) refers to main.o(i.assert_failed) for assert_failed
    at32f4xx_rcc.o(i.RCC_PLLconfig2) refers to main.o(i.assert_failed) for assert_failed
    at32f4xx_rcc.o(i.RCC_SYSCLKConfig) refers to main.o(i.assert_failed) for assert_failed
    at32f4xx_rcc.o(i.RCC_SetHSITweakValue) refers to main.o(i.assert_failed) for assert_failed
    at32f4xx_rcc.o(i.RCC_StepModeCmd) refers to main.o(i.assert_failed) for assert_failed
    at32f4xx_rcc.o(i.RCC_USBCLKConfig) refers to main.o(i.assert_failed) for assert_failed
    at32f4xx_rcc.o(i.RCC_WaitForHSEStable) refers to at32f4xx_rcc.o(i.RCC_GetFlagStatus) for RCC_GetFlagStatus
    at32f4xx_usart.o(i.USART_ClearFlag) refers to main.o(i.assert_failed) for assert_failed
    at32f4xx_usart.o(i.USART_ClearITPendingBit) refers to main.o(i.assert_failed) for assert_failed
    at32f4xx_usart.o(i.USART_ClockInit) refers to main.o(i.assert_failed) for assert_failed
    at32f4xx_usart.o(i.USART_Cmd) refers to main.o(i.assert_failed) for assert_failed
    at32f4xx_usart.o(i.USART_DMACmd) refers to main.o(i.assert_failed) for assert_failed
    at32f4xx_usart.o(i.USART_GetFlagStatus) refers to main.o(i.assert_failed) for assert_failed
    at32f4xx_usart.o(i.USART_GetITStatus) refers to main.o(i.assert_failed) for assert_failed
    at32f4xx_usart.o(i.USART_HalfDuplexCmd) refers to main.o(i.assert_failed) for assert_failed
    at32f4xx_usart.o(i.USART_INTConfig) refers to main.o(i.assert_failed) for assert_failed
    at32f4xx_usart.o(i.USART_Init) refers to main.o(i.assert_failed) for assert_failed
    at32f4xx_usart.o(i.USART_Init) refers to at32f4xx_rcc.o(i.RCC_GetClocksFreq) for RCC_GetClocksFreq
    at32f4xx_usart.o(i.USART_IrDACmd) refers to main.o(i.assert_failed) for assert_failed
    at32f4xx_usart.o(i.USART_IrDAConfig) refers to main.o(i.assert_failed) for assert_failed
    at32f4xx_usart.o(i.USART_LINBreakDetectLengthConfig) refers to main.o(i.assert_failed) for assert_failed
    at32f4xx_usart.o(i.USART_LINCmd) refers to main.o(i.assert_failed) for assert_failed
    at32f4xx_usart.o(i.USART_OneBitMethodCmd) refers to main.o(i.assert_failed) for assert_failed
    at32f4xx_usart.o(i.USART_OverSampling8Cmd) refers to main.o(i.assert_failed) for assert_failed
    at32f4xx_usart.o(i.USART_ReceiveData) refers to main.o(i.assert_failed) for assert_failed
    at32f4xx_usart.o(i.USART_ReceiverWakeUpCmd) refers to main.o(i.assert_failed) for assert_failed
    at32f4xx_usart.o(i.USART_Reset) refers to main.o(i.assert_failed) for assert_failed
    at32f4xx_usart.o(i.USART_Reset) refers to at32f4xx_rcc.o(i.RCC_APB2PeriphResetCmd) for RCC_APB2PeriphResetCmd
    at32f4xx_usart.o(i.USART_Reset) refers to at32f4xx_rcc.o(i.RCC_APB1PeriphResetCmd) for RCC_APB1PeriphResetCmd
    at32f4xx_usart.o(i.USART_SendBreak) refers to main.o(i.assert_failed) for assert_failed
    at32f4xx_usart.o(i.USART_SendData) refers to main.o(i.assert_failed) for assert_failed
    at32f4xx_usart.o(i.USART_SetAddress) refers to main.o(i.assert_failed) for assert_failed
    at32f4xx_usart.o(i.USART_SetGuardTime) refers to main.o(i.assert_failed) for assert_failed
    at32f4xx_usart.o(i.USART_SetPrescaler) refers to main.o(i.assert_failed) for assert_failed
    at32f4xx_usart.o(i.USART_SmartCardCmd) refers to main.o(i.assert_failed) for assert_failed
    at32f4xx_usart.o(i.USART_SmartCardNACKCmd) refers to main.o(i.assert_failed) for assert_failed
    at32f4xx_usart.o(i.USART_WakeUpConfig) refers to main.o(i.assert_failed) for assert_failed
    misc.o(i.NVIC_Init) refers to main.o(i.assert_failed) for assert_failed
    misc.o(i.NVIC_PriorityGroupConfig) refers to main.o(i.assert_failed) for assert_failed
    misc.o(i.NVIC_SetVectorTable) refers to main.o(i.assert_failed) for assert_failed
    misc.o(i.NVIC_SystemLPConfig) refers to main.o(i.assert_failed) for assert_failed
    misc.o(i.SysTick_CLKSourceConfig) refers to main.o(i.assert_failed) for assert_failed
    at32f4xx_tim.o(i.TMR_ARPreloadConfig) refers to main.o(i.assert_failed) for assert_failed
    at32f4xx_tim.o(i.TMR_BRKDTConfig) refers to main.o(i.assert_failed) for assert_failed
    at32f4xx_tim.o(i.TMR_CCPreloadControl) refers to main.o(i.assert_failed) for assert_failed
    at32f4xx_tim.o(i.TMR_CCxCmd) refers to main.o(i.assert_failed) for assert_failed
    at32f4xx_tim.o(i.TMR_CCxNCmd) refers to main.o(i.assert_failed) for assert_failed
    at32f4xx_tim.o(i.TMR_ClearFlag) refers to main.o(i.assert_failed) for assert_failed
    at32f4xx_tim.o(i.TMR_ClearITPendingBit) refers to main.o(i.assert_failed) for assert_failed
    at32f4xx_tim.o(i.TMR_ClearOC1Ref) refers to main.o(i.assert_failed) for assert_failed
    at32f4xx_tim.o(i.TMR_ClearOC2Ref) refers to main.o(i.assert_failed) for assert_failed
    at32f4xx_tim.o(i.TMR_ClearOC3Ref) refers to main.o(i.assert_failed) for assert_failed
    at32f4xx_tim.o(i.TMR_ClearOC4Ref) refers to main.o(i.assert_failed) for assert_failed
    at32f4xx_tim.o(i.TMR_Cmd) refers to main.o(i.assert_failed) for assert_failed
    at32f4xx_tim.o(i.TMR_CounterModeConfig) refers to main.o(i.assert_failed) for assert_failed
    at32f4xx_tim.o(i.TMR_CtrlPWMOutputs) refers to main.o(i.assert_failed) for assert_failed
    at32f4xx_tim.o(i.TMR_DIVConfig) refers to main.o(i.assert_failed) for assert_failed
    at32f4xx_tim.o(i.TMR_DMACmd) refers to main.o(i.assert_failed) for assert_failed
    at32f4xx_tim.o(i.TMR_DMAConfig) refers to main.o(i.assert_failed) for assert_failed
    at32f4xx_tim.o(i.TMR_ETRClockMode1Config) refers to main.o(i.assert_failed) for assert_failed
    at32f4xx_tim.o(i.TMR_ETRClockMode1Config) refers to at32f4xx_tim.o(i.TMR_ETRConfig) for TMR_ETRConfig
    at32f4xx_tim.o(i.TMR_ETRClockMode2Config) refers to main.o(i.assert_failed) for assert_failed
    at32f4xx_tim.o(i.TMR_ETRClockMode2Config) refers to at32f4xx_tim.o(i.TMR_ETRConfig) for TMR_ETRConfig
    at32f4xx_tim.o(i.TMR_ETRConfig) refers to main.o(i.assert_failed) for assert_failed
    at32f4xx_tim.o(i.TMR_EncoderInterfaceConfig) refers to main.o(i.assert_failed) for assert_failed
    at32f4xx_tim.o(i.TMR_ForcedOC1Config) refers to main.o(i.assert_failed) for assert_failed
    at32f4xx_tim.o(i.TMR_ForcedOC2Config) refers to main.o(i.assert_failed) for assert_failed
    at32f4xx_tim.o(i.TMR_ForcedOC3Config) refers to main.o(i.assert_failed) for assert_failed
    at32f4xx_tim.o(i.TMR_ForcedOC4Config) refers to main.o(i.assert_failed) for assert_failed
    at32f4xx_tim.o(i.TMR_GenerateEvent) refers to main.o(i.assert_failed) for assert_failed
    at32f4xx_tim.o(i.TMR_GetCapture1) refers to main.o(i.assert_failed) for assert_failed
    at32f4xx_tim.o(i.TMR_GetCapture2) refers to main.o(i.assert_failed) for assert_failed
    at32f4xx_tim.o(i.TMR_GetCapture3) refers to main.o(i.assert_failed) for assert_failed
    at32f4xx_tim.o(i.TMR_GetCapture4) refers to main.o(i.assert_failed) for assert_failed
    at32f4xx_tim.o(i.TMR_GetCounter) refers to main.o(i.assert_failed) for assert_failed
    at32f4xx_tim.o(i.TMR_GetDIV) refers to main.o(i.assert_failed) for assert_failed
    at32f4xx_tim.o(i.TMR_GetFlagStatus) refers to main.o(i.assert_failed) for assert_failed
    at32f4xx_tim.o(i.TMR_GetINTStatus) refers to main.o(i.assert_failed) for assert_failed
    at32f4xx_tim.o(i.TMR_ICInit) refers to main.o(i.assert_failed) for assert_failed
    at32f4xx_tim.o(i.TMR_ICInit) refers to at32f4xx_tim.o(i.TI1_Config) for TI1_Config
    at32f4xx_tim.o(i.TMR_ICInit) refers to at32f4xx_tim.o(i.TMR_SetIC1DIV) for TMR_SetIC1DIV
    at32f4xx_tim.o(i.TMR_ICInit) refers to at32f4xx_tim.o(i.TI2_Config) for TI2_Config
    at32f4xx_tim.o(i.TMR_ICInit) refers to at32f4xx_tim.o(i.TMR_SetIC2DIV) for TMR_SetIC2DIV
    at32f4xx_tim.o(i.TMR_ICInit) refers to at32f4xx_tim.o(i.TMR_SetIC3DIV) for TMR_SetIC3DIV
    at32f4xx_tim.o(i.TMR_ICInit) refers to at32f4xx_tim.o(i.TMR_SetIC4DIV) for TMR_SetIC4DIV
    at32f4xx_tim.o(i.TMR_INTConfig) refers to main.o(i.assert_failed) for assert_failed
    at32f4xx_tim.o(i.TMR_ITRxExternalClockConfig) refers to main.o(i.assert_failed) for assert_failed
    at32f4xx_tim.o(i.TMR_ITRxExternalClockConfig) refers to at32f4xx_tim.o(i.TMR_SelectInputTrigger) for TMR_SelectInputTrigger
    at32f4xx_tim.o(i.TMR_InternalClockConfig) refers to main.o(i.assert_failed) for assert_failed
    at32f4xx_tim.o(i.TMR_OC1FastConfig) refers to main.o(i.assert_failed) for assert_failed
    at32f4xx_tim.o(i.TMR_OC1Init) refers to main.o(i.assert_failed) for assert_failed
    at32f4xx_tim.o(i.TMR_OC1NPolarityConfig) refers to main.o(i.assert_failed) for assert_failed
    at32f4xx_tim.o(i.TMR_OC1PolarityConfig) refers to main.o(i.assert_failed) for assert_failed
    at32f4xx_tim.o(i.TMR_OC1PreloadConfig) refers to main.o(i.assert_failed) for assert_failed
    at32f4xx_tim.o(i.TMR_OC2FastConfig) refers to main.o(i.assert_failed) for assert_failed
    at32f4xx_tim.o(i.TMR_OC2Init) refers to main.o(i.assert_failed) for assert_failed
    at32f4xx_tim.o(i.TMR_OC2NPolarityConfig) refers to main.o(i.assert_failed) for assert_failed
    at32f4xx_tim.o(i.TMR_OC2PolarityConfig) refers to main.o(i.assert_failed) for assert_failed
    at32f4xx_tim.o(i.TMR_OC2PreloadConfig) refers to main.o(i.assert_failed) for assert_failed
    at32f4xx_tim.o(i.TMR_OC3FastConfig) refers to main.o(i.assert_failed) for assert_failed
    at32f4xx_tim.o(i.TMR_OC3Init) refers to main.o(i.assert_failed) for assert_failed
    at32f4xx_tim.o(i.TMR_OC3NPolarityConfig) refers to main.o(i.assert_failed) for assert_failed
    at32f4xx_tim.o(i.TMR_OC3PolarityConfig) refers to main.o(i.assert_failed) for assert_failed
    at32f4xx_tim.o(i.TMR_OC3PreloadConfig) refers to main.o(i.assert_failed) for assert_failed
    at32f4xx_tim.o(i.TMR_OC4FastConfig) refers to main.o(i.assert_failed) for assert_failed
    at32f4xx_tim.o(i.TMR_OC4Init) refers to main.o(i.assert_failed) for assert_failed
    at32f4xx_tim.o(i.TMR_OC4PolarityConfig) refers to main.o(i.assert_failed) for assert_failed
    at32f4xx_tim.o(i.TMR_OC4PreloadConfig) refers to main.o(i.assert_failed) for assert_failed
    at32f4xx_tim.o(i.TMR_PWMIConfig) refers to main.o(i.assert_failed) for assert_failed
    at32f4xx_tim.o(i.TMR_PWMIConfig) refers to at32f4xx_tim.o(i.TI2_Config) for TI2_Config
    at32f4xx_tim.o(i.TMR_PWMIConfig) refers to at32f4xx_tim.o(i.TMR_SetIC2DIV) for TMR_SetIC2DIV
    at32f4xx_tim.o(i.TMR_PWMIConfig) refers to at32f4xx_tim.o(i.TI1_Config) for TI1_Config
    at32f4xx_tim.o(i.TMR_PWMIConfig) refers to at32f4xx_tim.o(i.TMR_SetIC1DIV) for TMR_SetIC1DIV
    at32f4xx_tim.o(i.TMR_Reset) refers to main.o(i.assert_failed) for assert_failed
    at32f4xx_tim.o(i.TMR_Reset) refers to at32f4xx_rcc.o(i.RCC_APB1PeriphResetCmd) for RCC_APB1PeriphResetCmd
    at32f4xx_tim.o(i.TMR_Reset) refers to at32f4xx_rcc.o(i.RCC_APB2PeriphResetCmd) for RCC_APB2PeriphResetCmd
    at32f4xx_tim.o(i.TMR_SelectCCDMA) refers to main.o(i.assert_failed) for assert_failed
    at32f4xx_tim.o(i.TMR_SelectHALL) refers to main.o(i.assert_failed) for assert_failed
    at32f4xx_tim.o(i.TMR_SelectHallSensor) refers to main.o(i.assert_failed) for assert_failed
    at32f4xx_tim.o(i.TMR_SelectInputTrigger) refers to main.o(i.assert_failed) for assert_failed
    at32f4xx_tim.o(i.TMR_SelectMasterSlaveMode) refers to main.o(i.assert_failed) for assert_failed
    at32f4xx_tim.o(i.TMR_SelectOCxM) refers to main.o(i.assert_failed) for assert_failed
    at32f4xx_tim.o(i.TMR_SelectOnePulseMode) refers to main.o(i.assert_failed) for assert_failed
    at32f4xx_tim.o(i.TMR_SelectOutputTrigger) refers to main.o(i.assert_failed) for assert_failed
    at32f4xx_tim.o(i.TMR_SelectPlusMode) refers to main.o(i.assert_failed) for assert_failed
    at32f4xx_tim.o(i.TMR_SelectSlaveMode) refers to main.o(i.assert_failed) for assert_failed
    at32f4xx_tim.o(i.TMR_SetAutoreload) refers to main.o(i.assert_failed) for assert_failed
    at32f4xx_tim.o(i.TMR_SetClockDivision) refers to main.o(i.assert_failed) for assert_failed
    at32f4xx_tim.o(i.TMR_SetCompare1) refers to main.o(i.assert_failed) for assert_failed
    at32f4xx_tim.o(i.TMR_SetCompare2) refers to main.o(i.assert_failed) for assert_failed
    at32f4xx_tim.o(i.TMR_SetCompare3) refers to main.o(i.assert_failed) for assert_failed
    at32f4xx_tim.o(i.TMR_SetCompare4) refers to main.o(i.assert_failed) for assert_failed
    at32f4xx_tim.o(i.TMR_SetCounter) refers to main.o(i.assert_failed) for assert_failed
    at32f4xx_tim.o(i.TMR_SetIC1DIV) refers to main.o(i.assert_failed) for assert_failed
    at32f4xx_tim.o(i.TMR_SetIC2DIV) refers to main.o(i.assert_failed) for assert_failed
    at32f4xx_tim.o(i.TMR_SetIC3DIV) refers to main.o(i.assert_failed) for assert_failed
    at32f4xx_tim.o(i.TMR_SetIC4DIV) refers to main.o(i.assert_failed) for assert_failed
    at32f4xx_tim.o(i.TMR_TIxExternalClockConfig) refers to main.o(i.assert_failed) for assert_failed
    at32f4xx_tim.o(i.TMR_TIxExternalClockConfig) refers to at32f4xx_tim.o(i.TI1_Config) for TI1_Config
    at32f4xx_tim.o(i.TMR_TIxExternalClockConfig) refers to at32f4xx_tim.o(i.TMR_SelectInputTrigger) for TMR_SelectInputTrigger
    at32f4xx_tim.o(i.TMR_TIxExternalClockConfig) refers to at32f4xx_tim.o(i.TI2_Config) for TI2_Config
    at32f4xx_tim.o(i.TMR_TimeBaseInit) refers to main.o(i.assert_failed) for assert_failed
    at32f4xx_tim.o(i.TMR_UpdateDisableConfig) refers to main.o(i.assert_failed) for assert_failed
    at32f4xx_tim.o(i.TMR_UpdateRequestConfig) refers to main.o(i.assert_failed) for assert_failed
    lk_ble.o(i.ble_anasys) refers to lk_ble.o(i.lk_ble_checkSum) for lk_ble_checkSum
    lk_ble.o(i.ble_anasys) refers to lk_ble.o(.bss) for .bss
    lk_ble.o(i.ble_anysys_process) refers to lk_ble.o(i.ble_anasys) for ble_anasys
    lk_ble.o(i.ble_anysys_process) refers to ringqueue.o(.data) for ringQueue_ops
    lk_ble.o(i.ble_anysys_process) refers to lk_ble.o(.bss) for .bss
    lk_ble.o(i.ble_anysys_process) refers to lk_ble.o(i.myBlefunc) for myBlefunc
    lk_ble.o(i.ble_queuePush) refers to ringqueue.o(.data) for ringQueue_ops
    lk_ble.o(i.ble_queuePush) refers to lk_ble.o(.bss) for .bss
    lk_ble.o(i.lk_ble_checkSum) refers to lk_ble.o(.bss) for .bss
    lk_ble.o(i.lk_ble_checkSum) refers to lk_ble.o(.data) for .data
    lk_ble.o(i.myBlefunc) refers to lk_ble_ops.o(.data) for mybleOps
    lk_ble.o(.data) refers to lk_ble.o(i.ble_queuePush) for ble_queuePush
    lk_ble.o(.data) refers to lk_ble.o(i.ble_anysys_process) for ble_anysys_process
    lk_ble_ops.o(i.ble_ShutDown_ack) refers to lk_ble_ops.o(i.check_sum) for check_sum
    lk_ble_ops.o(i.ble_ShutDown_ack) refers to lk_ble_ops.o(.constdata) for .constdata
    lk_ble_ops.o(i.ble_ShutDown_ack) refers to lk_ble_ops.o(.data) for .data
    lk_ble_ops.o(i.ble_deviceOpenPower_ack) refers to lk_ble_ops.o(i.check_sum) for check_sum
    lk_ble_ops.o(i.ble_deviceOpenPower_ack) refers to lk_ble_ops.o(.constdata) for .constdata
    lk_ble_ops.o(i.ble_deviceOpenPower_ack) refers to lk_ble_ops.o(.data) for .data
    lk_ble_ops.o(i.ble_heart) refers to lk_ble_ops.o(.bss) for .bss
    lk_ble_ops.o(i.ble_heart_ack) refers to lk_ble_ops.o(i.check_sum) for check_sum
    lk_ble_ops.o(i.ble_heart_ack) refers to lk_ble_ops.o(.data) for .data
    lk_ble_ops.o(i.ble_heatGears_ack) refers to lk_ble_ops.o(i.check_sum) for check_sum
    lk_ble_ops.o(i.ble_heatGears_ack) refers to lk_ble_ops.o(.constdata) for .constdata
    lk_ble_ops.o(i.ble_heatGears_ack) refers to lk_ble_ops.o(.data) for .data
    lk_ble_ops.o(i.ble_heat_gear) refers to lk_ble_ops.o(.bss) for .bss
    lk_ble_ops.o(i.ble_init) refers to lk_ble_ops.o(.data) for .data
    lk_ble_ops.o(i.ble_init) refers to lk_ble.o(.data) for ble_handle
    lk_ble_ops.o(i.ble_init) refers to lk_ble_ops.o(.bss) for .bss
    lk_ble_ops.o(i.ble_massageGears_ack) refers to lk_ble_ops.o(i.check_sum) for check_sum
    lk_ble_ops.o(i.ble_massageGears_ack) refers to lk_ble_ops.o(.constdata) for .constdata
    lk_ble_ops.o(i.ble_massageGears_ack) refers to lk_ble_ops.o(.data) for .data
    lk_ble_ops.o(i.ble_massageOver_ack) refers to lk_ble_ops.o(i.check_sum) for check_sum
    lk_ble_ops.o(i.ble_massageOver_ack) refers to lk_ble_ops.o(.constdata) for .constdata
    lk_ble_ops.o(i.ble_massageOver_ack) refers to lk_ble_ops.o(.data) for .data
    lk_ble_ops.o(i.ble_massageRuntime_ack) refers to lk_ble_ops.o(i.check_sum) for check_sum
    lk_ble_ops.o(i.ble_massageRuntime_ack) refers to lk_ble_ops.o(.constdata) for .constdata
    lk_ble_ops.o(i.ble_massageRuntime_ack) refers to lk_ble_ops.o(.bss) for .bss
    lk_ble_ops.o(i.ble_massageRuntime_ack) refers to lk_ble_ops.o(.data) for .data
    lk_ble_ops.o(i.ble_massage_gear) refers to lk_ble_ops.o(.bss) for .bss
    lk_ble_ops.o(i.ble_massage_mode) refers to lk_ble_ops.o(.bss) for .bss
    lk_ble_ops.o(i.ble_massage_over) refers to lk_ble_ops.o(.bss) for .bss
    lk_ble_ops.o(i.ble_massage_time) refers to lk_ble_ops.o(.bss) for .bss
    lk_ble_ops.o(i.ble_noAdornShutDown_ack) refers to lk_ble_ops.o(i.check_sum) for check_sum
    lk_ble_ops.o(i.ble_noAdornShutDown_ack) refers to lk_ble_ops.o(.constdata) for .constdata
    lk_ble_ops.o(i.ble_noAdornShutDown_ack) refers to lk_ble_ops.o(.data) for .data
    lk_ble_ops.o(i.ble_quitWeixing_ack) refers to lk_ble_ops.o(i.check_sum) for check_sum
    lk_ble_ops.o(i.ble_quitWeixing_ack) refers to lk_ble_ops.o(.constdata) for .constdata
    lk_ble_ops.o(i.ble_quitWeixing_ack) refers to lk_ble_ops.o(.data) for .data
    lk_ble_ops.o(i.ble_quit_weixing) refers to lk_ble_ops.o(.bss) for .bss
    lk_ble_ops.o(i.ble_shutdown) refers to lk_ble_ops.o(.bss) for .bss
    lk_ble_ops.o(.data) refers to lk_ble_ops.o(i.ble_shutdown) for ble_shutdown
    lk_ble_ops.o(.data) refers to lk_ble_ops.o(i.ble_heart) for ble_heart
    lk_ble_ops.o(.data) refers to lk_ble_ops.o(i.ble_quit_weixing) for ble_quit_weixing
    lk_ble_ops.o(.data) refers to lk_ble_ops.o(i.ble_heat_gear) for ble_heat_gear
    lk_ble_ops.o(.data) refers to lk_ble_ops.o(i.ble_massage_time) for ble_massage_time
    lk_ble_ops.o(.data) refers to lk_ble_ops.o(i.ble_massage_gear) for ble_massage_gear
    lk_ble_ops.o(.data) refers to lk_ble_ops.o(i.ble_massage_over) for ble_massage_over
    lk_ble_ops.o(.data) refers to lk_ble_ops.o(i.ble_massage_mode) for ble_massage_mode
    ringqueue.o(.data) refers to ringqueue.o(i.QueueInit) for QueueInit
    ringqueue.o(.data) refers to ringqueue.o(i.QueueLength) for QueueLength
    ringqueue.o(.data) refers to ringqueue.o(i.Queue_push) for Queue_push
    ringqueue.o(.data) refers to ringqueue.o(i.Queue_pop) for Queue_pop
    lk_433m.o(i.my433M_anasys) refers to lk_433m.o(.data) for .data
    lk_433m.o(i.my433M_anasys) refers to lk_433m.o(.bss) for .bss
    entry.o(.ARM.Collect$$$$00000000) refers (Special) to entry10a.o(.ARM.Collect$$$$0000000D) for __rt_final_cpp
    entry.o(.ARM.Collect$$$$00000000) refers (Special) to entry11a.o(.ARM.Collect$$$$0000000F) for __rt_final_exit
    entry.o(.ARM.Collect$$$$00000000) refers (Special) to entry7b.o(.ARM.Collect$$$$00000008) for _main_clock
    entry.o(.ARM.Collect$$$$00000000) refers (Special) to entry8b.o(.ARM.Collect$$$$0000000A) for _main_cpp_init
    entry.o(.ARM.Collect$$$$00000000) refers (Special) to entry9a.o(.ARM.Collect$$$$0000000B) for _main_init
    entry.o(.ARM.Collect$$$$00000000) refers (Special) to entry5.o(.ARM.Collect$$$$00000004) for _main_scatterload
    entry.o(.ARM.Collect$$$$00000000) refers (Special) to entry2.o(.ARM.Collect$$$$00000001) for _main_stk
    fmul.o(.text) refers (Special) to iusefp.o(.text) for __I$use$fp
    fdiv.o(.text) refers (Special) to iusefp.o(.text) for __I$use$fp
    fdiv.o(.text) refers to fepilogue.o(.text) for _float_round
    ffltui.o(.text) refers (Special) to iusefp.o(.text) for __I$use$fp
    ffltui.o(.text) refers to fepilogue.o(.text) for _float_epilogue
    ffixui.o(.text) refers (Special) to iusefp.o(.text) for __I$use$fp
    entry2.o(.ARM.Collect$$$$00000001) refers to entry2.o(.ARM.Collect$$$$00002712) for __lit__00000000
    entry2.o(.ARM.Collect$$$$00002712) refers to startup_at32f415rct7.o(STACK) for __initial_sp
    entry2.o(__vectab_stack_and_reset_area) refers to startup_at32f415rct7.o(STACK) for __initial_sp
    entry2.o(__vectab_stack_and_reset_area) refers to entry.o(.ARM.Collect$$$$00000000) for __main
    entry5.o(.ARM.Collect$$$$00000004) refers to init.o(.text) for __scatterload
    entry9a.o(.ARM.Collect$$$$0000000B) refers to main.o(i.main) for main
    entry9b.o(.ARM.Collect$$$$0000000C) refers to main.o(i.main) for main
    init.o(.text) refers to entry5.o(.ARM.Collect$$$$00000004) for __main_after_scatterload


==============================================================================

Removing Unused input sections from the image.

    Removing main.o(.rev16_text), (4 bytes).
    Removing main.o(.revsh_text), (4 bytes).
    Removing main.o(.rrx_text), (6 bytes).
    Removing main.o(i.lk_pwm_init), (148 bytes).
    Removing main.o(i.usart2_send), (48 bytes).
    Removing main.o(.data), (4 bytes).
    Removing main.o(.data), (4 bytes).
    Removing main.o(.data), (1 bytes).
    Removing main.o(.data), (1 bytes).
    Removing main.o(.data), (2 bytes).
    Removing main.o(.data), (4 bytes).
    Removing at32f4xx_it.o(.rev16_text), (4 bytes).
    Removing at32f4xx_it.o(.revsh_text), (4 bytes).
    Removing at32f4xx_it.o(.rrx_text), (6 bytes).
    Removing at32_board.o(.rev16_text), (4 bytes).
    Removing at32_board.o(.revsh_text), (4 bytes).
    Removing at32_board.o(.rrx_text), (6 bytes).
    Removing at32_board.o(i.AT32_BUTTON_Init), (60 bytes).
    Removing at32_board.o(i.AT32_BUTTON_Press), (96 bytes).
    Removing at32_board.o(i.AT32_BUTTON_State), (24 bytes).
    Removing at32_board.o(i.AT32_Board_Init), (58 bytes).
    Removing at32_board.o(i.AT32_LEDn_Init), (68 bytes).
    Removing at32_board.o(i.AT32_LEDn_OFF), (32 bytes).
    Removing at32_board.o(i.AT32_LEDn_ON), (32 bytes).
    Removing at32_board.o(i.AT32_LEDn_Toggle), (36 bytes).
    Removing at32_board.o(i.AT32_USB_GPIO_init), (60 bytes).
    Removing at32_board.o(i.Delay_ms), (112 bytes).
    Removing at32_board.o(i.Delay_sec), (34 bytes).
    Removing at32_board.o(i.Delay_us), (64 bytes).
    Removing at32_board.o(i.fputc), (36 bytes).
    Removing system_at32f4xx.o(.rev16_text), (4 bytes).
    Removing system_at32f4xx.o(.revsh_text), (4 bytes).
    Removing system_at32f4xx.o(.rrx_text), (6 bytes).
    Removing system_at32f4xx.o(i.SystemCoreClockUpdate), (124 bytes).
    Removing startup_at32f415rct7.o(HEAP), (512 bytes).
    Removing at32f4xx_gpio.o(.rev16_text), (4 bytes).
    Removing at32f4xx_gpio.o(.revsh_text), (4 bytes).
    Removing at32f4xx_gpio.o(.rrx_text), (6 bytes).
    Removing at32f4xx_gpio.o(i.GPIO_AFIOReset), (22 bytes).
    Removing at32f4xx_gpio.o(i.GPIO_EXTILineConfig), (212 bytes).
    Removing at32f4xx_gpio.o(i.GPIO_EventOutputCmd), (92 bytes).
    Removing at32f4xx_gpio.o(i.GPIO_EventOutputConfig), (192 bytes).
    Removing at32f4xx_gpio.o(i.GPIO_PinsLockConfig), (156 bytes).
    Removing at32f4xx_gpio.o(i.GPIO_PinsRemapConfig), (1068 bytes).
    Removing at32f4xx_gpio.o(i.GPIO_ReadInputData), (132 bytes).
    Removing at32f4xx_gpio.o(i.GPIO_ReadInputDataBit), (232 bytes).
    Removing at32f4xx_gpio.o(i.GPIO_ReadOutputData), (132 bytes).
    Removing at32f4xx_gpio.o(i.GPIO_ReadOutputDataBit), (232 bytes).
    Removing at32f4xx_gpio.o(i.GPIO_Reset), (224 bytes).
    Removing at32f4xx_gpio.o(i.GPIO_ResetBits), (144 bytes).
    Removing at32f4xx_gpio.o(i.GPIO_SetBits), (144 bytes).
    Removing at32f4xx_gpio.o(i.GPIO_Write), (132 bytes).
    Removing at32f4xx_gpio.o(i.GPIO_WriteBit), (244 bytes).
    Removing at32f4xx_rcc.o(.rev16_text), (4 bytes).
    Removing at32f4xx_rcc.o(.revsh_text), (4 bytes).
    Removing at32f4xx_rcc.o(.rrx_text), (6 bytes).
    Removing at32f4xx_rcc.o(i.RCC_ADCCLKConfig), (136 bytes).
    Removing at32f4xx_rcc.o(i.RCC_AHBCLKConfig), (128 bytes).
    Removing at32f4xx_rcc.o(i.RCC_AHBPeriphClockCmd), (124 bytes).
    Removing at32f4xx_rcc.o(i.RCC_APB1CLKConfig), (120 bytes).
    Removing at32f4xx_rcc.o(i.RCC_APB1PeriphResetCmd), (124 bytes).
    Removing at32f4xx_rcc.o(i.RCC_APB2CLKConfig), (120 bytes).
    Removing at32f4xx_rcc.o(i.RCC_APB2PeriphResetCmd), (124 bytes).
    Removing at32f4xx_rcc.o(i.RCC_BackupResetCmd), (92 bytes).
    Removing at32f4xx_rcc.o(i.RCC_CLKOUTConfig), (280 bytes).
    Removing at32f4xx_rcc.o(i.RCC_ClearFlag), (16 bytes).
    Removing at32f4xx_rcc.o(i.RCC_ClearINTPendingBit), (92 bytes).
    Removing at32f4xx_rcc.o(i.RCC_ERTCCLKCmd), (92 bytes).
    Removing at32f4xx_rcc.o(i.RCC_ERTCCLKConfig), (108 bytes).
    Removing at32f4xx_rcc.o(i.RCC_GetFlagStatus), (168 bytes).
    Removing at32f4xx_rcc.o(i.RCC_GetINTStatus), (120 bytes).
    Removing at32f4xx_rcc.o(i.RCC_GetSYSCLKSelction), (16 bytes).
    Removing at32f4xx_rcc.o(i.RCC_HSEClockFailureDetectorCmd), (92 bytes).
    Removing at32f4xx_rcc.o(i.RCC_HSEConfig), (140 bytes).
    Removing at32f4xx_rcc.o(i.RCC_HSI2USB48M), (120 bytes).
    Removing at32f4xx_rcc.o(i.RCC_HSICmd), (92 bytes).
    Removing at32f4xx_rcc.o(i.RCC_INTConfig), (120 bytes).
    Removing at32f4xx_rcc.o(i.RCC_LSEConfig), (124 bytes).
    Removing at32f4xx_rcc.o(i.RCC_LSICmd), (92 bytes).
    Removing at32f4xx_rcc.o(i.RCC_PLLCmd), (92 bytes).
    Removing at32f4xx_rcc.o(i.RCC_PLLConfig), (156 bytes).
    Removing at32f4xx_rcc.o(i.RCC_PLLconfig2), (320 bytes).
    Removing at32f4xx_rcc.o(i.RCC_Reset), (76 bytes).
    Removing at32f4xx_rcc.o(i.RCC_SYSCLKConfig), (104 bytes).
    Removing at32f4xx_rcc.o(i.RCC_SetHSICalibValue), (32 bytes).
    Removing at32f4xx_rcc.o(i.RCC_SetHSITweakValue), (100 bytes).
    Removing at32f4xx_rcc.o(i.RCC_USBCLKConfig), (132 bytes).
    Removing at32f4xx_rcc.o(i.RCC_WaitForHSEStable), (56 bytes).
    Removing at32f4xx_usart.o(.rev16_text), (4 bytes).
    Removing at32f4xx_usart.o(.revsh_text), (4 bytes).
    Removing at32f4xx_usart.o(.rrx_text), (6 bytes).
    Removing at32f4xx_usart.o(i.USART_ClearFlag), (184 bytes).
    Removing at32f4xx_usart.o(i.USART_ClearITPendingBit), (204 bytes).
    Removing at32f4xx_usart.o(i.USART_ClockInit), (216 bytes).
    Removing at32f4xx_usart.o(i.USART_ClockStructInit), (12 bytes).
    Removing at32f4xx_usart.o(i.USART_DMACmd), (176 bytes).
    Removing at32f4xx_usart.o(i.USART_GetFlagStatus), (220 bytes).
    Removing at32f4xx_usart.o(i.USART_HalfDuplexCmd), (160 bytes).
    Removing at32f4xx_usart.o(i.USART_IrDACmd), (160 bytes).
    Removing at32f4xx_usart.o(i.USART_IrDAConfig), (160 bytes).
    Removing at32f4xx_usart.o(i.USART_LINBreakDetectLengthConfig), (160 bytes).
    Removing at32f4xx_usart.o(i.USART_LINCmd), (160 bytes).
    Removing at32f4xx_usart.o(i.USART_OneBitMethodCmd), (160 bytes).
    Removing at32f4xx_usart.o(i.USART_OverSampling8Cmd), (160 bytes).
    Removing at32f4xx_usart.o(i.USART_ReceiverWakeUpCmd), (160 bytes).
    Removing at32f4xx_usart.o(i.USART_Reset), (208 bytes).
    Removing at32f4xx_usart.o(i.USART_SendBreak), (136 bytes).
    Removing at32f4xx_usart.o(i.USART_SendData), (152 bytes).
    Removing at32f4xx_usart.o(i.USART_SetAddress), (156 bytes).
    Removing at32f4xx_usart.o(i.USART_SetGuardTime), (124 bytes).
    Removing at32f4xx_usart.o(i.USART_SetPrescaler), (144 bytes).
    Removing at32f4xx_usart.o(i.USART_SmartCardCmd), (140 bytes).
    Removing at32f4xx_usart.o(i.USART_SmartCardNACKCmd), (140 bytes).
    Removing at32f4xx_usart.o(i.USART_WakeUpConfig), (160 bytes).
    Removing misc.o(.rev16_text), (4 bytes).
    Removing misc.o(.revsh_text), (4 bytes).
    Removing misc.o(.rrx_text), (6 bytes).
    Removing misc.o(i.NVIC_SetVectorTable), (116 bytes).
    Removing misc.o(i.NVIC_SystemLPConfig), (112 bytes).
    Removing at32f4xx_tim.o(.rev16_text), (4 bytes).
    Removing at32f4xx_tim.o(.revsh_text), (4 bytes).
    Removing at32f4xx_tim.o(.rrx_text), (6 bytes).
    Removing at32f4xx_tim.o(i.TMR_ARPreloadConfig), (188 bytes).
    Removing at32f4xx_tim.o(i.TMR_BRKDTConfig), (252 bytes).
    Removing at32f4xx_tim.o(i.TMR_BRKDTStructInit), (18 bytes).
    Removing at32f4xx_tim.o(i.TMR_CCPreloadControl), (156 bytes).
    Removing at32f4xx_tim.o(i.TMR_CCxCmd), (216 bytes).
    Removing at32f4xx_tim.o(i.TMR_CCxNCmd), (144 bytes).
    Removing at32f4xx_tim.o(i.TMR_ClearFlag), (176 bytes).
    Removing at32f4xx_tim.o(i.TMR_ClearOC1Ref), (152 bytes).
    Removing at32f4xx_tim.o(i.TMR_ClearOC2Ref), (160 bytes).
    Removing at32f4xx_tim.o(i.TMR_ClearOC3Ref), (152 bytes).
    Removing at32f4xx_tim.o(i.TMR_ClearOC4Ref), (160 bytes).
    Removing at32f4xx_tim.o(i.TMR_CounterModeConfig), (164 bytes).
    Removing at32f4xx_tim.o(i.TMR_CtrlPWMOutputs), (124 bytes).
    Removing at32f4xx_tim.o(i.TMR_DIVConfig), (176 bytes).
    Removing at32f4xx_tim.o(i.TMR_DMACmd), (172 bytes).
    Removing at32f4xx_tim.o(i.TMR_DMAConfig), (332 bytes).
    Removing at32f4xx_tim.o(i.TMR_ETRClockMode1Config), (216 bytes).
    Removing at32f4xx_tim.o(i.TMR_ETRClockMode2Config), (216 bytes).
    Removing at32f4xx_tim.o(i.TMR_ETRConfig), (216 bytes).
    Removing at32f4xx_tim.o(i.TMR_EncoderInterfaceConfig), (232 bytes).
    Removing at32f4xx_tim.o(i.TMR_ForcedOC1Config), (184 bytes).
    Removing at32f4xx_tim.o(i.TMR_ForcedOC2Config), (172 bytes).
    Removing at32f4xx_tim.o(i.TMR_ForcedOC3Config), (152 bytes).
    Removing at32f4xx_tim.o(i.TMR_ForcedOC4Config), (160 bytes).
    Removing at32f4xx_tim.o(i.TMR_GenerateEvent), (172 bytes).
    Removing at32f4xx_tim.o(i.TMR_GetCapture1), (156 bytes).
    Removing at32f4xx_tim.o(i.TMR_GetCapture3), (124 bytes).
    Removing at32f4xx_tim.o(i.TMR_GetCapture4), (124 bytes).
    Removing at32f4xx_tim.o(i.TMR_GetCounter), (156 bytes).
    Removing at32f4xx_tim.o(i.TMR_GetDIV), (156 bytes).
    Removing at32f4xx_tim.o(i.TMR_GetFlagStatus), (232 bytes).
    Removing at32f4xx_tim.o(i.TMR_ITRxExternalClockConfig), (176 bytes).
    Removing at32f4xx_tim.o(i.TMR_InternalClockConfig), (140 bytes).
    Removing at32f4xx_tim.o(i.TMR_OC1FastConfig), (180 bytes).
    Removing at32f4xx_tim.o(i.TMR_OC1Init), (380 bytes).
    Removing at32f4xx_tim.o(i.TMR_OC1NPolarityConfig), (116 bytes).
    Removing at32f4xx_tim.o(i.TMR_OC1PolarityConfig), (180 bytes).
    Removing at32f4xx_tim.o(i.TMR_OC1PreloadConfig), (180 bytes).
    Removing at32f4xx_tim.o(i.TMR_OC2FastConfig), (168 bytes).
    Removing at32f4xx_tim.o(i.TMR_OC2Init), (392 bytes).
    Removing at32f4xx_tim.o(i.TMR_OC2NPolarityConfig), (124 bytes).
    Removing at32f4xx_tim.o(i.TMR_OC2PolarityConfig), (168 bytes).
    Removing at32f4xx_tim.o(i.TMR_OC2PreloadConfig), (168 bytes).
    Removing at32f4xx_tim.o(i.TMR_OC3FastConfig), (152 bytes).
    Removing at32f4xx_tim.o(i.TMR_OC3Init), (376 bytes).
    Removing at32f4xx_tim.o(i.TMR_OC3NPolarityConfig), (124 bytes).
    Removing at32f4xx_tim.o(i.TMR_OC3PolarityConfig), (160 bytes).
    Removing at32f4xx_tim.o(i.TMR_OC3PreloadConfig), (152 bytes).
    Removing at32f4xx_tim.o(i.TMR_OC4FastConfig), (160 bytes).
    Removing at32f4xx_tim.o(i.TMR_OC4Init), (292 bytes).
    Removing at32f4xx_tim.o(i.TMR_OC4PolarityConfig), (160 bytes).
    Removing at32f4xx_tim.o(i.TMR_OC4PreloadConfig), (160 bytes).
    Removing at32f4xx_tim.o(i.TMR_OCStructInit), (20 bytes).
    Removing at32f4xx_tim.o(i.TMR_PWMIConfig), (236 bytes).
    Removing at32f4xx_tim.o(i.TMR_Reset), (288 bytes).
    Removing at32f4xx_tim.o(i.TMR_SelectCCDMA), (156 bytes).
    Removing at32f4xx_tim.o(i.TMR_SelectHALL), (120 bytes).
    Removing at32f4xx_tim.o(i.TMR_SelectHallSensor), (168 bytes).
    Removing at32f4xx_tim.o(i.TMR_SelectInputTrigger), (184 bytes).
    Removing at32f4xx_tim.o(i.TMR_SelectMasterSlaveMode), (164 bytes).
    Removing at32f4xx_tim.o(i.TMR_SelectOCxM), (288 bytes).
    Removing at32f4xx_tim.o(i.TMR_SelectOnePulseMode), (184 bytes).
    Removing at32f4xx_tim.o(i.TMR_SelectOutputTrigger), (188 bytes).
    Removing at32f4xx_tim.o(i.TMR_SelectPlusMode), (144 bytes).
    Removing at32f4xx_tim.o(i.TMR_SelectSlaveMode), (176 bytes).
    Removing at32f4xx_tim.o(i.TMR_SetAutoreload), (156 bytes).
    Removing at32f4xx_tim.o(i.TMR_SetClockDivision), (192 bytes).
    Removing at32f4xx_tim.o(i.TMR_SetCompare1), (156 bytes).
    Removing at32f4xx_tim.o(i.TMR_SetCompare2), (136 bytes).
    Removing at32f4xx_tim.o(i.TMR_SetCompare3), (128 bytes).
    Removing at32f4xx_tim.o(i.TMR_SetCompare4), (128 bytes).
    Removing at32f4xx_tim.o(i.TMR_SetCounter), (156 bytes).
    Removing at32f4xx_tim.o(i.TMR_TIxExternalClockConfig), (236 bytes).
    Removing at32f4xx_tim.o(i.TMR_UpdateDisableConfig), (188 bytes).
    Removing at32f4xx_tim.o(i.TMR_UpdateRequestConfig), (188 bytes).
    Removing lk_ble.o(i.ble_anasys), (64 bytes).
    Removing lk_ble.o(i.ble_anysys_process), (60 bytes).
    Removing lk_ble.o(i.ble_queuePush), (20 bytes).
    Removing lk_ble.o(i.check_connectdStatu), (2 bytes).
    Removing lk_ble.o(i.lk_ble_checkSum), (172 bytes).
    Removing lk_ble.o(i.myBlefunc), (24 bytes).
    Removing lk_ble.o(.bss), (108 bytes).
    Removing lk_ble.o(.data), (5 bytes).
    Removing lk_ble.o(.data), (1 bytes).
    Removing lk_ble.o(.data), (10 bytes).
    Removing lk_ble.o(.data), (11 bytes).
    Removing lk_ble.o(.data), (1 bytes).
    Removing lk_ble.o(.data), (1 bytes).
    Removing lk_ble.o(.data), (1 bytes).
    Removing lk_ble.o(.data), (12 bytes).
    Removing lk_ble.o(.data), (1 bytes).
    Removing lk_ble.o(.data), (1 bytes).
    Removing lk_ble_ops.o(i.ble_ShutDown_ack), (64 bytes).
    Removing lk_ble_ops.o(i.ble_deviceOpenPower_ack), (64 bytes).
    Removing lk_ble_ops.o(i.ble_heart), (44 bytes).
    Removing lk_ble_ops.o(i.ble_heart_ack), (136 bytes).
    Removing lk_ble_ops.o(i.ble_heatGears_ack), (64 bytes).
    Removing lk_ble_ops.o(i.ble_heat_gear), (24 bytes).
    Removing lk_ble_ops.o(i.ble_init), (32 bytes).
    Removing lk_ble_ops.o(i.ble_massageGears_ack), (64 bytes).
    Removing lk_ble_ops.o(i.ble_massageOver_ack), (64 bytes).
    Removing lk_ble_ops.o(i.ble_massageRuntime_ack), (68 bytes).
    Removing lk_ble_ops.o(i.ble_massage_gear), (24 bytes).
    Removing lk_ble_ops.o(i.ble_massage_mode), (16 bytes).
    Removing lk_ble_ops.o(i.ble_massage_over), (16 bytes).
    Removing lk_ble_ops.o(i.ble_massage_time), (16 bytes).
    Removing lk_ble_ops.o(i.ble_noAdornShutDown_ack), (64 bytes).
    Removing lk_ble_ops.o(i.ble_quitWeixing_ack), (64 bytes).
    Removing lk_ble_ops.o(i.ble_quit_weixing), (28 bytes).
    Removing lk_ble_ops.o(i.ble_shutdown), (12 bytes).
    Removing lk_ble_ops.o(i.check_sum), (22 bytes).
    Removing lk_ble_ops.o(i.my_strlen), (16 bytes).
    Removing lk_ble_ops.o(.constdata), (64 bytes).
    Removing lk_ble_ops.o(.data), (1 bytes).
    Removing lk_ble_ops.o(.data), (72 bytes).
    Removing lk_ble_ops.o(.data), (23 bytes).
    Removing lk_ble_ops.o(.data), (1 bytes).
    Removing ringqueue.o(i.QueueInit), (10 bytes).
    Removing ringqueue.o(i.QueueLength), (20 bytes).
    Removing ringqueue.o(i.Queue_pop), (36 bytes).
    Removing ringqueue.o(i.Queue_push), (46 bytes).
    Removing ringqueue.o(.data), (16 bytes).
    Removing lk_433m.o(.data), (2 bytes).
    Removing lk_433m.o(.data), (4 bytes).
    Removing ffixui.o(.text), (40 bytes).

247 unused section(s) (total 27861 bytes) removed from the image.

==============================================================================

Image Symbol Table

    Local Symbols

    Symbol Name                              Value     Ov Type        Size  Object(Section)

    ../clib/microlib/init/entry.s            0x00000000   Number         0  entry10b.o ABSOLUTE
    ../clib/microlib/init/entry.s            0x00000000   Number         0  entry.o ABSOLUTE
    ../clib/microlib/init/entry.s            0x00000000   Number         0  entry10a.o ABSOLUTE
    ../clib/microlib/init/entry.s            0x00000000   Number         0  entry2.o ABSOLUTE
    ../clib/microlib/init/entry.s            0x00000000   Number         0  entry5.o ABSOLUTE
    ../clib/microlib/init/entry.s            0x00000000   Number         0  entry8a.o ABSOLUTE
    ../clib/microlib/init/entry.s            0x00000000   Number         0  entry7a.o ABSOLUTE
    ../clib/microlib/init/entry.s            0x00000000   Number         0  entry9a.o ABSOLUTE
    ../clib/microlib/init/entry.s            0x00000000   Number         0  entry7b.o ABSOLUTE
    ../clib/microlib/init/entry.s            0x00000000   Number         0  entry8b.o ABSOLUTE
    ../clib/microlib/init/entry.s            0x00000000   Number         0  entry11b.o ABSOLUTE
    ../clib/microlib/init/entry.s            0x00000000   Number         0  entry9b.o ABSOLUTE
    ../clib/microlib/init/entry.s            0x00000000   Number         0  entry11a.o ABSOLUTE
    ../clib/microlib/stubs.s                 0x00000000   Number         0  iusefp.o ABSOLUTE
    ../fplib/microlib/fpdiv.c                0x00000000   Number         0  fdiv.o ABSOLUTE
    ../fplib/microlib/fpepilogue.c           0x00000000   Number         0  fepilogue.o ABSOLUTE
    ../fplib/microlib/fpfix.c                0x00000000   Number         0  ffixui.o ABSOLUTE
    ../fplib/microlib/fpflt.c                0x00000000   Number         0  ffltui.o ABSOLUTE
    ../fplib/microlib/fpmul.c                0x00000000   Number         0  fmul.o ABSOLUTE
    ..\..\..\..\app\ble\lk_ble.c             0x00000000   Number         0  lk_ble.o ABSOLUTE
    ..\..\..\..\app\ble\lk_ble_ops.c         0x00000000   Number         0  lk_ble_ops.o ABSOLUTE
    ..\..\..\..\app\queue\ringQueue.c        0x00000000   Number         0  ringqueue.o ABSOLUTE
    ..\..\..\..\driver\drv433m\lk_433m.c     0x00000000   Number         0  lk_433m.o ABSOLUTE
    ..\AT32_Board\at32_board.c               0x00000000   Number         0  at32_board.o ABSOLUTE
    ..\Libraries\AT32F4xx_StdPeriph_Driver\src\at32f4xx_gpio.c 0x00000000   Number         0  at32f4xx_gpio.o ABSOLUTE
    ..\Libraries\AT32F4xx_StdPeriph_Driver\src\at32f4xx_rcc.c 0x00000000   Number         0  at32f4xx_rcc.o ABSOLUTE
    ..\Libraries\AT32F4xx_StdPeriph_Driver\src\at32f4xx_tim.c 0x00000000   Number         0  at32f4xx_tim.o ABSOLUTE
    ..\Libraries\AT32F4xx_StdPeriph_Driver\src\at32f4xx_usart.c 0x00000000   Number         0  at32f4xx_usart.o ABSOLUTE
    ..\Libraries\AT32F4xx_StdPeriph_Driver\src\misc.c 0x00000000   Number         0  misc.o ABSOLUTE
    ..\Libraries\CMSIS\CM4\DeviceSupport\startup\mdk\startup_at32f415rct7.s 0x00000000   Number         0  startup_at32f415rct7.o ABSOLUTE
    ..\\AT32_Board\\at32_board.c             0x00000000   Number         0  at32_board.o ABSOLUTE
    ..\\Libraries\\AT32F4xx_StdPeriph_Driver\\src\\at32f4xx_gpio.c 0x00000000   Number         0  at32f4xx_gpio.o ABSOLUTE
    ..\\Libraries\\AT32F4xx_StdPeriph_Driver\\src\\at32f4xx_rcc.c 0x00000000   Number         0  at32f4xx_rcc.o ABSOLUTE
    ..\\Libraries\\AT32F4xx_StdPeriph_Driver\\src\\at32f4xx_tim.c 0x00000000   Number         0  at32f4xx_tim.o ABSOLUTE
    ..\\Libraries\\AT32F4xx_StdPeriph_Driver\\src\\at32f4xx_usart.c 0x00000000   Number         0  at32f4xx_usart.o ABSOLUTE
    ..\\Libraries\\AT32F4xx_StdPeriph_Driver\\src\\misc.c 0x00000000   Number         0  misc.o ABSOLUTE
    ..\\at32f4xx_it.c                        0x00000000   Number         0  at32f4xx_it.o ABSOLUTE
    ..\\main.c                               0x00000000   Number         0  main.o ABSOLUTE
    ..\\system_at32f4xx.c                    0x00000000   Number         0  system_at32f4xx.o ABSOLUTE
    ..\at32f4xx_it.c                         0x00000000   Number         0  at32f4xx_it.o ABSOLUTE
    ..\main.c                                0x00000000   Number         0  main.o ABSOLUTE
    ..\system_at32f4xx.c                     0x00000000   Number         0  system_at32f4xx.o ABSOLUTE
    dc.s                                     0x00000000   Number         0  dc.o ABSOLUTE
    handlers.s                               0x00000000   Number         0  handlers.o ABSOLUTE
    init.s                                   0x00000000   Number         0  init.o ABSOLUTE
    RESET                                    0x08000000   Section      368  startup_at32f415rct7.o(RESET)
    .ARM.Collect$$$$00000000                 0x08000170   Section        0  entry.o(.ARM.Collect$$$$00000000)
    .ARM.Collect$$$$00000001                 0x08000170   Section        4  entry2.o(.ARM.Collect$$$$00000001)
    .ARM.Collect$$$$00000004                 0x08000174   Section        4  entry5.o(.ARM.Collect$$$$00000004)
    .ARM.Collect$$$$00000008                 0x08000178   Section        0  entry7b.o(.ARM.Collect$$$$00000008)
    .ARM.Collect$$$$0000000A                 0x08000178   Section        0  entry8b.o(.ARM.Collect$$$$0000000A)
    .ARM.Collect$$$$0000000B                 0x08000178   Section        8  entry9a.o(.ARM.Collect$$$$0000000B)
    .ARM.Collect$$$$0000000D                 0x08000180   Section        0  entry10a.o(.ARM.Collect$$$$0000000D)
    .ARM.Collect$$$$0000000F                 0x08000180   Section        0  entry11a.o(.ARM.Collect$$$$0000000F)
    .ARM.Collect$$$$00002712                 0x08000180   Section        4  entry2.o(.ARM.Collect$$$$00002712)
    __lit__00000000                          0x08000180   Data           4  entry2.o(.ARM.Collect$$$$00002712)
    .text                                    0x08000184   Section       36  startup_at32f415rct7.o(.text)
    .text                                    0x080001a8   Section        0  fmul.o(.text)
    .text                                    0x0800020c   Section        0  fdiv.o(.text)
    .text                                    0x08000288   Section        0  ffltui.o(.text)
    .text                                    0x08000292   Section        0  iusefp.o(.text)
    .text                                    0x08000292   Section        0  fepilogue.o(.text)
    .text                                    0x08000300   Section       36  init.o(.text)
    i.BusFault_Handler                       0x08000324   Section        0  at32f4xx_it.o(i.BusFault_Handler)
    i.DebugMon_Handler                       0x08000326   Section        0  at32f4xx_it.o(i.DebugMon_Handler)
    i.Delay_init                             0x08000328   Section        0  at32_board.o(i.Delay_init)
    i.GPIO_Init                              0x08000360   Section        0  at32f4xx_gpio.o(i.GPIO_Init)
    i.GPIO_StructInit                        0x080004cc   Section        0  at32f4xx_gpio.o(i.GPIO_StructInit)
    i.HardFault_Handler                      0x080004dc   Section        0  at32f4xx_it.o(i.HardFault_Handler)
    i.MemManage_Handler                      0x080004de   Section        0  at32f4xx_it.o(i.MemManage_Handler)
    i.NMI_Handler                            0x080004e0   Section        0  at32f4xx_it.o(i.NMI_Handler)
    i.NVIC_Configuration                     0x080004e2   Section        0  main.o(i.NVIC_Configuration)
    i.NVIC_Init                              0x0800052c   Section        0  misc.o(i.NVIC_Init)
    i.NVIC_PriorityGroupConfig               0x080005f4   Section        0  misc.o(i.NVIC_PriorityGroupConfig)
    i.PendSV_Handler                         0x08000664   Section        0  at32f4xx_it.o(i.PendSV_Handler)
    i.RCC_APB1PeriphClockCmd                 0x08000668   Section        0  at32f4xx_rcc.o(i.RCC_APB1PeriphClockCmd)
    i.RCC_APB2PeriphClockCmd                 0x080006e4   Section        0  at32f4xx_rcc.o(i.RCC_APB2PeriphClockCmd)
    i.RCC_Configuration                      0x08000760   Section        0  main.o(i.RCC_Configuration)
    i.RCC_GetClocksFreq                      0x08000778   Section        0  at32f4xx_rcc.o(i.RCC_GetClocksFreq)
    i.RCC_StepModeCmd                        0x080008ec   Section        0  at32f4xx_rcc.o(i.RCC_StepModeCmd)
    i.SVC_Handler                            0x08000954   Section        0  at32f4xx_it.o(i.SVC_Handler)
    i.SetSysClockTo144M                      0x08000958   Section        0  system_at32f4xx.o(i.SetSysClockTo144M)
    SetSysClockTo144M                        0x08000959   Thumb Code   194  system_at32f4xx.o(i.SetSysClockTo144M)
    i.SysTick_CLKSourceConfig                0x08000a2c   Section        0  misc.o(i.SysTick_CLKSourceConfig)
    i.SysTick_Handler                        0x08000a88   Section        0  at32f4xx_it.o(i.SysTick_Handler)
    i.SystemInit                             0x08000a8c   Section        0  system_at32f4xx.o(i.SystemInit)
    i.TI1_Config                             0x08000b0c   Section        0  at32f4xx_tim.o(i.TI1_Config)
    TI1_Config                               0x08000b0d   Thumb Code    82  at32f4xx_tim.o(i.TI1_Config)
    i.TI2_Config                             0x08000b70   Section        0  at32f4xx_tim.o(i.TI2_Config)
    TI2_Config                               0x08000b71   Thumb Code    90  at32f4xx_tim.o(i.TI2_Config)
    i.TMR3_GLOBAL_IRQHandler                 0x08000bdc   Section        0  main.o(i.TMR3_GLOBAL_IRQHandler)
    i.TMR_ClearITPendingBit                  0x08000c48   Section        0  at32f4xx_tim.o(i.TMR_ClearITPendingBit)
    i.TMR_Cmd                                0x08000cf8   Section        0  at32f4xx_tim.o(i.TMR_Cmd)
    i.TMR_GetCapture2                        0x08000db4   Section        0  at32f4xx_tim.o(i.TMR_GetCapture2)
    i.TMR_GetINTStatus                       0x08000e3c   Section        0  at32f4xx_tim.o(i.TMR_GetINTStatus)
    i.TMR_ICInit                             0x08000f14   Section        0  at32f4xx_tim.o(i.TMR_ICInit)
    i.TMR_ICStructInit                       0x080011b0   Section        0  at32f4xx_tim.o(i.TMR_ICStructInit)
    i.TMR_INTConfig                          0x080011c0   Section        0  at32f4xx_tim.o(i.TMR_INTConfig)
    i.TMR_SetIC1DIV                          0x08001288   Section        0  at32f4xx_tim.o(i.TMR_SetIC1DIV)
    i.TMR_SetIC2DIV                          0x08001348   Section        0  at32f4xx_tim.o(i.TMR_SetIC2DIV)
    i.TMR_SetIC3DIV                          0x080013fc   Section        0  at32f4xx_tim.o(i.TMR_SetIC3DIV)
    i.TMR_SetIC4DIV                          0x080014a0   Section        0  at32f4xx_tim.o(i.TMR_SetIC4DIV)
    i.TMR_TimeBaseInit                       0x0800154c   Section        0  at32f4xx_tim.o(i.TMR_TimeBaseInit)
    i.TMR_TimeBaseStructInit                 0x08001654   Section        0  at32f4xx_tim.o(i.TMR_TimeBaseStructInit)
    i.UART_Print_Init                        0x08001668   Section        0  at32_board.o(i.UART_Print_Init)
    i.USART2_IRQHandler                      0x08001700   Section        0  main.o(i.USART2_IRQHandler)
    i.USART_Cmd                              0x0800174c   Section        0  at32f4xx_usart.o(i.USART_Cmd)
    i.USART_GetITStatus                      0x080017ec   Section        0  at32f4xx_usart.o(i.USART_GetITStatus)
    i.USART_INTConfig                        0x08001910   Section        0  at32f4xx_usart.o(i.USART_INTConfig)
    i.USART_Init                             0x08001a34   Section        0  at32f4xx_usart.o(i.USART_Init)
    i.USART_ReceiveData                      0x08001bfc   Section        0  at32f4xx_usart.o(i.USART_ReceiveData)
    i.USART_StructInit                       0x08001c80   Section        0  at32f4xx_usart.o(i.USART_StructInit)
    i.UsageFault_Handler                     0x08001c96   Section        0  at32f4xx_it.o(i.UsageFault_Handler)
    i.__scatterload_copy                     0x08001c98   Section       14  handlers.o(i.__scatterload_copy)
    i.__scatterload_null                     0x08001ca6   Section        2  handlers.o(i.__scatterload_null)
    i.__scatterload_zeroinit                 0x08001ca8   Section       14  handlers.o(i.__scatterload_zeroinit)
    i.assert_failed                          0x08001cb6   Section        0  main.o(i.assert_failed)
    i.lk_cap_init                            0x08001cb8   Section        0  main.o(i.lk_cap_init)
    i.main                                   0x08001d50   Section        0  main.o(i.main)
    i.my433M_anasys                          0x08001d70   Section        0  lk_433m.o(i.my433M_anasys)
    i.usart2_init                            0x08001e0c   Section        0  main.o(i.usart2_init)
    .data                                    0x20000000   Section       16  main.o(.data)
    .data                                    0x20000010   Section       72  at32_board.o(.data)
    Pressed                                  0x20000010   Data           1  at32_board.o(.data)
    fac_us                                   0x20000018   Data           4  at32_board.o(.data)
    fac_ms                                   0x2000001c   Data           4  at32_board.o(.data)
    .data                                    0x20000058   Section       20  system_at32f4xx.o(.data)
    .data                                    0x2000006c   Section       16  at32f4xx_rcc.o(.data)
    APBAHBPscTable                           0x2000006c   Data           8  at32f4xx_rcc.o(.data)
    ADCPscTable                              0x20000074   Data           8  at32f4xx_rcc.o(.data)
    .data                                    0x2000007c   Section       12  lk_433m.o(.data)
    .bss                                     0x20000088   Section       50  main.o(.bss)
    .bss                                     0x200000bc   Section       32  lk_ble_ops.o(.bss)
    .bss                                     0x200000dc   Section       80  lk_433m.o(.bss)
    STACK                                    0x20000130   Section     1024  startup_at32f415rct7.o(STACK)

    Global Symbols

    Symbol Name                              Value     Ov Type        Size  Object(Section)

    BuildAttributes$$THM_ISAv4$E$P$D$K$B$S$7EM$PE$A:L22UL41UL21$X:L11$S22US41US21$IEEE1$IW$USESV6$~STKCKD$USESV7$~SHL$OTIME$ROPI$EBA8$MICROLIB$REQ8$PRES8$EABIv2 0x00000000   Number         0  anon$$obj.o ABSOLUTE
    __ARM_use_no_argv                        0x00000000   Number         0  main.o ABSOLUTE
    __cpp_initialize__aeabi_                  - Undefined Weak Reference
    __cxa_finalize                            - Undefined Weak Reference
    __decompress                              - Undefined Weak Reference
    _clock_init                               - Undefined Weak Reference
    _microlib_exit                            - Undefined Weak Reference
    __Vectors_Size                           0x00000170   Number         0  startup_at32f415rct7.o ABSOLUTE
    __Vectors                                0x08000000   Data           4  startup_at32f415rct7.o(RESET)
    __Vectors_End                            0x08000170   Data           0  startup_at32f415rct7.o(RESET)
    __main                                   0x08000171   Thumb Code     0  entry.o(.ARM.Collect$$$$00000000)
    _main_stk                                0x08000171   Thumb Code     0  entry2.o(.ARM.Collect$$$$00000001)
    _main_scatterload                        0x08000175   Thumb Code     0  entry5.o(.ARM.Collect$$$$00000004)
    __main_after_scatterload                 0x08000179   Thumb Code     0  entry5.o(.ARM.Collect$$$$00000004)
    _main_clock                              0x08000179   Thumb Code     0  entry7b.o(.ARM.Collect$$$$00000008)
    _main_cpp_init                           0x08000179   Thumb Code     0  entry8b.o(.ARM.Collect$$$$0000000A)
    _main_init                               0x08000179   Thumb Code     0  entry9a.o(.ARM.Collect$$$$0000000B)
    __rt_final_cpp                           0x08000181   Thumb Code     0  entry10a.o(.ARM.Collect$$$$0000000D)
    __rt_final_exit                          0x08000181   Thumb Code     0  entry11a.o(.ARM.Collect$$$$0000000F)
    Reset_Handler                            0x08000185   Thumb Code     8  startup_at32f415rct7.o(.text)
    ACC_IRQHandler                           0x0800019f   Thumb Code     0  startup_at32f415rct7.o(.text)
    ADC1_2_IRQHandler                        0x0800019f   Thumb Code     0  startup_at32f415rct7.o(.text)
    CAN1_RX0_IRQHandler                      0x0800019f   Thumb Code     0  startup_at32f415rct7.o(.text)
    CAN1_RX1_IRQHandler                      0x0800019f   Thumb Code     0  startup_at32f415rct7.o(.text)
    CAN1_SCE_IRQHandler                      0x0800019f   Thumb Code     0  startup_at32f415rct7.o(.text)
    CAN1_TX_IRQHandler                       0x0800019f   Thumb Code     0  startup_at32f415rct7.o(.text)
    COMP1_IRQHandler                         0x0800019f   Thumb Code     0  startup_at32f415rct7.o(.text)
    COMP2_IRQHandler                         0x0800019f   Thumb Code     0  startup_at32f415rct7.o(.text)
    DMA1_Channel1_IRQHandler                 0x0800019f   Thumb Code     0  startup_at32f415rct7.o(.text)
    DMA1_Channel2_IRQHandler                 0x0800019f   Thumb Code     0  startup_at32f415rct7.o(.text)
    DMA1_Channel3_IRQHandler                 0x0800019f   Thumb Code     0  startup_at32f415rct7.o(.text)
    DMA1_Channel4_IRQHandler                 0x0800019f   Thumb Code     0  startup_at32f415rct7.o(.text)
    DMA1_Channel5_IRQHandler                 0x0800019f   Thumb Code     0  startup_at32f415rct7.o(.text)
    DMA1_Channel6_IRQHandler                 0x0800019f   Thumb Code     0  startup_at32f415rct7.o(.text)
    DMA1_Channel7_IRQHandler                 0x0800019f   Thumb Code     0  startup_at32f415rct7.o(.text)
    DMA2_Channel1_IRQHandler                 0x0800019f   Thumb Code     0  startup_at32f415rct7.o(.text)
    DMA2_Channel2_IRQHandler                 0x0800019f   Thumb Code     0  startup_at32f415rct7.o(.text)
    DMA2_Channel3_IRQHandler                 0x0800019f   Thumb Code     0  startup_at32f415rct7.o(.text)
    DMA2_Channel4_5_IRQHandler               0x0800019f   Thumb Code     0  startup_at32f415rct7.o(.text)
    DMA2_Channel6_7_IRQHandler               0x0800019f   Thumb Code     0  startup_at32f415rct7.o(.text)
    ERTCAlarm_IRQHandler                     0x0800019f   Thumb Code     0  startup_at32f415rct7.o(.text)
    ERTC_WKUP_IRQHandler                     0x0800019f   Thumb Code     0  startup_at32f415rct7.o(.text)
    EXTI0_IRQHandler                         0x0800019f   Thumb Code     0  startup_at32f415rct7.o(.text)
    EXTI15_10_IRQHandler                     0x0800019f   Thumb Code     0  startup_at32f415rct7.o(.text)
    EXTI1_IRQHandler                         0x0800019f   Thumb Code     0  startup_at32f415rct7.o(.text)
    EXTI2_IRQHandler                         0x0800019f   Thumb Code     0  startup_at32f415rct7.o(.text)
    EXTI3_IRQHandler                         0x0800019f   Thumb Code     0  startup_at32f415rct7.o(.text)
    EXTI4_IRQHandler                         0x0800019f   Thumb Code     0  startup_at32f415rct7.o(.text)
    EXTI9_5_IRQHandler                       0x0800019f   Thumb Code     0  startup_at32f415rct7.o(.text)
    FLASH_IRQHandler                         0x0800019f   Thumb Code     0  startup_at32f415rct7.o(.text)
    I2C1_ER_IRQHandler                       0x0800019f   Thumb Code     0  startup_at32f415rct7.o(.text)
    I2C1_EV_IRQHandler                       0x0800019f   Thumb Code     0  startup_at32f415rct7.o(.text)
    I2C2_ER_IRQHandler                       0x0800019f   Thumb Code     0  startup_at32f415rct7.o(.text)
    I2C2_EV_IRQHandler                       0x0800019f   Thumb Code     0  startup_at32f415rct7.o(.text)
    PVD_IRQHandler                           0x0800019f   Thumb Code     0  startup_at32f415rct7.o(.text)
    RCC_IRQHandler                           0x0800019f   Thumb Code     0  startup_at32f415rct7.o(.text)
    SDIO_IRQHandler                          0x0800019f   Thumb Code     0  startup_at32f415rct7.o(.text)
    SPI1_IRQHandler                          0x0800019f   Thumb Code     0  startup_at32f415rct7.o(.text)
    SPI2_IRQHandler                          0x0800019f   Thumb Code     0  startup_at32f415rct7.o(.text)
    TAMP_STAMP_IRQHandler                    0x0800019f   Thumb Code     0  startup_at32f415rct7.o(.text)
    TMR1_BRK_TMR9_IRQHandler                 0x0800019f   Thumb Code     0  startup_at32f415rct7.o(.text)
    TMR1_CC_IRQHandler                       0x0800019f   Thumb Code     0  startup_at32f415rct7.o(.text)
    TMR1_OV_TMR10_IRQHandler                 0x0800019f   Thumb Code     0  startup_at32f415rct7.o(.text)
    TMR1_TRG_HALL_TMR11_IRQHandler           0x0800019f   Thumb Code     0  startup_at32f415rct7.o(.text)
    TMR2_GLOBAL_IRQHandler                   0x0800019f   Thumb Code     0  startup_at32f415rct7.o(.text)
    TMR4_GLOBAL_IRQHandler                   0x0800019f   Thumb Code     0  startup_at32f415rct7.o(.text)
    TMR5_GLOBAL_IRQHandler                   0x0800019f   Thumb Code     0  startup_at32f415rct7.o(.text)
    UART4_IRQHandler                         0x0800019f   Thumb Code     0  startup_at32f415rct7.o(.text)
    UART5_IRQHandler                         0x0800019f   Thumb Code     0  startup_at32f415rct7.o(.text)
    USART1_IRQHandler                        0x0800019f   Thumb Code     0  startup_at32f415rct7.o(.text)
    USART3_IRQHandler                        0x0800019f   Thumb Code     0  startup_at32f415rct7.o(.text)
    USBOTG_IRQHandler                        0x0800019f   Thumb Code     0  startup_at32f415rct7.o(.text)
    USBWakeUp_IRQHandler                     0x0800019f   Thumb Code     0  startup_at32f415rct7.o(.text)
    WWDG_IRQHandler                          0x0800019f   Thumb Code     0  startup_at32f415rct7.o(.text)
    __aeabi_fmul                             0x080001a9   Thumb Code   100  fmul.o(.text)
    __aeabi_fdiv                             0x0800020d   Thumb Code   124  fdiv.o(.text)
    __aeabi_ui2f                             0x08000289   Thumb Code    10  ffltui.o(.text)
    __I$use$fp                               0x08000293   Thumb Code     0  iusefp.o(.text)
    _float_round                             0x08000293   Thumb Code    18  fepilogue.o(.text)
    _float_epilogue                          0x080002a5   Thumb Code    92  fepilogue.o(.text)
    __scatterload                            0x08000301   Thumb Code    28  init.o(.text)
    __scatterload_rt2                        0x08000301   Thumb Code     0  init.o(.text)
    BusFault_Handler                         0x08000325   Thumb Code     2  at32f4xx_it.o(i.BusFault_Handler)
    DebugMon_Handler                         0x08000327   Thumb Code     2  at32f4xx_it.o(i.DebugMon_Handler)
    Delay_init                               0x08000329   Thumb Code    40  at32_board.o(i.Delay_init)
    GPIO_Init                                0x08000361   Thumb Code   282  at32f4xx_gpio.o(i.GPIO_Init)
    GPIO_StructInit                          0x080004cd   Thumb Code    16  at32f4xx_gpio.o(i.GPIO_StructInit)
    HardFault_Handler                        0x080004dd   Thumb Code     2  at32f4xx_it.o(i.HardFault_Handler)
    MemManage_Handler                        0x080004df   Thumb Code     2  at32f4xx_it.o(i.MemManage_Handler)
    NMI_Handler                              0x080004e1   Thumb Code     2  at32f4xx_it.o(i.NMI_Handler)
    NVIC_Configuration                       0x080004e3   Thumb Code    72  main.o(i.NVIC_Configuration)
    NVIC_Init                                0x0800052d   Thumb Code   142  misc.o(i.NVIC_Init)
    NVIC_PriorityGroupConfig                 0x080005f5   Thumb Code    52  misc.o(i.NVIC_PriorityGroupConfig)
    PendSV_Handler                           0x08000665   Thumb Code     2  at32f4xx_it.o(i.PendSV_Handler)
    RCC_APB1PeriphClockCmd                   0x08000669   Thumb Code    56  at32f4xx_rcc.o(i.RCC_APB1PeriphClockCmd)
    RCC_APB2PeriphClockCmd                   0x080006e5   Thumb Code    56  at32f4xx_rcc.o(i.RCC_APB2PeriphClockCmd)
    RCC_Configuration                        0x08000761   Thumb Code    22  main.o(i.RCC_Configuration)
    RCC_GetClocksFreq                        0x08000779   Thumb Code   348  at32f4xx_rcc.o(i.RCC_GetClocksFreq)
    RCC_StepModeCmd                          0x080008ed   Thumb Code    38  at32f4xx_rcc.o(i.RCC_StepModeCmd)
    SVC_Handler                              0x08000955   Thumb Code     2  at32f4xx_it.o(i.SVC_Handler)
    SysTick_CLKSourceConfig                  0x08000a2d   Thumb Code    40  misc.o(i.SysTick_CLKSourceConfig)
    SysTick_Handler                          0x08000a89   Thumb Code     2  at32f4xx_it.o(i.SysTick_Handler)
    SystemInit                               0x08000a8d   Thumb Code   100  system_at32f4xx.o(i.SystemInit)
    TMR3_GLOBAL_IRQHandler                   0x08000bdd   Thumb Code   100  main.o(i.TMR3_GLOBAL_IRQHandler)
    TMR_ClearITPendingBit                    0x08000c49   Thumb Code    86  at32f4xx_tim.o(i.TMR_ClearITPendingBit)
    TMR_Cmd                                  0x08000cf9   Thumb Code    98  at32f4xx_tim.o(i.TMR_Cmd)
    TMR_GetCapture2                          0x08000db5   Thumb Code    54  at32f4xx_tim.o(i.TMR_GetCapture2)
    TMR_GetINTStatus                         0x08000e3d   Thumb Code   128  at32f4xx_tim.o(i.TMR_GetINTStatus)
    TMR_ICInit                               0x08000f15   Thumb Code   578  at32f4xx_tim.o(i.TMR_ICInit)
    TMR_ICStructInit                         0x080011b1   Thumb Code    16  at32f4xx_tim.o(i.TMR_ICStructInit)
    TMR_INTConfig                            0x080011c1   Thumb Code   112  at32f4xx_tim.o(i.TMR_INTConfig)
    TMR_SetIC1DIV                            0x08001289   Thumb Code   104  at32f4xx_tim.o(i.TMR_SetIC1DIV)
    TMR_SetIC2DIV                            0x08001349   Thumb Code   100  at32f4xx_tim.o(i.TMR_SetIC2DIV)
    TMR_SetIC3DIV                            0x080013fd   Thumb Code    86  at32f4xx_tim.o(i.TMR_SetIC3DIV)
    TMR_SetIC4DIV                            0x080014a1   Thumb Code    94  at32f4xx_tim.o(i.TMR_SetIC4DIV)
    TMR_TimeBaseInit                         0x0800154d   Thumb Code   176  at32f4xx_tim.o(i.TMR_TimeBaseInit)
    TMR_TimeBaseStructInit                   0x08001655   Thumb Code    18  at32f4xx_tim.o(i.TMR_TimeBaseStructInit)
    UART_Print_Init                          0x08001669   Thumb Code   144  at32_board.o(i.UART_Print_Init)
    USART2_IRQHandler                        0x08001701   Thumb Code    60  main.o(i.USART2_IRQHandler)
    USART_Cmd                                0x0800174d   Thumb Code    80  at32f4xx_usart.o(i.USART_Cmd)
    USART_GetITStatus                        0x080017ed   Thumb Code   212  at32f4xx_usart.o(i.USART_GetITStatus)
    USART_INTConfig                          0x08001911   Thumb Code   210  at32f4xx_usart.o(i.USART_INTConfig)
    USART_Init                               0x08001a35   Thumb Code   370  at32f4xx_usart.o(i.USART_Init)
    USART_ReceiveData                        0x08001bfd   Thumb Code    52  at32f4xx_usart.o(i.USART_ReceiveData)
    USART_StructInit                         0x08001c81   Thumb Code    22  at32f4xx_usart.o(i.USART_StructInit)
    UsageFault_Handler                       0x08001c97   Thumb Code     2  at32f4xx_it.o(i.UsageFault_Handler)
    __scatterload_copy                       0x08001c99   Thumb Code    14  handlers.o(i.__scatterload_copy)
    __scatterload_null                       0x08001ca7   Thumb Code     2  handlers.o(i.__scatterload_null)
    __scatterload_zeroinit                   0x08001ca9   Thumb Code    14  handlers.o(i.__scatterload_zeroinit)
    assert_failed                            0x08001cb7   Thumb Code     2  main.o(i.assert_failed)
    lk_cap_init                              0x08001cb9   Thumb Code   136  main.o(i.lk_cap_init)
    main                                     0x08001d51   Thumb Code    30  main.o(i.main)
    my433M_anasys                            0x08001d71   Thumb Code   148  lk_433m.o(i.my433M_anasys)
    usart2_init                              0x08001e0d   Thumb Code   120  main.o(i.usart2_init)
    Region$$Table$$Base                      0x08001e8c   Number         0  anon$$obj.o(Region$$Table)
    Region$$Table$$Limit                     0x08001eac   Number         0  anon$$obj.o(Region$$Table)
    IC3ReadValue1                            0x20000000   Data           2  main.o(.data)
    IC3ReadValue2                            0x20000002   Data           2  main.o(.data)
    CaptureNumber                            0x20000004   Data           2  main.o(.data)
    rxta                                     0x20000006   Data           2  main.o(.data)
    Capture                                  0x20000008   Data           4  main.o(.data)
    cnt                                      0x2000000c   Data           4  main.o(.data)
    BUTTON_GPIO_PIN                          0x20000012   Data           4  at32_board.o(.data)
    LED_GPIO_PIN                             0x20000020   Data           8  at32_board.o(.data)
    BUTTON_GPIO_PORT                         0x20000028   Data           8  at32_board.o(.data)
    BUTTON_GPIO_RCC_CLK                      0x20000030   Data           8  at32_board.o(.data)
    LED_GPIO_PORT                            0x20000038   Data          16  at32_board.o(.data)
    LED_GPIO_RCC_CLK                         0x20000048   Data          16  at32_board.o(.data)
    SystemCoreClock                          0x20000058   Data           4  system_at32f4xx.o(.data)
    AHBPscTable                              0x2000005c   Data          16  system_at32f4xx.o(.data)
    remoteStatu                              0x2000007c   Data           1  lk_433m.o(.data)
    ifComplete                               0x2000007d   Data           1  lk_433m.o(.data)
    revData                                  0x2000007e   Data           2  lk_433m.o(.data)
    revSize                                  0x20000080   Data           2  lk_433m.o(.data)
    Cnt                                      0x20000084   Data           4  lk_433m.o(.data)
    rxbuf                                    0x20000088   Data          50  main.o(.bss)
    frameHandle                              0x200000bc   Data          32  lk_ble_ops.o(.bss)
    testValue                                0x200000dc   Data          80  lk_433m.o(.bss)
    __initial_sp                             0x20000530   Data           0  startup_at32f415rct7.o(STACK)



==============================================================================

Memory Map of the image

  Image Entry point : 0x08000171

  Load Region LR_IROM1 (Base: 0x08000000, Size: 0x00001f34, Max: 0x00040000, ABSOLUTE)

    Execution Region ER_IROM1 (Exec base: 0x08000000, Load base: 0x08000000, Size: 0x00001eac, Max: 0x00040000, ABSOLUTE)

    Exec Addr    Load Addr    Size         Type   Attr      Idx    E Section Name        Object

    0x08000000   0x08000000   0x00000170   Data   RO          449    RESET               startup_at32f415rct7.o
    0x08000170   0x08000170   0x00000000   Code   RO         1861  * .ARM.Collect$$$$00000000  mc_w.l(entry.o)
    0x08000170   0x08000170   0x00000004   Code   RO         1872    .ARM.Collect$$$$00000001  mc_w.l(entry2.o)
    0x08000174   0x08000174   0x00000004   Code   RO         1875    .ARM.Collect$$$$00000004  mc_w.l(entry5.o)
    0x08000178   0x08000178   0x00000000   Code   RO         1877    .ARM.Collect$$$$00000008  mc_w.l(entry7b.o)
    0x08000178   0x08000178   0x00000000   Code   RO         1879    .ARM.Collect$$$$0000000A  mc_w.l(entry8b.o)
    0x08000178   0x08000178   0x00000008   Code   RO         1880    .ARM.Collect$$$$0000000B  mc_w.l(entry9a.o)
    0x08000180   0x08000180   0x00000000   Code   RO         1882    .ARM.Collect$$$$0000000D  mc_w.l(entry10a.o)
    0x08000180   0x08000180   0x00000000   Code   RO         1884    .ARM.Collect$$$$0000000F  mc_w.l(entry11a.o)
    0x08000180   0x08000180   0x00000004   Code   RO         1873    .ARM.Collect$$$$00002712  mc_w.l(entry2.o)
    0x08000184   0x08000184   0x00000024   Code   RO          450    .text               startup_at32f415rct7.o
    0x080001a8   0x080001a8   0x00000064   Code   RO         1864    .text               mf_w.l(fmul.o)
    0x0800020c   0x0800020c   0x0000007c   Code   RO         1866    .text               mf_w.l(fdiv.o)
    0x08000288   0x08000288   0x0000000a   Code   RO         1868    .text               mf_w.l(ffltui.o)
    0x08000292   0x08000292   0x00000000   Code   RO         1886    .text               mc_w.l(iusefp.o)
    0x08000292   0x08000292   0x0000006e   Code   RO         1887    .text               mf_w.l(fepilogue.o)
    0x08000300   0x08000300   0x00000024   Code   RO         1889    .text               mc_w.l(init.o)
    0x08000324   0x08000324   0x00000002   Code   RO          224    i.BusFault_Handler  at32f4xx_it.o
    0x08000326   0x08000326   0x00000002   Code   RO          225    i.DebugMon_Handler  at32f4xx_it.o
    0x08000328   0x08000328   0x00000038   Code   RO          308    i.Delay_init        at32_board.o
    0x08000360   0x08000360   0x0000016c   Code   RO          461    i.GPIO_Init         at32f4xx_gpio.o
    0x080004cc   0x080004cc   0x00000010   Code   RO          471    i.GPIO_StructInit   at32f4xx_gpio.o
    0x080004dc   0x080004dc   0x00000002   Code   RO          226    i.HardFault_Handler  at32f4xx_it.o
    0x080004de   0x080004de   0x00000002   Code   RO          227    i.MemManage_Handler  at32f4xx_it.o
    0x080004e0   0x080004e0   0x00000002   Code   RO          228    i.NMI_Handler       at32f4xx_it.o
    0x080004e2   0x080004e2   0x00000048   Code   RO            4    i.NVIC_Configuration  main.o
    0x0800052a   0x0800052a   0x00000002   PAD
    0x0800052c   0x0800052c   0x000000c8   Code   RO         1009    i.NVIC_Init         misc.o
    0x080005f4   0x080005f4   0x00000070   Code   RO         1010    i.NVIC_PriorityGroupConfig  misc.o
    0x08000664   0x08000664   0x00000002   Code   RO          229    i.PendSV_Handler    at32f4xx_it.o
    0x08000666   0x08000666   0x00000002   PAD
    0x08000668   0x08000668   0x0000007c   Code   RO          585    i.RCC_APB1PeriphClockCmd  at32f4xx_rcc.o
    0x080006e4   0x080006e4   0x0000007c   Code   RO          588    i.RCC_APB2PeriphClockCmd  at32f4xx_rcc.o
    0x08000760   0x08000760   0x00000016   Code   RO            5    i.RCC_Configuration  main.o
    0x08000776   0x08000776   0x00000002   PAD
    0x08000778   0x08000778   0x00000174   Code   RO          596    i.RCC_GetClocksFreq  at32f4xx_rcc.o
    0x080008ec   0x080008ec   0x00000068   Code   RO          614    i.RCC_StepModeCmd   at32f4xx_rcc.o
    0x08000954   0x08000954   0x00000002   Code   RO          230    i.SVC_Handler       at32f4xx_it.o
    0x08000956   0x08000956   0x00000002   PAD
    0x08000958   0x08000958   0x000000d4   Code   RO          409    i.SetSysClockTo144M  system_at32f4xx.o
    0x08000a2c   0x08000a2c   0x0000005c   Code   RO         1013    i.SysTick_CLKSourceConfig  misc.o
    0x08000a88   0x08000a88   0x00000002   Code   RO          231    i.SysTick_Handler   at32f4xx_it.o
    0x08000a8a   0x08000a8a   0x00000002   PAD
    0x08000a8c   0x08000a8c   0x00000080   Code   RO          411    i.SystemInit        system_at32f4xx.o
    0x08000b0c   0x08000b0c   0x00000064   Code   RO         1057    i.TI1_Config        at32f4xx_tim.o
    0x08000b70   0x08000b70   0x0000006c   Code   RO         1058    i.TI2_Config        at32f4xx_tim.o
    0x08000bdc   0x08000bdc   0x0000006c   Code   RO            6    i.TMR3_GLOBAL_IRQHandler  main.o
    0x08000c48   0x08000c48   0x000000b0   Code   RO         1066    i.TMR_ClearITPendingBit  at32f4xx_tim.o
    0x08000cf8   0x08000cf8   0x000000bc   Code   RO         1071    i.TMR_Cmd           at32f4xx_tim.o
    0x08000db4   0x08000db4   0x00000088   Code   RO         1087    i.TMR_GetCapture2   at32f4xx_tim.o
    0x08000e3c   0x08000e3c   0x000000d8   Code   RO         1093    i.TMR_GetINTStatus  at32f4xx_tim.o
    0x08000f14   0x08000f14   0x0000029c   Code   RO         1094    i.TMR_ICInit        at32f4xx_tim.o
    0x080011b0   0x080011b0   0x00000010   Code   RO         1095    i.TMR_ICStructInit  at32f4xx_tim.o
    0x080011c0   0x080011c0   0x000000c8   Code   RO         1096    i.TMR_INTConfig     at32f4xx_tim.o
    0x08001288   0x08001288   0x000000c0   Code   RO         1138    i.TMR_SetIC1DIV     at32f4xx_tim.o
    0x08001348   0x08001348   0x000000b4   Code   RO         1139    i.TMR_SetIC2DIV     at32f4xx_tim.o
    0x080013fc   0x080013fc   0x000000a4   Code   RO         1140    i.TMR_SetIC3DIV     at32f4xx_tim.o
    0x080014a0   0x080014a0   0x000000ac   Code   RO         1141    i.TMR_SetIC4DIV     at32f4xx_tim.o
    0x0800154c   0x0800154c   0x00000108   Code   RO         1143    i.TMR_TimeBaseInit  at32f4xx_tim.o
    0x08001654   0x08001654   0x00000012   Code   RO         1144    i.TMR_TimeBaseStructInit  at32f4xx_tim.o
    0x08001666   0x08001666   0x00000002   PAD
    0x08001668   0x08001668   0x00000098   Code   RO          312    i.UART_Print_Init   at32_board.o
    0x08001700   0x08001700   0x0000004c   Code   RO            7    i.USART2_IRQHandler  main.o
    0x0800174c   0x0800174c   0x000000a0   Code   RO          821    i.USART_Cmd         at32f4xx_usart.o
    0x080017ec   0x080017ec   0x00000124   Code   RO          824    i.USART_GetITStatus  at32f4xx_usart.o
    0x08001910   0x08001910   0x00000124   Code   RO          826    i.USART_INTConfig   at32f4xx_usart.o
    0x08001a34   0x08001a34   0x000001c8   Code   RO          827    i.USART_Init        at32f4xx_usart.o
    0x08001bfc   0x08001bfc   0x00000084   Code   RO          834    i.USART_ReceiveData  at32f4xx_usart.o
    0x08001c80   0x08001c80   0x00000016   Code   RO          844    i.USART_StructInit  at32f4xx_usart.o
    0x08001c96   0x08001c96   0x00000002   Code   RO          232    i.UsageFault_Handler  at32f4xx_it.o
    0x08001c98   0x08001c98   0x0000000e   Code   RO         1893    i.__scatterload_copy  mc_w.l(handlers.o)
    0x08001ca6   0x08001ca6   0x00000002   Code   RO         1894    i.__scatterload_null  mc_w.l(handlers.o)
    0x08001ca8   0x08001ca8   0x0000000e   Code   RO         1895    i.__scatterload_zeroinit  mc_w.l(handlers.o)
    0x08001cb6   0x08001cb6   0x00000002   Code   RO            8    i.assert_failed     main.o
    0x08001cb8   0x08001cb8   0x00000098   Code   RO            9    i.lk_cap_init       main.o
    0x08001d50   0x08001d50   0x0000001e   Code   RO           11    i.main              main.o
    0x08001d6e   0x08001d6e   0x00000002   PAD
    0x08001d70   0x08001d70   0x0000009c   Code   RO         1840    i.my433M_anasys     lk_433m.o
    0x08001e0c   0x08001e0c   0x00000080   Code   RO           12    i.usart2_init       main.o
    0x08001e8c   0x08001e8c   0x00000020   Data   RO         1891    Region$$Table       anon$$obj.o


    Execution Region RW_IRAM1 (Exec base: 0x20000000, Load base: 0x08001eac, Size: 0x00000530, Max: 0x00008000, ABSOLUTE)

    Exec Addr    Load Addr    Size         Type   Attr      Idx    E Section Name        Object

    0x20000000   0x08001eac   0x00000010   Data   RW           15    .data               main.o
    0x20000010   0x08001ebc   0x00000048   Data   RW          314    .data               at32_board.o
    0x20000058   0x08001f04   0x00000014   Data   RW          412    .data               system_at32f4xx.o
    0x2000006c   0x08001f18   0x00000010   Data   RW          617    .data               at32f4xx_rcc.o
    0x2000007c   0x08001f28   0x0000000c   Data   RW         1842    .data               lk_433m.o
    0x20000088        -       0x00000032   Zero   RW           14    .bss                main.o
    0x200000ba   0x08001f34   0x00000002   PAD
    0x200000bc        -       0x00000020   Zero   RW         1688    .bss                lk_ble_ops.o
    0x200000dc        -       0x00000050   Zero   RW         1841    .bss                lk_433m.o
    0x2000012c   0x08001f34   0x00000004   PAD
    0x20000130        -       0x00000400   Zero   RW          447    STACK               startup_at32f415rct7.o


==============================================================================

Image component sizes


      Code (inc. data)   RO Data    RW Data    ZI Data      Debug   Object Name

       208         24          0         72          0       2820   at32_board.o
       380         82          0          0          0       2614   at32f4xx_gpio.o
        18          0          0          0          0       3606   at32f4xx_it.o
       724        232          0         16          0       5276   at32f4xx_rcc.o
      2798        976          0          0          0      12067   at32f4xx_tim.o
      1354        408          0          0          0       6362   at32f4xx_usart.o
       156          8          0         12         80       1851   lk_433m.o
         0          0          0          0         32       2510   lk_ble_ops.o
       590         48          0         16         50     287272   main.o
       404        170          0          0          0       2297   misc.o
        36          8        368          0       1024        864   startup_at32f415rct7.o
       340         46          0         20          0       1771   system_at32f4xx.o

    ----------------------------------------------------------------------
      7022       2002        400        136       1192     329310   Object Totals
         0          0         32          0          0          0   (incl. Generated)
        14          0          0          0          6          0   (incl. Padding)

    ----------------------------------------------------------------------

      Code (inc. data)   RO Data    RW Data    ZI Data      Debug   Library Member Name

         0          0          0          0          0          0   entry.o
         0          0          0          0          0          0   entry10a.o
         0          0          0          0          0          0   entry11a.o
         8          4          0          0          0          0   entry2.o
         4          0          0          0          0          0   entry5.o
         0          0          0          0          0          0   entry7b.o
         0          0          0          0          0          0   entry8b.o
         8          4          0          0          0          0   entry9a.o
        30          0          0          0          0          0   handlers.o
        36          8          0          0          0         68   init.o
         0          0          0          0          0          0   iusefp.o
       124          0          0          0          0         88   fdiv.o
       110          0          0          0          0        168   fepilogue.o
        10          0          0          0          0         68   ffltui.o
       100          0          0          0          0         76   fmul.o

    ----------------------------------------------------------------------
       430         16          0          0          0        468   Library Totals
         0          0          0          0          0          0   (incl. Padding)

    ----------------------------------------------------------------------

      Code (inc. data)   RO Data    RW Data    ZI Data      Debug   Library Name

        86         16          0          0          0         68   mc_w.l
       344          0          0          0          0        400   mf_w.l

    ----------------------------------------------------------------------
       430         16          0          0          0        468   Library Totals

    ----------------------------------------------------------------------

==============================================================================


      Code (inc. data)   RO Data    RW Data    ZI Data      Debug   

      7452       2018        400        136       1192     327226   Grand Totals
      7452       2018        400        136       1192     327226   ELF Image Totals
      7452       2018        400        136          0          0   ROM Totals

==============================================================================

    Total RO  Size (Code + RO Data)                 7852 (   7.67kB)
    Total RW  Size (RW Data + ZI Data)              1328 (   1.30kB)
    Total ROM Size (Code + RO Data + RW Data)       7988 (   7.80kB)

==============================================================================

