Component: ARM Compiler 5.06 update 6 (build 750) Tool: armlink [4d35ed]

==============================================================================

Section Cross References

    main.o(i.TMR1_BRK_TMR9_IRQHandler) refers to lk_task.o(i.task_1ms_callBack) for task_1ms_callBack
    main.o(i.main) refers to lk_task.o(i.Delay_init) for Delay_init
    main.o(i.main) refers to lk_task.o(i.lk_task_init) for lk_task_init
    main.o(i.main) refers to lk_ble_ops.o(.bss) for frameHandle
    main.o(i.main) refers to main.o(.data) for .data
    system_at32f4xx.o(i.SetSysClockTo144MHSI) refers to at32f4xx_rcc.o(i.RCC_StepModeCmd) for RCC_StepModeCmd
    system_at32f4xx.o(i.SystemCoreClockUpdate) refers to system_at32f4xx.o(.data) for .data
    system_at32f4xx.o(i.SystemInit) refers to at32f4xx_rcc.o(i.RCC_APB1PeriphClockCmd) for RCC_APB1PeriphClockCmd
    system_at32f4xx.o(i.SystemInit) refers to system_at32f4xx.o(i.SetSysClockTo144MHSI) for SetSysClockTo144MHSI
    startup_at32f415rct7.o(RESET) refers to startup_at32f415rct7.o(STACK) for __initial_sp
    startup_at32f415rct7.o(RESET) refers to startup_at32f415rct7.o(.text) for Reset_Handler
    startup_at32f415rct7.o(RESET) refers to at32f4xx_it.o(i.NMI_Handler) for NMI_Handler
    startup_at32f415rct7.o(RESET) refers to at32f4xx_it.o(i.HardFault_Handler) for HardFault_Handler
    startup_at32f415rct7.o(RESET) refers to at32f4xx_it.o(i.MemManage_Handler) for MemManage_Handler
    startup_at32f415rct7.o(RESET) refers to at32f4xx_it.o(i.BusFault_Handler) for BusFault_Handler
    startup_at32f415rct7.o(RESET) refers to at32f4xx_it.o(i.UsageFault_Handler) for UsageFault_Handler
    startup_at32f415rct7.o(RESET) refers to at32f4xx_it.o(i.SVC_Handler) for SVC_Handler
    startup_at32f415rct7.o(RESET) refers to at32f4xx_it.o(i.DebugMon_Handler) for DebugMon_Handler
    startup_at32f415rct7.o(RESET) refers to at32f4xx_it.o(i.PendSV_Handler) for PendSV_Handler
    startup_at32f415rct7.o(RESET) refers to at32f4xx_it.o(i.SysTick_Handler) for SysTick_Handler
    startup_at32f415rct7.o(RESET) refers to lk_board.o(i.EXTI3_IRQHandler) for EXTI3_IRQHandler
    startup_at32f415rct7.o(RESET) refers to main.o(i.TMR1_BRK_TMR9_IRQHandler) for TMR1_BRK_TMR9_IRQHandler
    startup_at32f415rct7.o(RESET) refers to lk_board.o(i.USART3_IRQHandler) for USART3_IRQHandler
    startup_at32f415rct7.o(.text) refers to system_at32f4xx.o(i.SystemInit) for SystemInit
    startup_at32f415rct7.o(.text) refers to entry.o(.ARM.Collect$$$$00000000) for __main
    at32f4xx_gpio.o(i.GPIO_AFIOReset) refers to at32f4xx_rcc.o(i.RCC_APB2PeriphResetCmd) for RCC_APB2PeriphResetCmd
    at32f4xx_gpio.o(i.GPIO_EXTILineConfig) refers to main.o(i.assert_failed) for assert_failed
    at32f4xx_gpio.o(i.GPIO_EventOutputCmd) refers to main.o(i.assert_failed) for assert_failed
    at32f4xx_gpio.o(i.GPIO_EventOutputConfig) refers to main.o(i.assert_failed) for assert_failed
    at32f4xx_gpio.o(i.GPIO_Init) refers to main.o(i.assert_failed) for assert_failed
    at32f4xx_gpio.o(i.GPIO_PinsLockConfig) refers to main.o(i.assert_failed) for assert_failed
    at32f4xx_gpio.o(i.GPIO_PinsRemapConfig) refers to main.o(i.assert_failed) for assert_failed
    at32f4xx_gpio.o(i.GPIO_ReadInputData) refers to main.o(i.assert_failed) for assert_failed
    at32f4xx_gpio.o(i.GPIO_ReadInputDataBit) refers to main.o(i.assert_failed) for assert_failed
    at32f4xx_gpio.o(i.GPIO_ReadOutputData) refers to main.o(i.assert_failed) for assert_failed
    at32f4xx_gpio.o(i.GPIO_ReadOutputDataBit) refers to main.o(i.assert_failed) for assert_failed
    at32f4xx_gpio.o(i.GPIO_Reset) refers to main.o(i.assert_failed) for assert_failed
    at32f4xx_gpio.o(i.GPIO_Reset) refers to at32f4xx_rcc.o(i.RCC_APB2PeriphResetCmd) for RCC_APB2PeriphResetCmd
    at32f4xx_gpio.o(i.GPIO_ResetBits) refers to main.o(i.assert_failed) for assert_failed
    at32f4xx_gpio.o(i.GPIO_SetBits) refers to main.o(i.assert_failed) for assert_failed
    at32f4xx_gpio.o(i.GPIO_Write) refers to main.o(i.assert_failed) for assert_failed
    at32f4xx_gpio.o(i.GPIO_WriteBit) refers to main.o(i.assert_failed) for assert_failed
    at32f4xx_rcc.o(i.RCC_ADCCLKConfig) refers to main.o(i.assert_failed) for assert_failed
    at32f4xx_rcc.o(i.RCC_AHBCLKConfig) refers to main.o(i.assert_failed) for assert_failed
    at32f4xx_rcc.o(i.RCC_AHBPeriphClockCmd) refers to main.o(i.assert_failed) for assert_failed
    at32f4xx_rcc.o(i.RCC_APB1CLKConfig) refers to main.o(i.assert_failed) for assert_failed
    at32f4xx_rcc.o(i.RCC_APB1PeriphClockCmd) refers to main.o(i.assert_failed) for assert_failed
    at32f4xx_rcc.o(i.RCC_APB1PeriphResetCmd) refers to main.o(i.assert_failed) for assert_failed
    at32f4xx_rcc.o(i.RCC_APB2CLKConfig) refers to main.o(i.assert_failed) for assert_failed
    at32f4xx_rcc.o(i.RCC_APB2PeriphClockCmd) refers to main.o(i.assert_failed) for assert_failed
    at32f4xx_rcc.o(i.RCC_APB2PeriphResetCmd) refers to main.o(i.assert_failed) for assert_failed
[...]
    at32f4xx_tim.o(i.TMR_OC1PreloadConfig) refers to main.o(i.assert_failed) for assert_failed
    at32f4xx_tim.o(i.TMR_OC2FastConfig) refers to main.o(i.assert_failed) for assert_failed
    at32f4xx_tim.o(i.TMR_OC2Init) refers to main.o(i.assert_failed) for assert_failed
    at32f4xx_tim.o(i.TMR_OC2NPolarityConfig) refers to main.o(i.assert_failed) for assert_failed
    at32f4xx_tim.o(i.TMR_OC2PolarityConfig) refers to main.o(i.assert_failed) for assert_failed
    at32f4xx_tim.o(i.TMR_OC2PreloadConfig) refers to main.o(i.assert_failed) for assert_failed
    at32f4xx_tim.o(i.TMR_OC3FastConfig) refers to main.o(i.assert_failed) for assert_failed
    at32f4xx_tim.o(i.TMR_OC3Init) refers to main.o(i.assert_failed) for assert_failed
    at32f4xx_tim.o(i.TMR_OC3NPolarityConfig) refers to main.o(i.assert_failed) for assert_failed
    at32f4xx_tim.o(i.TMR_OC3PolarityConfig) refers to main.o(i.assert_failed) for assert_failed
    at32f4xx_tim.o(i.TMR_OC3PreloadConfig) refers to main.o(i.assert_failed) for assert_failed
    at32f4xx_tim.o(i.TMR_OC4FastConfig) refers to main.o(i.assert_failed) for assert_failed
    at32f4xx_tim.o(i.TMR_OC4Init) refers to main.o(i.assert_failed) for assert_failed
    at32f4xx_tim.o(i.TMR_OC4PolarityConfig) refers to main.o(i.assert_failed) for assert_failed
    at32f4xx_tim.o(i.TMR_OC4PreloadConfig) refers to main.o(i.assert_failed) for assert_failed
    at32f4xx_tim.o(i.TMR_PWMIConfig) refers to main.o(i.assert_failed) for assert_failed
    at32f4xx_tim.o(i.TMR_PWMIConfig) refers to at32f4xx_tim.o(i.TI2_Config) for TI2_Config
    at32f4xx_tim.o(i.TMR_PWMIConfig) refers to at32f4xx_tim.o(i.TMR_SetIC2DIV) for TMR_SetIC2DIV
    at32f4xx_tim.o(i.TMR_PWMIConfig) refers to at32f4xx_tim.o(i.TI1_Config) for TI1_Config
    at32f4xx_tim.o(i.TMR_PWMIConfig) refers to at32f4xx_tim.o(i.TMR_SetIC1DIV) for TMR_SetIC1DIV
    at32f4xx_tim.o(i.TMR_Reset) refers to main.o(i.assert_failed) for assert_failed
    at32f4xx_tim.o(i.TMR_Reset) refers to at32f4xx_rcc.o(i.RCC_APB1PeriphResetCmd) for RCC_APB1PeriphResetCmd
    at32f4xx_tim.o(i.TMR_Reset) refers to at32f4xx_rcc.o(i.RCC_APB2PeriphResetCmd) for RCC_APB2PeriphResetCmd
    at32f4xx_tim.o(i.TMR_SelectCCDMA) refers to main.o(i.assert_failed) for assert_failed
    at32f4xx_tim.o(i.TMR_SelectHALL) refers to main.o(i.assert_failed) for assert_failed
    at32f4xx_tim.o(i.TMR_SelectHallSensor) refers to main.o(i.assert_failed) for assert_failed
    at32f4xx_tim.o(i.TMR_SelectInputTrigger) refers to main.o(i.assert_failed) for assert_failed
    at32f4xx_tim.o(i.TMR_SelectMasterSlaveMode) refers to main.o(i.assert_failed) for assert_failed
    at32f4xx_tim.o(i.TMR_SelectOCxM) refers to main.o(i.assert_failed) for assert_failed
    at32f4xx_tim.o(i.TMR_SelectOnePulseMode) refers to main.o(i.assert_failed) for assert_failed
    at32f4xx_tim.o(i.TMR_SelectOutputTrigger) refers to main.o(i.assert_failed) for assert_failed
    at32f4xx_tim.o(i.TMR_SelectPlusMode) refers to main.o(i.assert_failed) for assert_failed
    at32f4xx_tim.o(i.TMR_SelectSlaveMode) refers to main.o(i.assert_failed) for assert_failed
    at32f4xx_tim.o(i.TMR_SetAutoreload) refers to main.o(i.assert_failed) for assert_failed
    at32f4xx_tim.o(i.TMR_SetClockDivision) refers to main.o(i.assert_failed) for assert_failed
    at32f4xx_tim.o(i.TMR_SetCompare1) refers to main.o(i.assert_failed) for assert_failed
    at32f4xx_tim.o(i.TMR_SetCompare2) refers to main.o(i.assert_failed) for assert_failed
    at32f4xx_tim.o(i.TMR_SetCompare3) refers to main.o(i.assert_failed) for assert_failed
    at32f4xx_tim.o(i.TMR_SetCompare4) refers to main.o(i.assert_failed) for assert_failed
    at32f4xx_tim.o(i.TMR_SetCounter) refers to main.o(i.assert_failed) for assert_failed
    at32f4xx_tim.o(i.TMR_SetIC1DIV) refers to main.o(i.assert_failed) for assert_failed
    at32f4xx_tim.o(i.TMR_SetIC2DIV) refers to main.o(i.assert_failed) for assert_failed
    at32f4xx_tim.o(i.TMR_SetIC3DIV) refers to main.o(i.assert_failed) for assert_failed
    at32f4xx_tim.o(i.TMR_SetIC4DIV) refers to main.o(i.assert_failed) for assert_failed
    at32f4xx_tim.o(i.TMR_TIxExternalClockConfig) refers to main.o(i.assert_failed) for assert_failed
    at32f4xx_tim.o(i.TMR_TIxExternalClockConfig) refers to at32f4xx_tim.o(i.TI1_Config) for TI1_Config
    at32f4xx_tim.o(i.TMR_TIxExternalClockConfig) refers to at32f4xx_tim.o(i.TMR_SelectInputTrigger) for TMR_SelectInputTrigger
    at32f4xx_tim.o(i.TMR_TIxExternalClockConfig) refers to at32f4xx_tim.o(i.TI2_Config) for TI2_Config
    at32f4xx_tim.o(i.TMR_TimeBaseInit) refers to main.o(i.assert_failed) for assert_failed
    at32f4xx_tim.o(i.TMR_UpdateDisableConfig) refers to main.o(i.assert_failed) for assert_failed
    at32f4xx_tim.o(i.TMR_UpdateRequestConfig) refers to main.o(i.assert_failed) for assert_failed
    at32f4xx_exti.o(i.EXTI_ClearFlag) refers to main.o(i.assert_failed) for assert_failed
    at32f4xx_exti.o(i.EXTI_ClearIntPendingBit) refers to main.o(i.assert_failed) for assert_failed
    at32f4xx_exti.o(i.EXTI_GenerateSWInt) refers to main.o(i.assert_failed) for assert_failed
    at32f4xx_exti.o(i.EXTI_GetFlagStatus) refers to main.o(i.assert_failed) for assert_failed
    at32f4xx_exti.o(i.EXTI_GetIntStatus) refers to main.o(i.assert_failed) for assert_failed
    at32f4xx_exti.o(i.EXTI_Init) refers to main.o(i.assert_failed) for assert_failed
    lk_ble.o(i.ble_anasys) refers to lk_ble.o(i.lk_ble_checkSum) for lk_ble_checkSum
    lk_ble.o(i.ble_anasys) refers to lk_ble.o(.bss) for .bss
    lk_ble.o(i.ble_anysys_process) refers to lk_ble.o(i.ble_anasys) for ble_anasys
    lk_ble.o(i.ble_anysys_process) refers to ringqueue.o(.data) for ringQueue_ops
    lk_ble.o(i.ble_anysys_process) refers to lk_ble.o(.bss) for .bss
    lk_ble.o(i.ble_anysys_process) refers to lk_ble.o(i.myBlefunc) for myBlefunc
    lk_ble.o(i.ble_queuePush) refers to ringqueue.o(.data) for ringQueue_ops
    lk_ble.o(i.ble_queuePush) refers to lk_ble.o(.bss) for .bss
    lk_ble.o(i.lk_ble_checkSum) refers to lk_ble.o(.bss) for .bss
    lk_ble.o(i.lk_ble_checkSum) refers to lk_ble.o(.data) for .data
    lk_ble.o(i.myBlefunc) refers to lk_ble_ops.o(.data) for mybleOps
    lk_ble.o(.data) refers to lk_ble.o(i.ble_queuePush) for ble_queuePush
    lk_ble.o(.data) refers to lk_ble.o(i.ble_anysys_process) for ble_anysys_process
    lk_ble_ops.o(i.ble_ShutDown_ack) refers to lk_ble_ops.o(i.check_sum) for check_sum
    lk_ble_ops.o(i.ble_ShutDown_ack) refers to lk_ble_ops.o(.constdata) for .constdata
    lk_ble_ops.o(i.ble_ShutDown_ack) refers to lk_ble_ops.o(.data) for .data
    lk_ble_ops.o(i.ble_deviceOpenPower_ack) refers to lk_ble_ops.o(i.check_sum) for check_sum
    lk_ble_ops.o(i.ble_deviceOpenPower_ack) refers to lk_ble_ops.o(.constdata) for .constdata
    lk_ble_ops.o(i.ble_deviceOpenPower_ack) refers to lk_ble_ops.o(.data) for .data
    lk_ble_ops.o(i.ble_heart) refers to lk_ble_ops.o(.bss) for .bss
    lk_ble_ops.o(i.ble_heart_ack) refers to lk_ble_ops.o(i.check_sum) for check_sum
    lk_ble_ops.o(i.ble_heart_ack) refers to lk_ble_ops.o(.data) for .data
    lk_ble_ops.o(i.ble_heatGears_ack) refers to lk_ble_ops.o(i.check_sum) for check_sum
    lk_ble_ops.o(i.ble_heatGears_ack) refers to lk_ble_ops.o(.constdata) for .constdata
    lk_ble_ops.o(i.ble_heatGears_ack) refers to lk_ble_ops.o(.data) for .data
    lk_ble_ops.o(i.ble_heat_gear) refers to lk_ble_ops.o(.bss) for .bss
    lk_ble_ops.o(i.ble_init) refers to lk_ble_ops.o(.data) for .data
    lk_ble_ops.o(i.ble_init) refers to lk_ble.o(.data) for ble_handle
    lk_ble_ops.o(i.ble_init) refers to lk_ble_ops.o(.bss) for .bss
    lk_ble_ops.o(i.ble_massageGears_ack) refers to lk_ble_ops.o(i.check_sum) for check_sum
    lk_ble_ops.o(i.ble_massageGears_ack) refers to lk_ble_ops.o(.constdata) for .constdata
    lk_ble_ops.o(i.ble_massageGears_ack) refers to lk_ble_ops.o(.data) for .data
    lk_ble_ops.o(i.ble_massageOver_ack) refers to lk_ble_ops.o(i.check_sum) for check_sum
    lk_ble_ops.o(i.ble_massageOver_ack) refers to lk_ble_ops.o(.constdata) for .constdata
    lk_ble_ops.o(i.ble_massageOver_ack) refers to lk_ble_ops.o(.data) for .data
    lk_ble_ops.o(i.ble_massageRuntime_ack) refers to lk_ble_ops.o(i.check_sum) for check_sum
    lk_ble_ops.o(i.ble_massageRuntime_ack) refers to lk_ble_ops.o(.constdata) for .constdata
    lk_ble_ops.o(i.ble_massageRuntime_ack) refers to lk_ble_ops.o(.bss) for .bss
    lk_ble_ops.o(i.ble_massageRuntime_ack) refers to lk_ble_ops.o(.data) for .data
    lk_ble_ops.o(i.ble_massage_gear) refers to lk_ble_ops.o(.bss) for .bss
    lk_ble_ops.o(i.ble_massage_mode) refers to lk_ble_ops.o(.bss) for .bss
    lk_ble_ops.o(i.ble_massage_over) refers to lk_ble_ops.o(.bss) for .bss
    lk_ble_ops.o(i.ble_massage_time) refers to lk_ble_ops.o(.bss) for .bss
    lk_ble_ops.o(i.ble_myEvent_register) refers to lk_ble_ops.o(.bss) for .bss
    lk_ble_ops.o(i.ble_noAdornShutDown_ack) refers to lk_ble_ops.o(i.check_sum) for check_sum
    lk_ble_ops.o(i.ble_noAdornShutDown_ack) refers to lk_ble_ops.o(.constdata) for .constdata
    lk_ble_ops.o(i.ble_noAdornShutDown_ack) refers to lk_ble_ops.o(.data) for .data
    lk_ble_ops.o(i.ble_quitWeixing_ack) refers to lk_ble_ops.o(i.check_sum) for check_sum
    lk_ble_ops.o(i.ble_quitWeixing_ack) refers to lk_ble_ops.o(.constdata) for .constdata
    lk_ble_ops.o(i.ble_quitWeixing_ack) refers to lk_ble_ops.o(.data) for .data
    lk_ble_ops.o(i.ble_quit_weixing) refers to lk_ble_ops.o(.bss) for .bss
    lk_ble_ops.o(i.ble_shutdown) refers to lk_ble_ops.o(.bss) for .bss
    lk_ble_ops.o(.data) refers to lk_ble_ops.o(i.ble_shutdown) for ble_shutdown
    lk_ble_ops.o(.data) refers to lk_ble_ops.o(i.ble_heart) for ble_heart
    lk_ble_ops.o(.data) refers to lk_ble_ops.o(i.ble_quit_weixing) for ble_quit_weixing
    lk_ble_ops.o(.data) refers to lk_ble_ops.o(i.ble_heat_gear) for ble_heat_gear
    lk_ble_ops.o(.data) refers to lk_ble_ops.o(i.ble_massage_time) for ble_massage_time
    lk_ble_ops.o(.data) refers to lk_ble_ops.o(i.ble_massage_gear) for ble_massage_gear
    lk_ble_ops.o(.data) refers to lk_ble_ops.o(i.ble_massage_over) for ble_massage_over
    lk_ble_ops.o(.data) refers to lk_ble_ops.o(i.ble_massage_mode) for ble_massage_mode
    ringqueue.o(.data) refers to ringqueue.o(i.QueueInit) for QueueInit
    ringqueue.o(.data) refers to ringqueue.o(i.QueueLength) for QueueLength
    ringqueue.o(.data) refers to ringqueue.o(i.Queue_push) for Queue_push
    ringqueue.o(.data) refers to ringqueue.o(i.Queue_pop) for Queue_pop
    lk_433m.o(i.lk_remote_init) refers to lk_433m.o(.bss) for .bss
    lk_433m.o(i.my433M_anasys) refers to lk_433m.o(.data) for .data
    lk_433m.o(i.my433M_anasys) refers to lk_433m.o(.bss) for .bss
    lk_task.o(i.Delay_init) refers to misc.o(i.SysTick_CLKSourceConfig) for SysTick_CLKSourceConfig
    lk_task.o(i.Delay_init) refers to ffltui.o(.text) for __aeabi_ui2f
    lk_task.o(i.Delay_init) refers to fdiv.o(.text) for __aeabi_fdiv
    lk_task.o(i.Delay_init) refers to fmul.o(.text) for __aeabi_fmul
    lk_task.o(i.Delay_init) refers to system_at32f4xx.o(.data) for SystemCoreClock
    lk_task.o(i.Delay_init) refers to lk_task.o(.data) for .data
    lk_task.o(i.Delay_ms) refers to fmul.o(.text) for __aeabi_fmul
    lk_task.o(i.Delay_ms) refers to ffixui.o(.text) for __aeabi_f2uiz
    lk_task.o(i.Delay_ms) refers to ffltui.o(.text) for __aeabi_ui2f
    lk_task.o(i.Delay_ms) refers to lk_task.o(.data) for .data
    lk_task.o(i.Delay_sec) refers to lk_task.o(i.Delay_ms) for Delay_ms
    lk_task.o(i.Delay_us) refers to ffltui.o(.text) for __aeabi_ui2f
    lk_task.o(i.Delay_us) refers to fmul.o(.text) for __aeabi_fmul
    lk_task.o(i.Delay_us) refers to ffixui.o(.text) for __aeabi_f2uiz
    lk_task.o(i.Delay_us) refers to lk_task.o(.data) for .data
    lk_task.o(i.lk_taskTime_init) refers to at32f4xx_tim.o(i.TMR_TimeBaseStructInit) for TMR_TimeBaseStructInit
    lk_task.o(i.lk_taskTime_init) refers to at32f4xx_tim.o(i.TMR_TimeBaseInit) for TMR_TimeBaseInit
    lk_task.o(i.lk_taskTime_init) refers to at32f4xx_tim.o(i.TMR_INTConfig) for TMR_INTConfig
    lk_task.o(i.lk_taskTime_init) refers to at32f4xx_tim.o(i.TMR_Cmd) for TMR_Cmd
    lk_task.o(i.lk_task_init) refers to lk_board.o(i.lk_borad_init) for lk_borad_init
    lk_task.o(i.lk_task_init) refers to lk_task.o(i.lk_taskTime_init) for lk_taskTime_init
    lk_task.o(i.lk_task_init) refers to lk_433m.o(i.lk_remote_init) for lk_remote_init
    lk_task.o(i.lk_task_init) refers to lk_task.o(i.remote433_menu_callBack) for remote433_menu_callBack
    lk_task.o(i.lk_task_init) refers to lk_task.o(i.remote433_right_callBack) for remote433_right_callBack
    lk_task.o(i.lk_task_init) refers to lk_task.o(i.remote433_left_callBack) for remote433_left_callBack
    lk_task.o(i.lk_task_init) refers to lk_task.o(i.remote433_down_callBack) for remote433_down_callBack
    lk_task.o(i.lk_task_init) refers to lk_task.o(i.remote433_up_callBack) for remote433_up_callBack
    lk_task.o(i.motor_shake) refers to lk_task.o(.data) for .data
    lk_task.o(i.powerKey_ctl) refers to at32f4xx_gpio.o(i.GPIO_ReadInputDataBit) for GPIO_ReadInputDataBit
    lk_task.o(i.powerKey_ctl) refers to lk_task.o(i.Delay_ms) for Delay_ms
    lk_task.o(i.powerKey_ctl) refers to at32f4xx_gpio.o(i.GPIO_WriteBit) for GPIO_WriteBit
    lk_task.o(i.powerKey_ctl) refers to lk_task.o(.data) for .data
    lk_task.o(i.remote433_down_callBack) refers to lk_task.o(.data) for .data
    lk_task.o(i.remote433_left_callBack) refers to lk_task.o(.data) for .data
    lk_task.o(i.remote433_menu_callBack) refers to lk_task.o(.data) for .data
    lk_task.o(i.remote433_right_callBack) refers to lk_task.o(.data) for .data
    lk_task.o(i.remote433_up_callBack) refers to lk_task.o(.data) for .data
    lk_task.o(i.task_1ms_callBack) refers to at32f4xx_tim.o(i.TMR_GetINTStatus) for TMR_GetINTStatus
    lk_task.o(i.task_1ms_callBack) refers to at32f4xx_tim.o(i.TMR_ClearITPendingBit) for TMR_ClearITPendingBit
    lk_task.o(i.task_1ms_callBack) refers to lk_task.o(i.motor_shake) for motor_shake
    lk_task.o(i.task_1ms_callBack) refers to lk_task.o(.data) for .data
    lk_board.o(i.EXTI3_IRQHandler) refers to at32f4xx_exti.o(i.EXTI_GetIntStatus) for EXTI_GetIntStatus
    lk_board.o(i.EXTI3_IRQHandler) refers to at32f4xx_tim.o(i.TMR_GetCounter) for TMR_GetCounter
    lk_board.o(i.EXTI3_IRQHandler) refers to at32f4xx_exti.o(i.EXTI_Init) for EXTI_Init
    lk_board.o(i.EXTI3_IRQHandler) refers to lk_433m.o(i.my433M_anasys) for my433M_anasys
    lk_board.o(i.EXTI3_IRQHandler) refers to at32f4xx_exti.o(i.EXTI_ClearIntPendingBit) for EXTI_ClearIntPendingBit
    lk_board.o(i.EXTI3_IRQHandler) refers to lk_board.o(.data) for .data
    lk_board.o(i.USART3_IRQHandler) refers to at32f4xx_usart.o(i.USART_GetITStatus) for USART_GetITStatus
    lk_board.o(i.USART3_IRQHandler) refers to at32f4xx_usart.o(i.USART_ReceiveData) for USART_ReceiveData
    lk_board.o(i.USART3_IRQHandler) refers to lk_board.o(.data) for .data
    lk_board.o(i.USART3_IRQHandler) refers to lk_ble_ops.o(.bss) for frameHandle
    lk_board.o(i.ble_example_test) refers to lk_ble_ops.o(i.ble_heart_ack) for ble_heart_ack
    lk_board.o(i.ble_example_test) refers to lk_ble_ops.o(.bss) for frameHandle
    lk_board.o(i.ble_uart_init) refers to at32f4xx_usart.o(i.USART_StructInit) for USART_StructInit
    lk_board.o(i.ble_uart_init) refers to at32f4xx_usart.o(i.USART_Init) for USART_Init
    lk_board.o(i.ble_uart_init) refers to at32f4xx_usart.o(i.USART_INTConfig) for USART_INTConfig
    lk_board.o(i.ble_uart_init) refers to at32f4xx_usart.o(i.USART_Cmd) for USART_Cmd
    lk_board.o(i.get_tim_counter) refers to at32f4xx_tim.o(i.TMR_GetCounter) for TMR_GetCounter
    lk_board.o(i.lk_433m_hardInit) refers to at32f4xx_rcc.o(i.RCC_APB2PeriphClockCmd) for RCC_APB2PeriphClockCmd
    lk_board.o(i.lk_433m_hardInit) refers to at32f4xx_gpio.o(i.GPIO_Init) for GPIO_Init
    lk_board.o(i.lk_433m_hardInit) refers to at32f4xx_gpio.o(i.GPIO_EXTILineConfig) for GPIO_EXTILineConfig
    lk_board.o(i.lk_433m_hardInit) refers to at32f4xx_exti.o(i.EXTI_Init) for EXTI_Init
    lk_board.o(i.lk_433m_hardInit) refers to misc.o(i.NVIC_Init) for NVIC_Init
    lk_board.o(i.lk_433m_hardInit) refers to at32f4xx_exti.o(i.EXTI_GenerateSWInt) for EXTI_GenerateSWInt
    lk_board.o(i.lk_433m_hardInit) refers to lk_board.o(.data) for .data
    lk_board.o(i.lk_borad_init) refers to lk_board.o(i.lk_rcc_config) for lk_rcc_config
    lk_board.o(i.lk_borad_init) refers to lk_board.o(i.lk_nvic_config) for lk_nvic_config
    lk_board.o(i.lk_borad_init) refers to lk_board.o(i.lk_gpio_init) for lk_gpio_init
    lk_board.o(i.lk_borad_init) refers to lk_board.o(i.lk_timerCnt_init) for lk_timerCnt_init
    lk_board.o(i.lk_borad_init) refers to lk_board.o(i.lk_433m_hardInit) for lk_433m_hardInit
    lk_board.o(i.lk_borad_init) refers to lk_board.o(i.ble_uart_init) for ble_uart_init
    lk_board.o(i.lk_borad_init) refers to lk_ble_ops.o(i.ble_init) for ble_init
    lk_board.o(i.lk_borad_init) refers to lk_board.o(i.lk_pwm_init) for lk_pwm_init
    lk_board.o(i.lk_borad_init) refers to lk_board.o(i.usart_send) for usart_send
    lk_board.o(i.lk_gpio_init) refers to at32f4xx_gpio.o(i.GPIO_Init) for GPIO_Init
    lk_board.o(i.lk_nvic_config) refers to misc.o(i.NVIC_PriorityGroupConfig) for NVIC_PriorityGroupConfig
    lk_board.o(i.lk_nvic_config) refers to misc.o(i.NVIC_Init) for NVIC_Init
    lk_board.o(i.lk_pwm_init) refers to at32f4xx_tim.o(i.TMR_TimeBaseStructInit) for TMR_TimeBaseStructInit
    lk_board.o(i.lk_pwm_init) refers to at32f4xx_tim.o(i.TMR_TimeBaseInit) for TMR_TimeBaseInit
    lk_board.o(i.lk_pwm_init) refers to at32f4xx_tim.o(i.TMR_OCStructInit) for TMR_OCStructInit
    lk_board.o(i.lk_pwm_init) refers to at32f4xx_tim.o(i.TMR_OC1Init) for TMR_OC1Init
    lk_board.o(i.lk_pwm_init) refers to at32f4xx_tim.o(i.TMR_OC1PreloadConfig) for TMR_OC1PreloadConfig
    lk_board.o(i.lk_pwm_init) refers to at32f4xx_tim.o(i.TMR_OC2Init) for TMR_OC2Init
    lk_board.o(i.lk_pwm_init) refers to at32f4xx_tim.o(i.TMR_OC2PreloadConfig) for TMR_OC2PreloadConfig
    lk_board.o(i.lk_pwm_init) refers to at32f4xx_tim.o(i.TMR_ARPreloadConfig) for TMR_ARPreloadConfig
    lk_board.o(i.lk_pwm_init) refers to at32f4xx_tim.o(i.TMR_Cmd) for TMR_Cmd
    lk_board.o(i.lk_pwm_init) refers to system_at32f4xx.o(.data) for SystemCoreClock
    lk_board.o(i.lk_rcc_config) refers to at32f4xx_rcc.o(i.RCC_APB1PeriphClockCmd) for RCC_APB1PeriphClockCmd
    lk_board.o(i.lk_rcc_config) refers to at32f4xx_rcc.o(i.RCC_APB2PeriphClockCmd) for RCC_APB2PeriphClockCmd
    lk_board.o(i.lk_timerCnt_init) refers to at32f4xx_tim.o(i.TMR_TimeBaseStructInit) for TMR_TimeBaseStructInit
    lk_board.o(i.lk_timerCnt_init) refers to at32f4xx_tim.o(i.TMR_TimeBaseInit) for TMR_TimeBaseInit
    lk_board.o(i.lk_timerCnt_init) refers to at32f4xx_tim.o(i.TMR_Cmd) for TMR_Cmd
    lk_board.o(i.lk_timerCnt_init) refers to system_at32f4xx.o(.data) for SystemCoreClock
    lk_board.o(i.usart_send) refers to at32f4xx_usart.o(i.USART_SendData) for USART_SendData
    lk_board.o(i.usart_send) refers to at32f4xx_usart.o(i.USART_GetFlagStatus) for USART_GetFlagStatus
    entry.o(.ARM.Collect$$$$00000000) refers (Special) to entry10a.o(.ARM.Collect$$$$0000000D) for __rt_final_cpp
    entry.o(.ARM.Collect$$$$00000000) refers (Special) to entry11a.o(.ARM.Collect$$$$0000000F) for __rt_final_exit
    entry.o(.ARM.Collect$$$$00000000) refers (Special) to entry7b.o(.ARM.Collect$$$$00000008) for _main_clock
    entry.o(.ARM.Collect$$$$00000000) refers (Special) to entry8b.o(.ARM.Collect$$$$0000000A) for _main_cpp_init
    entry.o(.ARM.Collect$$$$00000000) refers (Special) to entry9a.o(.ARM.Collect$$$$0000000B) for _main_init
    entry.o(.ARM.Collect$$$$00000000) refers (Special) to entry5.o(.ARM.Collect$$$$00000004) for _main_scatterload
    entry.o(.ARM.Collect$$$$00000000) refers (Special) to entry2.o(.ARM.Collect$$$$00000001) for _main_stk
    fmul.o(.text) refers (Special) to iusefp.o(.text) for __I$use$fp
    fdiv.o(.text) refers (Special) to iusefp.o(.text) for __I$use$fp
    fdiv.o(.text) refers to fepilogue.o(.text) for _float_round
    ffltui.o(.text) refers (Special) to iusefp.o(.text) for __I$use$fp
    ffltui.o(.text) refers to fepilogue.o(.text) for _float_epilogue
    ffixui.o(.text) refers (Special) to iusefp.o(.text) for __I$use$fp
    entry2.o(.ARM.Collect$$$$00000001) refers to entry2.o(.ARM.Collect$$$$00002712) for __lit__00000000
    entry2.o(.ARM.Collect$$$$00002712) refers to startup_at32f415rct7.o(STACK) for __initial_sp
    entry2.o(__vectab_stack_and_reset_area) refers to startup_at32f415rct7.o(STACK) for __initial_sp
    entry2.o(__vectab_stack_and_reset_area) refers to entry.o(.ARM.Collect$$$$00000000) for __main
    entry5.o(.ARM.Collect$$$$00000004) refers to init.o(.text) for __scatterload
    entry9a.o(.ARM.Collect$$$$0000000B) refers to main.o(i.main) for main
    entry9b.o(.ARM.Collect$$$$0000000C) refers to main.o(i.main) for main
    init.o(.text) refers to entry5.o(.ARM.Collect$$$$00000004) for __main_after_scatterload


==============================================================================

Removing Unused input sections from the image.

    Removing main.o(.rev16_text), (4 bytes).
    Removing main.o(.revsh_text), (4 bytes).
    Removing main.o(.rrx_text), (6 bytes).
    Removing at32f4xx_it.o(.rev16_text), (4 bytes).
    Removing at32f4xx_it.o(.revsh_text), (4 bytes).
    Removing at32f4xx_it.o(.rrx_text), (6 bytes).
    Removing system_at32f4xx.o(.rev16_text), (4 bytes).
    Removing system_at32f4xx.o(.revsh_text), (4 bytes).
    Removing system_at32f4xx.o(.rrx_text), (6 bytes).
    Removing system_at32f4xx.o(i.SystemCoreClockUpdate), (124 bytes).
    Removing startup_at32f415rct7.o(HEAP), (1024 bytes).
    Removing at32f4xx_gpio.o(.rev16_text), (4 bytes).
    Removing at32f4xx_gpio.o(.revsh_text), (4 bytes).
    Removing at32f4xx_gpio.o(.rrx_text), (6 bytes).
    Removing at32f4xx_gpio.o(i.GPIO_AFIOReset), (22 bytes).
    Removing at32f4xx_gpio.o(i.GPIO_EventOutputCmd), (92 bytes).
    Removing at32f4xx_gpio.o(i.GPIO_EventOutputConfig), (192 bytes).
    Removing at32f4xx_gpio.o(i.GPIO_PinsLockConfig), (156 bytes).
    Removing at32f4xx_gpio.o(i.GPIO_PinsRemapConfig), (1068 bytes).
    Removing at32f4xx_gpio.o(i.GPIO_ReadInputData), (132 bytes).
    Removing at32f4xx_gpio.o(i.GPIO_ReadInputDataBit), (232 bytes).
    Removing at32f4xx_gpio.o(i.GPIO_ReadOutputData), (132 bytes).
    Removing at32f4xx_gpio.o(i.GPIO_ReadOutputDataBit), (232 bytes).
    Removing at32f4xx_gpio.o(i.GPIO_Reset), (224 bytes).
    Removing at32f4xx_gpio.o(i.GPIO_ResetBits), (144 bytes).
    Removing at32f4xx_gpio.o(i.GPIO_SetBits), (144 bytes).
    Removing at32f4xx_gpio.o(i.GPIO_StructInit), (16 bytes).
    Removing at32f4xx_gpio.o(i.GPIO_Write), (132 bytes).
    Removing at32f4xx_gpio.o(i.GPIO_WriteBit), (244 bytes).
    Removing at32f4xx_rcc.o(.rev16_text), (4 bytes).
    Removing at32f4xx_rcc.o(.revsh_text), (4 bytes).
    Removing at32f4xx_rcc.o(.rrx_text), (6 bytes).
    Removing at32f4xx_rcc.o(i.RCC_ADCCLKConfig), (136 bytes).
    Removing at32f4xx_rcc.o(i.RCC_AHBCLKConfig), (128 bytes).
    Removing at32f4xx_rcc.o(i.RCC_AHBPeriphClockCmd), (124 bytes).
    Removing at32f4xx_rcc.o(i.RCC_APB1CLKConfig), (120 bytes).
    Removing at32f4xx_rcc.o(i.RCC_APB1PeriphResetCmd), (124 bytes).
    Removing at32f4xx_rcc.o(i.RCC_APB2CLKConfig), (120 bytes).
    Removing at32f4xx_rcc.o(i.RCC_APB2PeriphResetCmd), (124 bytes).
    Removing at32f4xx_rcc.o(i.RCC_BackupResetCmd), (92 bytes).
    Removing at32f4xx_rcc.o(i.RCC_CLKOUTConfig), (280 bytes).
    Removing at32f4xx_rcc.o(i.RCC_ClearFlag), (16 bytes).
    Removing at32f4xx_rcc.o(i.RCC_ClearINTPendingBit), (92 bytes).
    Removing at32f4xx_rcc.o(i.RCC_ERTCCLKCmd), (92 bytes).
    Removing at32f4xx_rcc.o(i.RCC_ERTCCLKConfig), (108 bytes).
    Removing at32f4xx_rcc.o(i.RCC_GetFlagStatus), (168 bytes).
    Removing at32f4xx_rcc.o(i.RCC_GetINTStatus), (120 bytes).
    Removing at32f4xx_rcc.o(i.RCC_GetSYSCLKSelction), (16 bytes).
    Removing at32f4xx_rcc.o(i.RCC_HSEClockFailureDetectorCmd), (92 bytes).
    Removing at32f4xx_rcc.o(i.RCC_HSEConfig), (140 bytes).
    Removing at32f4xx_rcc.o(i.RCC_HSI2USB48M), (120 bytes).
    Removing at32f4xx_rcc.o(i.RCC_HSICmd), (92 bytes).
    Removing at32f4xx_rcc.o(i.RCC_INTConfig), (120 bytes).
    Removing at32f4xx_rcc.o(i.RCC_LSEConfig), (124 bytes).
    Removing at32f4xx_rcc.o(i.RCC_LSICmd), (92 bytes).
    Removing at32f4xx_rcc.o(i.RCC_PLLCmd), (92 bytes).
    Removing at32f4xx_rcc.o(i.RCC_PLLConfig), (156 bytes).
    Removing at32f4xx_rcc.o(i.RCC_PLLconfig2), (320 bytes).
    Removing at32f4xx_rcc.o(i.RCC_Reset), (76 bytes).
    Removing at32f4xx_rcc.o(i.RCC_SYSCLKConfig), (104 bytes).
    Removing at32f4xx_rcc.o(i.RCC_SetHSICalibValue), (32 bytes).
    Removing at32f4xx_rcc.o(i.RCC_SetHSITweakValue), (100 bytes).
    Removing at32f4xx_rcc.o(i.RCC_USBCLKConfig), (132 bytes).
    Removing at32f4xx_rcc.o(i.RCC_WaitForHSEStable), (56 bytes).
    Removing at32f4xx_usart.o(.rev16_text), (4 bytes).
    Removing at32f4xx_usart.o(.revsh_text), (4 bytes).
    Removing at32f4xx_usart.o(.rrx_text), (6 bytes).
    Removing at32f4xx_usart.o(i.USART_ClearFlag), (184 bytes).
    Removing at32f4xx_usart.o(i.USART_ClearITPendingBit), (204 bytes).
    Removing at32f4xx_usart.o(i.USART_ClockInit), (216 bytes).
    Removing at32f4xx_usart.o(i.USART_ClockStructInit), (12 bytes).
    Removing at32f4xx_usart.o(i.USART_DMACmd), (176 bytes).
    Removing at32f4xx_usart.o(i.USART_HalfDuplexCmd), (160 bytes).
    Removing at32f4xx_usart.o(i.USART_IrDACmd), (160 bytes).
    Removing at32f4xx_usart.o(i.USART_IrDAConfig), (160 bytes).
    Removing at32f4xx_usart.o(i.USART_LINBreakDetectLengthConfig), (160 bytes).
    Removing at32f4xx_usart.o(i.USART_LINCmd), (160 bytes).
    Removing at32f4xx_usart.o(i.USART_OneBitMethodCmd), (160 bytes).
    Removing at32f4xx_usart.o(i.USART_OverSampling8Cmd), (160 bytes).
    Removing at32f4xx_usart.o(i.USART_ReceiverWakeUpCmd), (160 bytes).
    Removing at32f4xx_usart.o(i.USART_Reset), (208 bytes).
    Removing at32f4xx_usart.o(i.USART_SendBreak), (136 bytes).
    Removing at32f4xx_usart.o(i.USART_SetAddress), (156 bytes).
    Removing at32f4xx_usart.o(i.USART_SetGuardTime), (124 bytes).
    Removing at32f4xx_usart.o(i.USART_SetPrescaler), (144 bytes).
    Removing at32f4xx_usart.o(i.USART_SmartCardCmd), (140 bytes).
    Removing at32f4xx_usart.o(i.USART_SmartCardNACKCmd), (140 bytes).
    Removing at32f4xx_usart.o(i.USART_WakeUpConfig), (160 bytes).
    Removing misc.o(.rev16_text), (4 bytes).
    Removing misc.o(.revsh_text), (4 bytes).
    Removing misc.o(.rrx_text), (6 bytes).
    Removing misc.o(i.NVIC_SetVectorTable), (116 bytes).
    Removing misc.o(i.NVIC_SystemLPConfig), (112 bytes).
    Removing at32f4xx_tim.o(.rev16_text), (4 bytes).
    Removing at32f4xx_tim.o(.revsh_text), (4 bytes).
    Removing at32f4xx_tim.o(.rrx_text), (6 bytes).
    Removing at32f4xx_tim.o(i.TI1_Config), (100 bytes).
    Removing at32f4xx_tim.o(i.TI2_Config), (108 bytes).
    Removing at32f4xx_tim.o(i.TMR_BRKDTConfig), (252 bytes).
    Removing at32f4xx_tim.o(i.TMR_BRKDTStructInit), (18 bytes).
    Removing at32f4xx_tim.o(i.TMR_CCPreloadControl), (156 bytes).
    Removing at32f4xx_tim.o(i.TMR_CCxCmd), (216 bytes).
    Removing at32f4xx_tim.o(i.TMR_CCxNCmd), (144 bytes).
    Removing at32f4xx_tim.o(i.TMR_ClearFlag), (176 bytes).
    Removing at32f4xx_tim.o(i.TMR_ClearOC1Ref), (152 bytes).
    Removing at32f4xx_tim.o(i.TMR_ClearOC2Ref), (160 bytes).
    Removing at32f4xx_tim.o(i.TMR_ClearOC3Ref), (152 bytes).
    Removing at32f4xx_tim.o(i.TMR_ClearOC4Ref), (160 bytes).
    Removing at32f4xx_tim.o(i.TMR_CounterModeConfig), (164 bytes).
    Removing at32f4xx_tim.o(i.TMR_CtrlPWMOutputs), (124 bytes).
    Removing at32f4xx_tim.o(i.TMR_DIVConfig), (176 bytes).
    Removing at32f4xx_tim.o(i.TMR_DMACmd), (172 bytes).
    Removing at32f4xx_tim.o(i.TMR_DMAConfig), (332 bytes).
    Removing at32f4xx_tim.o(i.TMR_ETRClockMode1Config), (216 bytes).
    Removing at32f4xx_tim.o(i.TMR_ETRClockMode2Config), (216 bytes).
    Removing at32f4xx_tim.o(i.TMR_ETRConfig), (216 bytes).
    Removing at32f4xx_tim.o(i.TMR_EncoderInterfaceConfig), (232 bytes).
    Removing at32f4xx_tim.o(i.TMR_ForcedOC1Config), (184 bytes).
    Removing at32f4xx_tim.o(i.TMR_ForcedOC2Config), (172 bytes).
    Removing at32f4xx_tim.o(i.TMR_ForcedOC3Config), (152 bytes).
    Removing at32f4xx_tim.o(i.TMR_ForcedOC4Config), (160 bytes).
    Removing at32f4xx_tim.o(i.TMR_GenerateEvent), (172 bytes).
    Removing at32f4xx_tim.o(i.TMR_GetCapture1), (156 bytes).
    Removing at32f4xx_tim.o(i.TMR_GetCapture2), (136 bytes).
    Removing at32f4xx_tim.o(i.TMR_GetCapture3), (124 bytes).
    Removing at32f4xx_tim.o(i.TMR_GetCapture4), (124 bytes).
    Removing at32f4xx_tim.o(i.TMR_GetDIV), (156 bytes).
    Removing at32f4xx_tim.o(i.TMR_GetFlagStatus), (232 bytes).
    Removing at32f4xx_tim.o(i.TMR_ICInit), (668 bytes).
    Removing at32f4xx_tim.o(i.TMR_ICStructInit), (16 bytes).
    Removing at32f4xx_tim.o(i.TMR_ITRxExternalClockConfig), (176 bytes).
    Removing at32f4xx_tim.o(i.TMR_InternalClockConfig), (140 bytes).
    Removing at32f4xx_tim.o(i.TMR_OC1FastConfig), (180 bytes).
    Removing at32f4xx_tim.o(i.TMR_OC1NPolarityConfig), (116 bytes).
    Removing at32f4xx_tim.o(i.TMR_OC1PolarityConfig), (180 bytes).
    Removing at32f4xx_tim.o(i.TMR_OC2FastConfig), (168 bytes).
    Removing at32f4xx_tim.o(i.TMR_OC2NPolarityConfig), (124 bytes).
    Removing at32f4xx_tim.o(i.TMR_OC2PolarityConfig), (168 bytes).
    Removing at32f4xx_tim.o(i.TMR_OC3FastConfig), (152 bytes).
    Removing at32f4xx_tim.o(i.TMR_OC3Init), (376 bytes).
    Removing at32f4xx_tim.o(i.TMR_OC3NPolarityConfig), (124 bytes).
    Removing at32f4xx_tim.o(i.TMR_OC3PolarityConfig), (160 bytes).
    Removing at32f4xx_tim.o(i.TMR_OC3PreloadConfig), (152 bytes).
    Removing at32f4xx_tim.o(i.TMR_OC4FastConfig), (160 bytes).
    Removing at32f4xx_tim.o(i.TMR_OC4Init), (292 bytes).
    Removing at32f4xx_tim.o(i.TMR_OC4PolarityConfig), (160 bytes).
    Removing at32f4xx_tim.o(i.TMR_OC4PreloadConfig), (160 bytes).
    Removing at32f4xx_tim.o(i.TMR_PWMIConfig), (236 bytes).
    Removing at32f4xx_tim.o(i.TMR_Reset), (288 bytes).
    Removing at32f4xx_tim.o(i.TMR_SelectCCDMA), (156 bytes).
    Removing at32f4xx_tim.o(i.TMR_SelectHALL), (120 bytes).
    Removing at32f4xx_tim.o(i.TMR_SelectHallSensor), (168 bytes).
    Removing at32f4xx_tim.o(i.TMR_SelectInputTrigger), (184 bytes).
    Removing at32f4xx_tim.o(i.TMR_SelectMasterSlaveMode), (164 bytes).
    Removing at32f4xx_tim.o(i.TMR_SelectOCxM), (288 bytes).
    Removing at32f4xx_tim.o(i.TMR_SelectOnePulseMode), (184 bytes).
    Removing at32f4xx_tim.o(i.TMR_SelectOutputTrigger), (188 bytes).
    Removing at32f4xx_tim.o(i.TMR_SelectPlusMode), (144 bytes).
    Removing at32f4xx_tim.o(i.TMR_SelectSlaveMode), (176 bytes).
    Removing at32f4xx_tim.o(i.TMR_SetAutoreload), (156 bytes).
    Removing at32f4xx_tim.o(i.TMR_SetClockDivision), (192 bytes).
    Removing at32f4xx_tim.o(i.TMR_SetCompare1), (156 bytes).
    Removing at32f4xx_tim.o(i.TMR_SetCompare2), (136 bytes).
    Removing at32f4xx_tim.o(i.TMR_SetCompare3), (128 bytes).
    Removing at32f4xx_tim.o(i.TMR_SetCompare4), (128 bytes).
    Removing at32f4xx_tim.o(i.TMR_SetCounter), (156 bytes).
    Removing at32f4xx_tim.o(i.TMR_SetIC1DIV), (192 bytes).
    Removing at32f4xx_tim.o(i.TMR_SetIC2DIV), (180 bytes).
    Removing at32f4xx_tim.o(i.TMR_SetIC3DIV), (164 bytes).
    Removing at32f4xx_tim.o(i.TMR_SetIC4DIV), (172 bytes).
    Removing at32f4xx_tim.o(i.TMR_TIxExternalClockConfig), (236 bytes).
    Removing at32f4xx_tim.o(i.TMR_UpdateDisableConfig), (188 bytes).
    Removing at32f4xx_tim.o(i.TMR_UpdateRequestConfig), (188 bytes).
    Removing at32f4xx_exti.o(.rev16_text), (4 bytes).
    Removing at32f4xx_exti.o(.revsh_text), (4 bytes).
    Removing at32f4xx_exti.o(.rrx_text), (6 bytes).
    Removing at32f4xx_exti.o(i.EXTI_ClearFlag), (88 bytes).
    Removing at32f4xx_exti.o(i.EXTI_GetFlagStatus), (216 bytes).
    Removing at32f4xx_exti.o(i.EXTI_Reset), (36 bytes).
    Removing at32f4xx_exti.o(i.EXTI_StructInit), (14 bytes).
    Removing lk_ble.o(i.check_connectdStatu), (2 bytes).
    Removing lk_ble.o(.data), (1 bytes).
    Removing lk_ble.o(.data), (10 bytes).
    Removing lk_ble.o(.data), (11 bytes).
    Removing lk_ble.o(.data), (1 bytes).
    Removing lk_ble.o(.data), (1 bytes).
    Removing lk_ble.o(.data), (1 bytes).
    Removing lk_ble.o(.data), (1 bytes).
    Removing lk_ble.o(.data), (1 bytes).
    Removing lk_ble_ops.o(i.ble_ShutDown_ack), (64 bytes).
    Removing lk_ble_ops.o(i.ble_deviceOpenPower_ack), (64 bytes).
    Removing lk_ble_ops.o(i.ble_heart_ack), (136 bytes).
    Removing lk_ble_ops.o(i.ble_heatGears_ack), (64 bytes).
    Removing lk_ble_ops.o(i.ble_massageGears_ack), (64 bytes).
    Removing lk_ble_ops.o(i.ble_massageOver_ack), (64 bytes).
    Removing lk_ble_ops.o(i.ble_massageRuntime_ack), (68 bytes).
    Removing lk_ble_ops.o(i.ble_myEvent_register), (12 bytes).
    Removing lk_ble_ops.o(i.ble_noAdornShutDown_ack), (64 bytes).
    Removing lk_ble_ops.o(i.ble_quitWeixing_ack), (64 bytes).
    Removing lk_ble_ops.o(i.check_sum), (22 bytes).
    Removing lk_ble_ops.o(i.my_strlen), (16 bytes).
    Removing lk_ble_ops.o(.constdata), (64 bytes).
    Removing lk_ble_ops.o(.data), (1 bytes).
    Removing lk_ble_ops.o(.data), (1 bytes).
    Removing lk_433m.o(.data), (1 bytes).
    Removing lk_task.o(.rev16_text), (4 bytes).
    Removing lk_task.o(.revsh_text), (4 bytes).
    Removing lk_task.o(.rrx_text), (6 bytes).
    Removing lk_task.o(i.Delay_ms), (112 bytes).
    Removing lk_task.o(i.Delay_sec), (34 bytes).
    Removing lk_task.o(i.Delay_us), (64 bytes).
    Removing lk_task.o(i.powerKey_ctl), (76 bytes).
    Removing lk_task.o(.data), (128 bytes).
    Removing lk_task.o(.data), (128 bytes).
    Removing lk_task.o(.data), (128 bytes).
    Removing lk_task.o(.data), (128 bytes).
    Removing lk_board.o(.rev16_text), (4 bytes).
    Removing lk_board.o(.revsh_text), (4 bytes).
    Removing lk_board.o(.rrx_text), (6 bytes).
    Removing lk_board.o(i.ble_example_test), (56 bytes).
    Removing lk_board.o(i.get_tim_counter), (8 bytes).
    Removing lk_board.o(.data), (4 bytes).
    Removing lk_board.o(.data), (4 bytes).
    Removing ffixui.o(.text), (40 bytes).

224 unused section(s) (total 27492 bytes) removed from the image.

==============================================================================

Image Symbol Table

    Local Symbols

    Symbol Name                              Value     Ov Type        Size  Object(Section)

    ../clib/microlib/init/entry.s            0x00000000   Number         0  entry8a.o ABSOLUTE
    ../clib/microlib/init/entry.s            0x00000000   Number         0  entry2.o ABSOLUTE
    ../clib/microlib/init/entry.s            0x00000000   Number         0  entry7a.o ABSOLUTE
    ../clib/microlib/init/entry.s            0x00000000   Number         0  entry9b.o ABSOLUTE
    ../clib/microlib/init/entry.s            0x00000000   Number         0  entry7b.o ABSOLUTE
    ../clib/microlib/init/entry.s            0x00000000   Number         0  entry.o ABSOLUTE
    ../clib/microlib/init/entry.s            0x00000000   Number         0  entry5.o ABSOLUTE
    ../clib/microlib/init/entry.s            0x00000000   Number         0  entry11b.o ABSOLUTE
    ../clib/microlib/init/entry.s            0x00000000   Number         0  entry11a.o ABSOLUTE
    ../clib/microlib/init/entry.s            0x00000000   Number         0  entry10b.o ABSOLUTE
    ../clib/microlib/init/entry.s            0x00000000   Number         0  entry10a.o ABSOLUTE
    ../clib/microlib/init/entry.s            0x00000000   Number         0  entry9a.o ABSOLUTE
    ../clib/microlib/init/entry.s            0x00000000   Number         0  entry8b.o ABSOLUTE
    ../clib/microlib/stubs.s                 0x00000000   Number         0  iusefp.o ABSOLUTE
    ../fplib/microlib/fpdiv.c                0x00000000   Number         0  fdiv.o ABSOLUTE
    ../fplib/microlib/fpepilogue.c           0x00000000   Number         0  fepilogue.o ABSOLUTE
    ../fplib/microlib/fpfix.c                0x00000000   Number         0  ffixui.o ABSOLUTE
    ../fplib/microlib/fpflt.c                0x00000000   Number         0  ffltui.o ABSOLUTE
    ../fplib/microlib/fpmul.c                0x00000000   Number         0  fmul.o ABSOLUTE
    ..\..\..\..\app\ble\lk_ble.c             0x00000000   Number         0  lk_ble.o ABSOLUTE
    ..\..\..\..\app\ble\lk_ble_ops.c         0x00000000   Number         0  lk_ble_ops.o ABSOLUTE
    ..\..\..\..\app\board\k51\lk_board.c     0x00000000   Number         0  lk_board.o ABSOLUTE
    ..\..\..\..\app\queue\ringQueue.c        0x00000000   Number         0  ringqueue.o ABSOLUTE
    ..\..\..\..\app\task\lk_task.c           0x00000000   Number         0  lk_task.o ABSOLUTE
    ..\..\..\..\driver\drv433m\lk_433m.c     0x00000000   Number         0  lk_433m.o ABSOLUTE
    ..\Libraries\AT32F4xx_StdPeriph_Driver\src\at32f4xx_exti.c 0x00000000   Number         0  at32f4xx_exti.o ABSOLUTE
    ..\Libraries\AT32F4xx_StdPeriph_Driver\src\at32f4xx_gpio.c 0x00000000   Number         0  at32f4xx_gpio.o ABSOLUTE
    ..\Libraries\AT32F4xx_StdPeriph_Driver\src\at32f4xx_rcc.c 0x00000000   Number         0  at32f4xx_rcc.o ABSOLUTE
    ..\Libraries\AT32F4xx_StdPeriph_Driver\src\at32f4xx_tim.c 0x00000000   Number         0  at32f4xx_tim.o ABSOLUTE
    ..\Libraries\AT32F4xx_StdPeriph_Driver\src\at32f4xx_usart.c 0x00000000   Number         0  at32f4xx_usart.o ABSOLUTE
    ..\Libraries\AT32F4xx_StdPeriph_Driver\src\misc.c 0x00000000   Number         0  misc.o ABSOLUTE
    ..\Libraries\CMSIS\CM4\DeviceSupport\startup\mdk\startup_at32f415rct7.s 0x00000000   Number         0  startup_at32f415rct7.o ABSOLUTE
    ..\\..\\..\\..\\app\\board\\k51\\lk_board.c 0x00000000   Number         0  lk_board.o ABSOLUTE
    ..\\..\\..\\..\\app\\task\\lk_task.c     0x00000000   Number         0  lk_task.o ABSOLUTE
    ..\\Libraries\\AT32F4xx_StdPeriph_Driver\\src\\at32f4xx_exti.c 0x00000000   Number         0  at32f4xx_exti.o ABSOLUTE
    ..\\Libraries\\AT32F4xx_StdPeriph_Driver\\src\\at32f4xx_gpio.c 0x00000000   Number         0  at32f4xx_gpio.o ABSOLUTE
    ..\\Libraries\\AT32F4xx_StdPeriph_Driver\\src\\at32f4xx_rcc.c 0x00000000   Number         0  at32f4xx_rcc.o ABSOLUTE
    ..\\Libraries\\AT32F4xx_StdPeriph_Driver\\src\\at32f4xx_tim.c 0x00000000   Number         0  at32f4xx_tim.o ABSOLUTE
    ..\\Libraries\\AT32F4xx_StdPeriph_Driver\\src\\at32f4xx_usart.c 0x00000000   Number         0  at32f4xx_usart.o ABSOLUTE
    ..\\Libraries\\AT32F4xx_StdPeriph_Driver\\src\\misc.c 0x00000000   Number         0  misc.o ABSOLUTE
    ..\\at32f4xx_it.c                        0x00000000   Number         0  at32f4xx_it.o ABSOLUTE
    ..\\main.c                               0x00000000   Number         0  main.o ABSOLUTE
    ..\\system_at32f4xx.c                    0x00000000   Number         0  system_at32f4xx.o ABSOLUTE
    ..\at32f4xx_it.c                         0x00000000   Number         0  at32f4xx_it.o ABSOLUTE
    ..\main.c                                0x00000000   Number         0  main.o ABSOLUTE
    ..\system_at32f4xx.c                     0x00000000   Number         0  system_at32f4xx.o ABSOLUTE
    dc.s                                     0x00000000   Number         0  dc.o ABSOLUTE
    handlers.s                               0x00000000   Number         0  handlers.o ABSOLUTE
    init.s                                   0x00000000   Number         0  init.o ABSOLUTE
    RESET                                    0x08000000   Section      368  startup_at32f415rct7.o(RESET)
    .ARM.Collect$$$$00000000                 0x08000170   Section        0  entry.o(.ARM.Collect$$$$00000000)
    .ARM.Collect$$$$00000001                 0x08000170   Section        4  entry2.o(.ARM.Collect$$$$00000001)
    .ARM.Collect$$$$00000004                 0x08000174   Section        4  entry5.o(.ARM.Collect$$$$00000004)
    .ARM.Collect$$$$00000008                 0x08000178   Section        0  entry7b.o(.ARM.Collect$$$$00000008)
    .ARM.Collect$$$$0000000A                 0x08000178   Section        0  entry8b.o(.ARM.Collect$$$$0000000A)
    .ARM.Collect$$$$0000000B                 0x08000178   Section        8  entry9a.o(.ARM.Collect$$$$0000000B)
    .ARM.Collect$$$$0000000D                 0x08000180   Section        0  entry10a.o(.ARM.Collect$$$$0000000D)
    .ARM.Collect$$$$0000000F                 0x08000180   Section        0  entry11a.o(.ARM.Collect$$$$0000000F)
    .ARM.Collect$$$$00002712                 0x08000180   Section        4  entry2.o(.ARM.Collect$$$$00002712)
    __lit__00000000                          0x08000180   Data           4  entry2.o(.ARM.Collect$$$$00002712)
    .text                                    0x08000184   Section       36  startup_at32f415rct7.o(.text)
    .text                                    0x080001a8   Section        0  fmul.o(.text)
    .text                                    0x0800020c   Section        0  fdiv.o(.text)
    .text                                    0x08000288   Section        0  ffltui.o(.text)
    .text                                    0x08000292   Section        0  iusefp.o(.text)
    .text                                    0x08000292   Section        0  fepilogue.o(.text)
    .text                                    0x08000300   Section       36  init.o(.text)
    i.BusFault_Handler                       0x08000324   Section        0  at32f4xx_it.o(i.BusFault_Handler)
    i.DebugMon_Handler                       0x08000326   Section        0  at32f4xx_it.o(i.DebugMon_Handler)
    i.Delay_init                             0x08000328   Section        0  lk_task.o(i.Delay_init)
    i.EXTI3_IRQHandler                       0x08000360   Section        0  lk_board.o(i.EXTI3_IRQHandler)
    i.EXTI_ClearIntPendingBit                0x08000404   Section        0  at32f4xx_exti.o(i.EXTI_ClearIntPendingBit)
    i.EXTI_GenerateSWInt                     0x0800045c   Section        0  at32f4xx_exti.o(i.EXTI_GenerateSWInt)
    i.EXTI_GetIntStatus                      0x080004b8   Section        0  at32f4xx_exti.o(i.EXTI_GetIntStatus)
    i.EXTI_Init                              0x08000598   Section        0  at32f4xx_exti.o(i.EXTI_Init)
    i.GPIO_EXTILineConfig                    0x0800068c   Section        0  at32f4xx_gpio.o(i.GPIO_EXTILineConfig)
    i.GPIO_Init                              0x08000760   Section        0  at32f4xx_gpio.o(i.GPIO_Init)
    i.HardFault_Handler                      0x080008cc   Section        0  at32f4xx_it.o(i.HardFault_Handler)
    i.MemManage_Handler                      0x080008ce   Section        0  at32f4xx_it.o(i.MemManage_Handler)
    i.NMI_Handler                            0x080008d0   Section        0  at32f4xx_it.o(i.NMI_Handler)
    i.NVIC_Init                              0x080008d4   Section        0  misc.o(i.NVIC_Init)
    i.NVIC_PriorityGroupConfig               0x0800099c   Section        0  misc.o(i.NVIC_PriorityGroupConfig)
    i.PendSV_Handler                         0x08000a0c   Section        0  at32f4xx_it.o(i.PendSV_Handler)
    i.QueueInit                              0x08000a0e   Section        0  ringqueue.o(i.QueueInit)
    i.QueueLength                            0x08000a18   Section        0  ringqueue.o(i.QueueLength)
    i.Queue_pop                              0x08000a2c   Section        0  ringqueue.o(i.Queue_pop)
    i.Queue_push                             0x08000a50   Section        0  ringqueue.o(i.Queue_push)
    i.RCC_APB1PeriphClockCmd                 0x08000a80   Section        0  at32f4xx_rcc.o(i.RCC_APB1PeriphClockCmd)
    i.RCC_APB2PeriphClockCmd                 0x08000afc   Section        0  at32f4xx_rcc.o(i.RCC_APB2PeriphClockCmd)
    i.RCC_GetClocksFreq                      0x08000b78   Section        0  at32f4xx_rcc.o(i.RCC_GetClocksFreq)
    i.RCC_StepModeCmd                        0x08000cec   Section        0  at32f4xx_rcc.o(i.RCC_StepModeCmd)
    i.SVC_Handler                            0x08000d54   Section        0  at32f4xx_it.o(i.SVC_Handler)
    i.SetSysClockTo144MHSI                   0x08000d58   Section        0  system_at32f4xx.o(i.SetSysClockTo144MHSI)
    SetSysClockTo144MHSI                     0x08000d59   Thumb Code   194  system_at32f4xx.o(i.SetSysClockTo144MHSI)
    i.SysTick_CLKSourceConfig                0x08000e2c   Section        0  misc.o(i.SysTick_CLKSourceConfig)
    i.SysTick_Handler                        0x08000e88   Section        0  at32f4xx_it.o(i.SysTick_Handler)
    i.SystemInit                             0x08000e8c   Section        0  system_at32f4xx.o(i.SystemInit)
    i.TMR1_BRK_TMR9_IRQHandler               0x08000f0c   Section        0  main.o(i.TMR1_BRK_TMR9_IRQHandler)
    i.TMR_ARPreloadConfig                    0x08000f10   Section        0  at32f4xx_tim.o(i.TMR_ARPreloadConfig)
    i.TMR_ClearITPendingBit                  0x08000fcc   Section        0  at32f4xx_tim.o(i.TMR_ClearITPendingBit)
    i.TMR_Cmd                                0x0800107c   Section        0  at32f4xx_tim.o(i.TMR_Cmd)
    i.TMR_GetCounter                         0x08001138   Section        0  at32f4xx_tim.o(i.TMR_GetCounter)
    i.TMR_GetINTStatus                       0x080011d4   Section        0  at32f4xx_tim.o(i.TMR_GetINTStatus)
    i.TMR_INTConfig                          0x080012ac   Section        0  at32f4xx_tim.o(i.TMR_INTConfig)
    i.TMR_OC1Init                            0x08001374   Section        0  at32f4xx_tim.o(i.TMR_OC1Init)
    i.TMR_OC1PreloadConfig                   0x080014f0   Section        0  at32f4xx_tim.o(i.TMR_OC1PreloadConfig)
    i.TMR_OC2Init                            0x080015a4   Section        0  at32f4xx_tim.o(i.TMR_OC2Init)
    i.TMR_OC2PreloadConfig                   0x0800172c   Section        0  at32f4xx_tim.o(i.TMR_OC2PreloadConfig)
    i.TMR_OCStructInit                       0x080017d4   Section        0  at32f4xx_tim.o(i.TMR_OCStructInit)
    i.TMR_TimeBaseInit                       0x080017e8   Section        0  at32f4xx_tim.o(i.TMR_TimeBaseInit)
    i.TMR_TimeBaseStructInit                 0x080018f0   Section        0  at32f4xx_tim.o(i.TMR_TimeBaseStructInit)
    i.USART3_IRQHandler                      0x08001904   Section        0  lk_board.o(i.USART3_IRQHandler)
    i.USART_Cmd                              0x0800193c   Section        0  at32f4xx_usart.o(i.USART_Cmd)
    i.USART_GetFlagStatus                    0x080019dc   Section        0  at32f4xx_usart.o(i.USART_GetFlagStatus)
    i.USART_GetITStatus                      0x08001ab8   Section        0  at32f4xx_usart.o(i.USART_GetITStatus)
    i.USART_INTConfig                        0x08001bdc   Section        0  at32f4xx_usart.o(i.USART_INTConfig)
    i.USART_Init                             0x08001d00   Section        0  at32f4xx_usart.o(i.USART_Init)
    i.USART_ReceiveData                      0x08001ec8   Section        0  at32f4xx_usart.o(i.USART_ReceiveData)
    i.USART_SendData                         0x08001f4c   Section        0  at32f4xx_usart.o(i.USART_SendData)
    i.USART_StructInit                       0x08001fe4   Section        0  at32f4xx_usart.o(i.USART_StructInit)
    i.UsageFault_Handler                     0x08001ffa   Section        0  at32f4xx_it.o(i.UsageFault_Handler)
    i.__scatterload_copy                     0x08001ffc   Section       14  handlers.o(i.__scatterload_copy)
    i.__scatterload_null                     0x0800200a   Section        2  handlers.o(i.__scatterload_null)
    i.__scatterload_zeroinit                 0x0800200c   Section       14  handlers.o(i.__scatterload_zeroinit)
    i.assert_failed                          0x0800201a   Section        0  main.o(i.assert_failed)
    i.ble_anasys                             0x0800201c   Section        0  lk_ble.o(i.ble_anasys)
    i.ble_anysys_process                     0x0800205c   Section        0  lk_ble.o(i.ble_anysys_process)
    i.ble_heart                              0x08002098   Section        0  lk_ble_ops.o(i.ble_heart)
    i.ble_heat_gear                          0x080020d0   Section        0  lk_ble_ops.o(i.ble_heat_gear)
    i.ble_init                               0x080020f4   Section        0  lk_ble_ops.o(i.ble_init)
    i.ble_massage_gear                       0x08002114   Section        0  lk_ble_ops.o(i.ble_massage_gear)
    i.ble_massage_mode                       0x08002138   Section        0  lk_ble_ops.o(i.ble_massage_mode)
    i.ble_massage_over                       0x08002154   Section        0  lk_ble_ops.o(i.ble_massage_over)
    i.ble_massage_time                       0x08002174   Section        0  lk_ble_ops.o(i.ble_massage_time)
    i.ble_queuePush                          0x08002190   Section        0  lk_ble.o(i.ble_queuePush)
    i.ble_quit_weixing                       0x080021a4   Section        0  lk_ble_ops.o(i.ble_quit_weixing)
    i.ble_shutdown                           0x080021c0   Section        0  lk_ble_ops.o(i.ble_shutdown)
    i.ble_uart_init                          0x080021cc   Section        0  lk_board.o(i.ble_uart_init)
    i.lk_433m_hardInit                       0x08002218   Section        0  lk_board.o(i.lk_433m_hardInit)
    i.lk_ble_checkSum                        0x08002284   Section        0  lk_ble.o(i.lk_ble_checkSum)
    i.lk_borad_init                          0x08002330   Section        0  lk_board.o(i.lk_borad_init)
    i.lk_gpio_init                           0x0800235c   Section        0  lk_board.o(i.lk_gpio_init)
    i.lk_nvic_config                         0x080023dc   Section        0  lk_board.o(i.lk_nvic_config)
    i.lk_pwm_init                            0x0800241c   Section        0  lk_board.o(i.lk_pwm_init)
    i.lk_rcc_config                          0x080024ac   Section        0  lk_board.o(i.lk_rcc_config)
    i.lk_remote_init                         0x080024cc   Section        0  lk_433m.o(i.lk_remote_init)
    i.lk_taskTime_init                       0x080024e0   Section        0  lk_task.o(i.lk_taskTime_init)
    i.lk_task_init                           0x08002520   Section        0  lk_task.o(i.lk_task_init)
    i.lk_timerCnt_init                       0x08002550   Section        0  lk_board.o(i.lk_timerCnt_init)
    i.main                                   0x08002594   Section        0  main.o(i.main)
    i.motor_shake                            0x080025b4   Section        0  lk_task.o(i.motor_shake)
    i.my433M_anasys                          0x08002620   Section        0  lk_433m.o(i.my433M_anasys)
    i.myBlefunc                              0x08002728   Section        0  lk_ble.o(i.myBlefunc)
    i.remote433_down_callBack                0x08002740   Section        0  lk_task.o(i.remote433_down_callBack)
    i.remote433_left_callBack                0x08002758   Section        0  lk_task.o(i.remote433_left_callBack)
    i.remote433_menu_callBack                0x08002768   Section        0  lk_task.o(i.remote433_menu_callBack)
    i.remote433_right_callBack               0x08002778   Section        0  lk_task.o(i.remote433_right_callBack)
    i.remote433_up_callBack                  0x080027b4   Section        0  lk_task.o(i.remote433_up_callBack)
    i.task_1ms_callBack                      0x080027cc   Section        0  lk_task.o(i.task_1ms_callBack)
    i.usart_send                             0x0800280c   Section        0  lk_board.o(i.usart_send)
    .data                                    0x20000000   Section        4  main.o(.data)
    .data                                    0x20000004   Section       20  system_at32f4xx.o(.data)
    .data                                    0x20000018   Section       16  at32f4xx_rcc.o(.data)
    APBAHBPscTable                           0x20000018   Data           8  at32f4xx_rcc.o(.data)
    ADCPscTable                              0x20000020   Data           8  at32f4xx_rcc.o(.data)
    .data                                    0x20000028   Section        5  lk_ble.o(.data)
    cnt                                      0x20000029   Data           1  lk_ble.o(.data)
    rxDatCnt                                 0x2000002a   Data           1  lk_ble.o(.data)
    checksum                                 0x2000002b   Data           1  lk_ble.o(.data)
    lastData                                 0x2000002c   Data           1  lk_ble.o(.data)
    .data                                    0x20000030   Section       12  lk_ble.o(.data)
    .data                                    0x2000003c   Section       72  lk_ble_ops.o(.data)
    .data                                    0x20000084   Section       23  lk_ble_ops.o(.data)
    .data                                    0x2000009c   Section       16  ringqueue.o(.data)
    .data                                    0x200000ac   Section        8  lk_433m.o(.data)
    .data                                    0x200000b4   Section       52  lk_task.o(.data)
    freq                                     0x200000be   Data           1  lk_task.o(.data)
    fac_us                                   0x200000c0   Data           4  lk_task.o(.data)
    fac_ms                                   0x200000c4   Data           4  lk_task.o(.data)
    .data                                    0x200000e8   Section       20  lk_board.o(.data)
    .bss                                     0x200000fc   Section      108  lk_ble.o(.bss)
    .bss                                     0x20000168   Section       60  lk_ble_ops.o(.bss)
    .bss                                     0x200001a4   Section       20  lk_433m.o(.bss)
    STACK                                    0x200001b8   Section     1024  startup_at32f415rct7.o(STACK)

    Global Symbols

    Symbol Name                              Value     Ov Type        Size  Object(Section)

    BuildAttributes$$THM_ISAv4$E$P$D$K$B$S$7EM$PE$A:L22UL41UL21$X:L11$S22US41US21$IEEE1$IW$USESV6$~STKCKD$USESV7$~SHL$OTIME$ROPI$EBA8$MICROLIB$REQ8$PRES8$EABIv2 0x00000000   Number         0  anon$$obj.o ABSOLUTE
    __ARM_use_no_argv                        0x00000000   Number         0  main.o ABSOLUTE
    __cpp_initialize__aeabi_                  - Undefined Weak Reference
    __cxa_finalize                            - Undefined Weak Reference
    __decompress                              - Undefined Weak Reference
    _clock_init                               - Undefined Weak Reference
    _microlib_exit                            - Undefined Weak Reference
    __Vectors_Size                           0x00000170   Number         0  startup_at32f415rct7.o ABSOLUTE
    __Vectors                                0x08000000   Data           4  startup_at32f415rct7.o(RESET)
    __Vectors_End                            0x08000170   Data           0  startup_at32f415rct7.o(RESET)
    __main                                   0x08000171   Thumb Code     0  entry.o(.ARM.Collect$$$$00000000)
    _main_stk                                0x08000171   Thumb Code     0  entry2.o(.ARM.Collect$$$$00000001)
    _main_scatterload                        0x08000175   Thumb Code     0  entry5.o(.ARM.Collect$$$$00000004)
    __main_after_scatterload                 0x08000179   Thumb Code     0  entry5.o(.ARM.Collect$$$$00000004)
    _main_clock                              0x08000179   Thumb Code     0  entry7b.o(.ARM.Collect$$$$00000008)
    _main_cpp_init                           0x08000179   Thumb Code     0  entry8b.o(.ARM.Collect$$$$0000000A)
    _main_init                               0x08000179   Thumb Code     0  entry9a.o(.ARM.Collect$$$$0000000B)
    __rt_final_cpp                           0x08000181   Thumb Code     0  entry10a.o(.ARM.Collect$$$$0000000D)
    __rt_final_exit                          0x08000181   Thumb Code     0  entry11a.o(.ARM.Collect$$$$0000000F)
    Reset_Handler                            0x08000185   Thumb Code     8  startup_at32f415rct7.o(.text)
    ACC_IRQHandler                           0x0800019f   Thumb Code     0  startup_at32f415rct7.o(.text)
    ADC1_2_IRQHandler                        0x0800019f   Thumb Code     0  startup_at32f415rct7.o(.text)
    CAN1_RX0_IRQHandler                      0x0800019f   Thumb Code     0  startup_at32f415rct7.o(.text)
    CAN1_RX1_IRQHandler                      0x0800019f   Thumb Code     0  startup_at32f415rct7.o(.text)
    CAN1_SCE_IRQHandler                      0x0800019f   Thumb Code     0  startup_at32f415rct7.o(.text)
    CAN1_TX_IRQHandler                       0x0800019f   Thumb Code     0  startup_at32f415rct7.o(.text)
    COMP1_IRQHandler                         0x0800019f   Thumb Code     0  startup_at32f415rct7.o(.text)
    COMP2_IRQHandler                         0x0800019f   Thumb Code     0  startup_at32f415rct7.o(.text)
    DMA1_Channel1_IRQHandler                 0x0800019f   Thumb Code     0  startup_at32f415rct7.o(.text)
    DMA1_Channel2_IRQHandler                 0x0800019f   Thumb Code     0  startup_at32f415rct7.o(.text)
    DMA1_Channel3_IRQHandler                 0x0800019f   Thumb Code     0  startup_at32f415rct7.o(.text)
    DMA1_Channel4_IRQHandler                 0x0800019f   Thumb Code     0  startup_at32f415rct7.o(.text)
    DMA1_Channel5_IRQHandler                 0x0800019f   Thumb Code     0  startup_at32f415rct7.o(.text)
    DMA1_Channel6_IRQHandler                 0x0800019f   Thumb Code     0  startup_at32f415rct7.o(.text)
    DMA1_Channel7_IRQHandler                 0x0800019f   Thumb Code     0  startup_at32f415rct7.o(.text)
    DMA2_Channel1_IRQHandler                 0x0800019f   Thumb Code     0  startup_at32f415rct7.o(.text)
    DMA2_Channel2_IRQHandler                 0x0800019f   Thumb Code     0  startup_at32f415rct7.o(.text)
    DMA2_Channel3_IRQHandler                 0x0800019f   Thumb Code     0  startup_at32f415rct7.o(.text)
    DMA2_Channel4_5_IRQHandler               0x0800019f   Thumb Code     0  startup_at32f415rct7.o(.text)
    DMA2_Channel6_7_IRQHandler               0x0800019f   Thumb Code     0  startup_at32f415rct7.o(.text)
    ERTCAlarm_IRQHandler                     0x0800019f   Thumb Code     0  startup_at32f415rct7.o(.text)
    ERTC_WKUP_IRQHandler                     0x0800019f   Thumb Code     0  startup_at32f415rct7.o(.text)
    EXTI0_IRQHandler                         0x0800019f   Thumb Code     0  startup_at32f415rct7.o(.text)
    EXTI15_10_IRQHandler                     0x0800019f   Thumb Code     0  startup_at32f415rct7.o(.text)
    EXTI1_IRQHandler                         0x0800019f   Thumb Code     0  startup_at32f415rct7.o(.text)
    EXTI2_IRQHandler                         0x0800019f   Thumb Code     0  startup_at32f415rct7.o(.text)
    EXTI4_IRQHandler                         0x0800019f   Thumb Code     0  startup_at32f415rct7.o(.text)
    EXTI9_5_IRQHandler                       0x0800019f   Thumb Code     0  startup_at32f415rct7.o(.text)
    FLASH_IRQHandler                         0x0800019f   Thumb Code     0  startup_at32f415rct7.o(.text)
    I2C1_ER_IRQHandler                       0x0800019f   Thumb Code     0  startup_at32f415rct7.o(.text)
    I2C1_EV_IRQHandler                       0x0800019f   Thumb Code     0  startup_at32f415rct7.o(.text)
    I2C2_ER_IRQHandler                       0x0800019f   Thumb Code     0  startup_at32f415rct7.o(.text)
    I2C2_EV_IRQHandler                       0x0800019f   Thumb Code     0  startup_at32f415rct7.o(.text)
    PVD_IRQHandler                           0x0800019f   Thumb Code     0  startup_at32f415rct7.o(.text)
    RCC_IRQHandler                           0x0800019f   Thumb Code     0  startup_at32f415rct7.o(.text)
    SDIO_IRQHandler                          0x0800019f   Thumb Code     0  startup_at32f415rct7.o(.text)
    SPI1_IRQHandler                          0x0800019f   Thumb Code     0  startup_at32f415rct7.o(.text)
    SPI2_IRQHandler                          0x0800019f   Thumb Code     0  startup_at32f415rct7.o(.text)
    TAMP_STAMP_IRQHandler                    0x0800019f   Thumb Code     0  startup_at32f415rct7.o(.text)
    TMR1_CC_IRQHandler                       0x0800019f   Thumb Code     0  startup_at32f415rct7.o(.text)
    TMR1_OV_TMR10_IRQHandler                 0x0800019f   Thumb Code     0  startup_at32f415rct7.o(.text)
    TMR1_TRG_HALL_TMR11_IRQHandler           0x0800019f   Thumb Code     0  startup_at32f415rct7.o(.text)
    TMR2_GLOBAL_IRQHandler                   0x0800019f   Thumb Code     0  startup_at32f415rct7.o(.text)
    TMR3_GLOBAL_IRQHandler                   0x0800019f   Thumb Code     0  startup_at32f415rct7.o(.text)
    TMR4_GLOBAL_IRQHandler                   0x0800019f   Thumb Code     0  startup_at32f415rct7.o(.text)
    TMR5_GLOBAL_IRQHandler                   0x0800019f   Thumb Code     0  startup_at32f415rct7.o(.text)
    UART4_IRQHandler                         0x0800019f   Thumb Code     0  startup_at32f415rct7.o(.text)
    UART5_IRQHandler                         0x0800019f   Thumb Code     0  startup_at32f415rct7.o(.text)
    USART1_IRQHandler                        0x0800019f   Thumb Code     0  startup_at32f415rct7.o(.text)
    USART2_IRQHandler                        0x0800019f   Thumb Code     0  startup_at32f415rct7.o(.text)
    USBOTG_IRQHandler                        0x0800019f   Thumb Code     0  startup_at32f415rct7.o(.text)
    USBWakeUp_IRQHandler                     0x0800019f   Thumb Code     0  startup_at32f415rct7.o(.text)
    WWDG_IRQHandler                          0x0800019f   Thumb Code     0  startup_at32f415rct7.o(.text)
    __aeabi_fmul                             0x080001a9   Thumb Code   100  fmul.o(.text)
    __aeabi_fdiv                             0x0800020d   Thumb Code   124  fdiv.o(.text)
    __aeabi_ui2f                             0x08000289   Thumb Code    10  ffltui.o(.text)
    __I$use$fp                               0x08000293   Thumb Code     0  iusefp.o(.text)
    _float_round                             0x08000293   Thumb Code    18  fepilogue.o(.text)
    _float_epilogue                          0x080002a5   Thumb Code    92  fepilogue.o(.text)
    __scatterload                            0x08000301   Thumb Code    28  init.o(.text)
    __scatterload_rt2                        0x08000301   Thumb Code     0  init.o(.text)
    BusFault_Handler                         0x08000325   Thumb Code     2  at32f4xx_it.o(i.BusFault_Handler)
    DebugMon_Handler                         0x08000327   Thumb Code     2  at32f4xx_it.o(i.DebugMon_Handler)
    Delay_init                               0x08000329   Thumb Code    40  lk_task.o(i.Delay_init)
    EXTI3_IRQHandler                         0x08000361   Thumb Code   158  lk_board.o(i.EXTI3_IRQHandler)
    EXTI_ClearIntPendingBit                  0x08000405   Thumb Code    24  at32f4xx_exti.o(i.EXTI_ClearIntPendingBit)
    EXTI_GenerateSWInt                       0x0800045d   Thumb Code    28  at32f4xx_exti.o(i.EXTI_GenerateSWInt)
    EXTI_GetIntStatus                        0x080004b9   Thumb Code   160  at32f4xx_exti.o(i.EXTI_GetIntStatus)
    EXTI_Init                                0x08000599   Thumb Code   180  at32f4xx_exti.o(i.EXTI_Init)
    GPIO_EXTILineConfig                      0x0800068d   Thumb Code   146  at32f4xx_gpio.o(i.GPIO_EXTILineConfig)
    GPIO_Init                                0x08000761   Thumb Code   282  at32f4xx_gpio.o(i.GPIO_Init)
    HardFault_Handler                        0x080008cd   Thumb Code     2  at32f4xx_it.o(i.HardFault_Handler)
    MemManage_Handler                        0x080008cf   Thumb Code     2  at32f4xx_it.o(i.MemManage_Handler)
    NMI_Handler                              0x080008d1   Thumb Code     2  at32f4xx_it.o(i.NMI_Handler)
    NVIC_Init                                0x080008d5   Thumb Code   142  misc.o(i.NVIC_Init)
    NVIC_PriorityGroupConfig                 0x0800099d   Thumb Code    52  misc.o(i.NVIC_PriorityGroupConfig)
    PendSV_Handler                           0x08000a0d   Thumb Code     2  at32f4xx_it.o(i.PendSV_Handler)
    QueueInit                                0x08000a0f   Thumb Code    10  ringqueue.o(i.QueueInit)
    QueueLength                              0x08000a19   Thumb Code    20  ringqueue.o(i.QueueLength)
    Queue_pop                                0x08000a2d   Thumb Code    36  ringqueue.o(i.Queue_pop)
    Queue_push                               0x08000a51   Thumb Code    46  ringqueue.o(i.Queue_push)
    RCC_APB1PeriphClockCmd                   0x08000a81   Thumb Code    56  at32f4xx_rcc.o(i.RCC_APB1PeriphClockCmd)
    RCC_APB2PeriphClockCmd                   0x08000afd   Thumb Code    56  at32f4xx_rcc.o(i.RCC_APB2PeriphClockCmd)
    RCC_GetClocksFreq                        0x08000b79   Thumb Code   348  at32f4xx_rcc.o(i.RCC_GetClocksFreq)
    RCC_StepModeCmd                          0x08000ced   Thumb Code    38  at32f4xx_rcc.o(i.RCC_StepModeCmd)
    SVC_Handler                              0x08000d55   Thumb Code     2  at32f4xx_it.o(i.SVC_Handler)
    SysTick_CLKSourceConfig                  0x08000e2d   Thumb Code    40  misc.o(i.SysTick_CLKSourceConfig)
    SysTick_Handler                          0x08000e89   Thumb Code     2  at32f4xx_it.o(i.SysTick_Handler)
    SystemInit                               0x08000e8d   Thumb Code   100  system_at32f4xx.o(i.SystemInit)
    TMR1_BRK_TMR9_IRQHandler                 0x08000f0d   Thumb Code     4  main.o(i.TMR1_BRK_TMR9_IRQHandler)
    TMR_ARPreloadConfig                      0x08000f11   Thumb Code    98  at32f4xx_tim.o(i.TMR_ARPreloadConfig)
    TMR_ClearITPendingBit                    0x08000fcd   Thumb Code    86  at32f4xx_tim.o(i.TMR_ClearITPendingBit)
    TMR_Cmd                                  0x0800107d   Thumb Code    98  at32f4xx_tim.o(i.TMR_Cmd)
    TMR_GetCounter                           0x08001139   Thumb Code    66  at32f4xx_tim.o(i.TMR_GetCounter)
    TMR_GetINTStatus                         0x080011d5   Thumb Code   128  at32f4xx_tim.o(i.TMR_GetINTStatus)
    TMR_INTConfig                            0x080012ad   Thumb Code   112  at32f4xx_tim.o(i.TMR_INTConfig)
    TMR_OC1Init                              0x08001375   Thumb Code   292  at32f4xx_tim.o(i.TMR_OC1Init)
    TMR_OC1PreloadConfig                     0x080014f1   Thumb Code    92  at32f4xx_tim.o(i.TMR_OC1PreloadConfig)
    TMR_OC2Init                              0x080015a5   Thumb Code   310  at32f4xx_tim.o(i.TMR_OC2Init)
    TMR_OC2PreloadConfig                     0x0800172d   Thumb Code    88  at32f4xx_tim.o(i.TMR_OC2PreloadConfig)
    TMR_OCStructInit                         0x080017d5   Thumb Code    20  at32f4xx_tim.o(i.TMR_OCStructInit)
    TMR_TimeBaseInit                         0x080017e9   Thumb Code   176  at32f4xx_tim.o(i.TMR_TimeBaseInit)
    TMR_TimeBaseStructInit                   0x080018f1   Thumb Code    18  at32f4xx_tim.o(i.TMR_TimeBaseStructInit)
    USART3_IRQHandler                        0x08001905   Thumb Code    44  lk_board.o(i.USART3_IRQHandler)
    USART_Cmd                                0x0800193d   Thumb Code    80  at32f4xx_usart.o(i.USART_Cmd)
    USART_GetFlagStatus                      0x080019dd   Thumb Code   140  at32f4xx_usart.o(i.USART_GetFlagStatus)
    USART_GetITStatus                        0x08001ab9   Thumb Code   212  at32f4xx_usart.o(i.USART_GetITStatus)
    USART_INTConfig                          0x08001bdd   Thumb Code   210  at32f4xx_usart.o(i.USART_INTConfig)
    USART_Init                               0x08001d01   Thumb Code   370  at32f4xx_usart.o(i.USART_Init)
    USART_ReceiveData                        0x08001ec9   Thumb Code    52  at32f4xx_usart.o(i.USART_ReceiveData)
    USART_SendData                           0x08001f4d   Thumb Code    70  at32f4xx_usart.o(i.USART_SendData)
    USART_StructInit                         0x08001fe5   Thumb Code    22  at32f4xx_usart.o(i.USART_StructInit)
    UsageFault_Handler                       0x08001ffb   Thumb Code     2  at32f4xx_it.o(i.UsageFault_Handler)
    __scatterload_copy                       0x08001ffd   Thumb Code    14  handlers.o(i.__scatterload_copy)
    __scatterload_null                       0x0800200b   Thumb Code     2  handlers.o(i.__scatterload_null)
    __scatterload_zeroinit                   0x0800200d   Thumb Code    14  handlers.o(i.__scatterload_zeroinit)
    assert_failed                            0x0800201b   Thumb Code     2  main.o(i.assert_failed)
    ble_anasys                               0x0800201d   Thumb Code    58  lk_ble.o(i.ble_anasys)
    ble_anysys_process                       0x0800205d   Thumb Code    46  lk_ble.o(i.ble_anysys_process)
    ble_heart                                0x08002099   Thumb Code    52  lk_ble_ops.o(i.ble_heart)
    ble_heat_gear                            0x080020d1   Thumb Code    30  lk_ble_ops.o(i.ble_heat_gear)
    ble_init                                 0x080020f5   Thumb Code    20  lk_ble_ops.o(i.ble_init)
    ble_massage_gear                         0x08002115   Thumb Code    30  lk_ble_ops.o(i.ble_massage_gear)
    ble_massage_mode                         0x08002139   Thumb Code    22  lk_ble_ops.o(i.ble_massage_mode)
    ble_massage_over                         0x08002155   Thumb Code    28  lk_ble_ops.o(i.ble_massage_over)
    ble_massage_time                         0x08002175   Thumb Code    22  lk_ble_ops.o(i.ble_massage_time)
    ble_queuePush                            0x08002191   Thumb Code    10  lk_ble.o(i.ble_queuePush)
    ble_quit_weixing                         0x080021a5   Thumb Code    22  lk_ble_ops.o(i.ble_quit_weixing)
    ble_shutdown                             0x080021c1   Thumb Code     8  lk_ble_ops.o(i.ble_shutdown)
    ble_uart_init                            0x080021cd   Thumb Code    70  lk_board.o(i.ble_uart_init)
    lk_433m_hardInit                         0x08002219   Thumb Code   100  lk_board.o(i.lk_433m_hardInit)
    lk_ble_checkSum                          0x08002285   Thumb Code   162  lk_ble.o(i.lk_ble_checkSum)
    lk_borad_init                            0x08002331   Thumb Code    40  lk_board.o(i.lk_borad_init)
    lk_gpio_init                             0x0800235d   Thumb Code   120  lk_board.o(i.lk_gpio_init)
    lk_nvic_config                           0x080023dd   Thumb Code    64  lk_board.o(i.lk_nvic_config)
    lk_pwm_init                              0x0800241d   Thumb Code   132  lk_board.o(i.lk_pwm_init)
    lk_rcc_config                            0x080024ad   Thumb Code    22  lk_board.o(i.lk_rcc_config)
    lk_remote_init                           0x080024cd   Thumb Code    16  lk_433m.o(i.lk_remote_init)
    lk_taskTime_init                         0x080024e1   Thumb Code    58  lk_task.o(i.lk_taskTime_init)
    lk_task_init                             0x08002521   Thumb Code    28  lk_task.o(i.lk_task_init)
    lk_timerCnt_init                         0x08002551   Thumb Code    60  lk_board.o(i.lk_timerCnt_init)
    main                                     0x08002595   Thumb Code    22  main.o(i.main)
    motor_shake                              0x080025b5   Thumb Code    98  lk_task.o(i.motor_shake)
    my433M_anasys                            0x08002621   Thumb Code   256  lk_433m.o(i.my433M_anasys)
    myBlefunc                                0x08002729   Thumb Code    20  lk_ble.o(i.myBlefunc)
    remote433_down_callBack                  0x08002741   Thumb Code    18  lk_task.o(i.remote433_down_callBack)
    remote433_left_callBack                  0x08002759   Thumb Code    10  lk_task.o(i.remote433_left_callBack)
    remote433_menu_callBack                  0x08002769   Thumb Code    10  lk_task.o(i.remote433_menu_callBack)
    remote433_right_callBack                 0x08002779   Thumb Code    50  lk_task.o(i.remote433_right_callBack)
    remote433_up_callBack                    0x080027b5   Thumb Code    18  lk_task.o(i.remote433_up_callBack)
    task_1ms_callBack                        0x080027cd   Thumb Code    54  lk_task.o(i.task_1ms_callBack)
    usart_send                               0x0800280d   Thumb Code    44  lk_board.o(i.usart_send)
    Region$$Table$$Base                      0x0800283c   Number         0  anon$$obj.o(Region$$Table)
    Region$$Table$$Limit                     0x0800285c   Number         0  anon$$obj.o(Region$$Table)
    erroType                                 0x20000000   Data           4  main.o(.data)
    SystemCoreClock                          0x20000004   Data           4  system_at32f4xx.o(.data)
    AHBPscTable                              0x20000008   Data          16  system_at32f4xx.o(.data)
    frame_enum                               0x20000028   Data           1  lk_ble.o(.data)
    ble_handle                               0x20000030   Data          12  lk_ble.o(.data)
    mybleOps                                 0x2000003c   Data          72  lk_ble_ops.o(.data)
    sendFrame                                0x20000084   Data           4  lk_ble_ops.o(.data)
    bleName                                  0x20000088   Data          19  lk_ble_ops.o(.data)
    ringQueue_ops                            0x2000009c   Data          16  ringqueue.o(.data)
    pressKey                                 0x200000ac   Data           1  lk_433m.o(.data)
    remoteStatu                              0x200000ad   Data           1  lk_433m.o(.data)
    revData                                  0x200000ae   Data           2  lk_433m.o(.data)
    revSize                                  0x200000b0   Data           2  lk_433m.o(.data)
    oldRevData                               0x200000b2   Data           2  lk_433m.o(.data)
    ifPowerOn                                0x200000b4   Data           1  lk_task.o(.data)
    powerKeyPress                            0x200000b5   Data           1  lk_task.o(.data)
    ifShakeLowStart                          0x200000b6   Data           1  lk_task.o(.data)
    ifShakeMidStart                          0x200000b7   Data           1  lk_task.o(.data)
    ifShakeHighStart                         0x200000b8   Data           1  lk_task.o(.data)
    motorRunStatu                            0x200000b9   Data           1  lk_task.o(.data)
    downCnts                                 0x200000ba   Data           1  lk_task.o(.data)
    rightCnts                                0x200000bb   Data           1  lk_task.o(.data)
    leftCnts                                 0x200000bc   Data           1  lk_task.o(.data)
    menuCnts                                 0x200000bd   Data           1  lk_task.o(.data)
    upCnts                                   0x200000bf   Data           1  lk_task.o(.data)
    motorShakeOnece                          0x200000c8   Data          16  lk_task.o(.data)
    motorShakeTwice                          0x200000d8   Data          16  lk_task.o(.data)
    rxta                                     0x200000e8   Data           2  lk_board.o(.data)
    readValue1                               0x200000ea   Data           2  lk_board.o(.data)
    readValue2                               0x200000ec   Data           2  lk_board.o(.data)
    captureNumber                            0x200000ee   Data           2  lk_board.o(.data)
    capture                                  0x200000f0   Data           4  lk_board.o(.data)
    EXTI_InitStructure                       0x200000f4   Data           8  lk_board.o(.data)
    rxData                                   0x200000fc   Data          23  lk_ble.o(.bss)
    frameBuf                                 0x20000113   Data          22  lk_ble.o(.bss)
    bleQueue                                 0x2000012c   Data          60  lk_ble.o(.bss)
    frameHandle                              0x20000168   Data          32  lk_ble_ops.o(.bss)
    myEvent                                  0x20000188   Data          28  lk_ble_ops.o(.bss)
    remoteFunc                               0x200001a4   Data          20  lk_433m.o(.bss)
    __initial_sp                             0x200005b8   Data           0  startup_at32f415rct7.o(STACK)



==============================================================================

Memory Map of the image

  Image Entry point : 0x08000171

  Load Region LR_IROM1 (Base: 0x08000000, Size: 0x00002958, Max: 0x00040000, ABSOLUTE)

    Execution Region ER_IROM1 (Exec base: 0x08000000, Load base: 0x08000000, Size: 0x0000285c, Max: 0x00040000, ABSOLUTE)

    Exec Addr    Load Addr    Size         Type   Attr      Idx    E Section Name        Object

    0x08000000   0x08000000   0x00000170   Data   RO          299    RESET               startup_at32f415rct7.o
    0x08000170   0x08000170   0x00000000   Code   RO         1998  * .ARM.Collect$$$$00000000  mc_w.l(entry.o)
    0x08000170   0x08000170   0x00000004   Code   RO         2009    .ARM.Collect$$$$00000001  mc_w.l(entry2.o)
    0x08000174   0x08000174   0x00000004   Code   RO         2012    .ARM.Collect$$$$00000004  mc_w.l(entry5.o)
    0x08000178   0x08000178   0x00000000   Code   RO         2014    .ARM.Collect$$$$00000008  mc_w.l(entry7b.o)
    0x08000178   0x08000178   0x00000000   Code   RO         2016    .ARM.Collect$$$$0000000A  mc_w.l(entry8b.o)
    0x08000178   0x08000178   0x00000008   Code   RO         2017    .ARM.Collect$$$$0000000B  mc_w.l(entry9a.o)
    0x08000180   0x08000180   0x00000000   Code   RO         2019    .ARM.Collect$$$$0000000D  mc_w.l(entry10a.o)
    0x08000180   0x08000180   0x00000000   Code   RO         2021    .ARM.Collect$$$$0000000F  mc_w.l(entry11a.o)
    0x08000180   0x08000180   0x00000004   Code   RO         2010    .ARM.Collect$$$$00002712  mc_w.l(entry2.o)
    0x08000184   0x08000184   0x00000024   Code   RO          300    .text               startup_at32f415rct7.o
    0x080001a8   0x080001a8   0x00000064   Code   RO         2001    .text               mf_w.l(fmul.o)
    0x0800020c   0x0800020c   0x0000007c   Code   RO         2003    .text               mf_w.l(fdiv.o)
    0x08000288   0x08000288   0x0000000a   Code   RO         2005    .text               mf_w.l(ffltui.o)
    0x08000292   0x08000292   0x00000000   Code   RO         2023    .text               mc_w.l(iusefp.o)
    0x08000292   0x08000292   0x0000006e   Code   RO         2024    .text               mf_w.l(fepilogue.o)
    0x08000300   0x08000300   0x00000024   Code   RO         2026    .text               mc_w.l(init.o)
    0x08000324   0x08000324   0x00000002   Code   RO          184    i.BusFault_Handler  at32f4xx_it.o
    0x08000326   0x08000326   0x00000002   Code   RO          185    i.DebugMon_Handler  at32f4xx_it.o
    0x08000328   0x08000328   0x00000038   Code   RO         1791    i.Delay_init        lk_task.o
    0x08000360   0x08000360   0x000000a4   Code   RO         1900    i.EXTI3_IRQHandler  lk_board.o
    0x08000404   0x08000404   0x00000058   Code   RO         1464    i.EXTI_ClearIntPendingBit  at32f4xx_exti.o
    0x0800045c   0x0800045c   0x0000005c   Code   RO         1465    i.EXTI_GenerateSWInt  at32f4xx_exti.o
    0x080004b8   0x080004b8   0x000000e0   Code   RO         1467    i.EXTI_GetIntStatus  at32f4xx_exti.o
    0x08000598   0x08000598   0x000000f4   Code   RO         1468    i.EXTI_Init         at32f4xx_exti.o
    0x0800068c   0x0800068c   0x000000d4   Code   RO          308    i.GPIO_EXTILineConfig  at32f4xx_gpio.o
    0x08000760   0x08000760   0x0000016c   Code   RO          311    i.GPIO_Init         at32f4xx_gpio.o
    0x080008cc   0x080008cc   0x00000002   Code   RO          186    i.HardFault_Handler  at32f4xx_it.o
    0x080008ce   0x080008ce   0x00000002   Code   RO          187    i.MemManage_Handler  at32f4xx_it.o
    0x080008d0   0x080008d0   0x00000002   Code   RO          188    i.NMI_Handler       at32f4xx_it.o
    0x080008d2   0x080008d2   0x00000002   PAD
    0x080008d4   0x080008d4   0x000000c8   Code   RO          859    i.NVIC_Init         misc.o
    0x0800099c   0x0800099c   0x00000070   Code   RO          860    i.NVIC_PriorityGroupConfig  misc.o
    0x08000a0c   0x08000a0c   0x00000002   Code   RO          189    i.PendSV_Handler    at32f4xx_it.o
    0x08000a0e   0x08000a0e   0x0000000a   Code   RO         1726    i.QueueInit         ringqueue.o
    0x08000a18   0x08000a18   0x00000014   Code   RO         1727    i.QueueLength       ringqueue.o
    0x08000a2c   0x08000a2c   0x00000024   Code   RO         1728    i.Queue_pop         ringqueue.o
    0x08000a50   0x08000a50   0x0000002e   Code   RO         1729    i.Queue_push        ringqueue.o
    0x08000a7e   0x08000a7e   0x00000002   PAD
    0x08000a80   0x08000a80   0x0000007c   Code   RO          435    i.RCC_APB1PeriphClockCmd  at32f4xx_rcc.o
    0x08000afc   0x08000afc   0x0000007c   Code   RO          438    i.RCC_APB2PeriphClockCmd  at32f4xx_rcc.o
    0x08000b78   0x08000b78   0x00000174   Code   RO          446    i.RCC_GetClocksFreq  at32f4xx_rcc.o
    0x08000cec   0x08000cec   0x00000068   Code   RO          464    i.RCC_StepModeCmd   at32f4xx_rcc.o
    0x08000d54   0x08000d54   0x00000002   Code   RO          190    i.SVC_Handler       at32f4xx_it.o
    0x08000d56   0x08000d56   0x00000002   PAD
    0x08000d58   0x08000d58   0x000000d4   Code   RO          259    i.SetSysClockTo144MHSI  system_at32f4xx.o
    0x08000e2c   0x08000e2c   0x0000005c   Code   RO          863    i.SysTick_CLKSourceConfig  misc.o
    0x08000e88   0x08000e88   0x00000002   Code   RO          191    i.SysTick_Handler   at32f4xx_it.o
    0x08000e8a   0x08000e8a   0x00000002   PAD
    0x08000e8c   0x08000e8c   0x00000080   Code   RO          261    i.SystemInit        system_at32f4xx.o
    0x08000f0c   0x08000f0c   0x00000004   Code   RO            4    i.TMR1_BRK_TMR9_IRQHandler  main.o
    0x08000f10   0x08000f10   0x000000bc   Code   RO          909    i.TMR_ARPreloadConfig  at32f4xx_tim.o
    0x08000fcc   0x08000fcc   0x000000b0   Code   RO          916    i.TMR_ClearITPendingBit  at32f4xx_tim.o
    0x0800107c   0x0800107c   0x000000bc   Code   RO          921    i.TMR_Cmd           at32f4xx_tim.o
    0x08001138   0x08001138   0x0000009c   Code   RO          940    i.TMR_GetCounter    at32f4xx_tim.o
    0x080011d4   0x080011d4   0x000000d8   Code   RO          943    i.TMR_GetINTStatus  at32f4xx_tim.o
    0x080012ac   0x080012ac   0x000000c8   Code   RO          946    i.TMR_INTConfig     at32f4xx_tim.o
    0x08001374   0x08001374   0x0000017c   Code   RO          950    i.TMR_OC1Init       at32f4xx_tim.o
    0x080014f0   0x080014f0   0x000000b4   Code   RO          953    i.TMR_OC1PreloadConfig  at32f4xx_tim.o
    0x080015a4   0x080015a4   0x00000188   Code   RO          955    i.TMR_OC2Init       at32f4xx_tim.o
    0x0800172c   0x0800172c   0x000000a8   Code   RO          958    i.TMR_OC2PreloadConfig  at32f4xx_tim.o
    0x080017d4   0x080017d4   0x00000014   Code   RO          968    i.TMR_OCStructInit  at32f4xx_tim.o
    0x080017e8   0x080017e8   0x00000108   Code   RO          993    i.TMR_TimeBaseInit  at32f4xx_tim.o
    0x080018f0   0x080018f0   0x00000012   Code   RO          994    i.TMR_TimeBaseStructInit  at32f4xx_tim.o
    0x08001902   0x08001902   0x00000002   PAD
    0x08001904   0x08001904   0x00000038   Code   RO         1901    i.USART3_IRQHandler  lk_board.o
    0x0800193c   0x0800193c   0x000000a0   Code   RO          671    i.USART_Cmd         at32f4xx_usart.o
    0x080019dc   0x080019dc   0x000000dc   Code   RO          673    i.USART_GetFlagStatus  at32f4xx_usart.o
    0x08001ab8   0x08001ab8   0x00000124   Code   RO          674    i.USART_GetITStatus  at32f4xx_usart.o
    0x08001bdc   0x08001bdc   0x00000124   Code   RO          676    i.USART_INTConfig   at32f4xx_usart.o
    0x08001d00   0x08001d00   0x000001c8   Code   RO          677    i.USART_Init        at32f4xx_usart.o
    0x08001ec8   0x08001ec8   0x00000084   Code   RO          684    i.USART_ReceiveData  at32f4xx_usart.o
    0x08001f4c   0x08001f4c   0x00000098   Code   RO          688    i.USART_SendData    at32f4xx_usart.o
    0x08001fe4   0x08001fe4   0x00000016   Code   RO          694    i.USART_StructInit  at32f4xx_usart.o
    0x08001ffa   0x08001ffa   0x00000002   Code   RO          192    i.UsageFault_Handler  at32f4xx_it.o
    0x08001ffc   0x08001ffc   0x0000000e   Code   RO         2030    i.__scatterload_copy  mc_w.l(handlers.o)
    0x0800200a   0x0800200a   0x00000002   Code   RO         2031    i.__scatterload_null  mc_w.l(handlers.o)
    0x0800200c   0x0800200c   0x0000000e   Code   RO         2032    i.__scatterload_zeroinit  mc_w.l(handlers.o)
    0x0800201a   0x0800201a   0x00000002   Code   RO            5    i.assert_failed     main.o
    0x0800201c   0x0800201c   0x00000040   Code   RO         1526    i.ble_anasys        lk_ble.o
    0x0800205c   0x0800205c   0x0000003c   Code   RO         1527    i.ble_anysys_process  lk_ble.o
    0x08002098   0x08002098   0x00000038   Code   RO         1586    i.ble_heart         lk_ble_ops.o
    0x080020d0   0x080020d0   0x00000024   Code   RO         1589    i.ble_heat_gear     lk_ble_ops.o
    0x080020f4   0x080020f4   0x00000020   Code   RO         1590    i.ble_init          lk_ble_ops.o
    0x08002114   0x08002114   0x00000024   Code   RO         1594    i.ble_massage_gear  lk_ble_ops.o
    0x08002138   0x08002138   0x0000001c   Code   RO         1595    i.ble_massage_mode  lk_ble_ops.o
    0x08002154   0x08002154   0x00000020   Code   RO         1596    i.ble_massage_over  lk_ble_ops.o
    0x08002174   0x08002174   0x0000001c   Code   RO         1597    i.ble_massage_time  lk_ble_ops.o
    0x08002190   0x08002190   0x00000014   Code   RO         1528    i.ble_queuePush     lk_ble.o
    0x080021a4   0x080021a4   0x0000001c   Code   RO         1601    i.ble_quit_weixing  lk_ble_ops.o
    0x080021c0   0x080021c0   0x0000000c   Code   RO         1602    i.ble_shutdown      lk_ble_ops.o
    0x080021cc   0x080021cc   0x0000004c   Code   RO         1903    i.ble_uart_init     lk_board.o
    0x08002218   0x08002218   0x0000006c   Code   RO         1905    i.lk_433m_hardInit  lk_board.o
    0x08002284   0x08002284   0x000000ac   Code   RO         1530    i.lk_ble_checkSum   lk_ble.o
    0x08002330   0x08002330   0x0000002c   Code   RO         1906    i.lk_borad_init     lk_board.o
    0x0800235c   0x0800235c   0x00000080   Code   RO         1907    i.lk_gpio_init      lk_board.o
    0x080023dc   0x080023dc   0x00000040   Code   RO         1908    i.lk_nvic_config    lk_board.o
    0x0800241c   0x0800241c   0x00000090   Code   RO         1909    i.lk_pwm_init       lk_board.o
    0x080024ac   0x080024ac   0x00000020   Code   RO         1910    i.lk_rcc_config     lk_board.o
    0x080024cc   0x080024cc   0x00000014   Code   RO         1762    i.lk_remote_init    lk_433m.o
    0x080024e0   0x080024e0   0x00000040   Code   RO         1795    i.lk_taskTime_init  lk_task.o
    0x08002520   0x08002520   0x00000030   Code   RO         1796    i.lk_task_init      lk_task.o
    0x08002550   0x08002550   0x00000044   Code   RO         1911    i.lk_timerCnt_init  lk_board.o
    0x08002594   0x08002594   0x00000020   Code   RO            6    i.main              main.o
    0x080025b4   0x080025b4   0x0000006c   Code   RO         1797    i.motor_shake       lk_task.o
    0x08002620   0x08002620   0x00000108   Code   RO         1763    i.my433M_anasys     lk_433m.o
    0x08002728   0x08002728   0x00000018   Code   RO         1531    i.myBlefunc         lk_ble.o
    0x08002740   0x08002740   0x00000018   Code   RO         1799    i.remote433_down_callBack  lk_task.o
    0x08002758   0x08002758   0x00000010   Code   RO         1800    i.remote433_left_callBack  lk_task.o
    0x08002768   0x08002768   0x00000010   Code   RO         1801    i.remote433_menu_callBack  lk_task.o
    0x08002778   0x08002778   0x0000003c   Code   RO         1802    i.remote433_right_callBack  lk_task.o
    0x080027b4   0x080027b4   0x00000018   Code   RO         1803    i.remote433_up_callBack  lk_task.o
    0x080027cc   0x080027cc   0x00000040   Code   RO         1804    i.task_1ms_callBack  lk_task.o
    0x0800280c   0x0800280c   0x00000030   Code   RO         1912    i.usart_send        lk_board.o
    0x0800283c   0x0800283c   0x00000020   Data   RO         2028    Region$$Table       anon$$obj.o


    Execution Region RW_IRAM1 (Exec base: 0x20000000, Load base: 0x0800285c, Size: 0x000005b8, Max: 0x00008000, ABSOLUTE)

    Exec Addr    Load Addr    Size         Type   Attr      Idx    E Section Name        Object

    0x20000000   0x0800285c   0x00000004   Data   RW            7    .data               main.o
    0x20000004   0x08002860   0x00000014   Data   RW          262    .data               system_at32f4xx.o
    0x20000018   0x08002874   0x00000010   Data   RW          467    .data               at32f4xx_rcc.o
    0x20000028   0x08002884   0x00000005   Data   RW         1533    .data               lk_ble.o
    0x2000002d   0x08002889   0x00000003   PAD
    0x20000030   0x0800288c   0x0000000c   Data   RW         1540    .data               lk_ble.o
    0x2000003c   0x08002898   0x00000048   Data   RW         1608    .data               lk_ble_ops.o
    0x20000084   0x080028e0   0x00000017   Data   RW         1609    .data               lk_ble_ops.o
    0x2000009b   0x080028f7   0x00000001   PAD
    0x2000009c   0x080028f8   0x00000010   Data   RW         1730    .data               ringqueue.o
    0x200000ac   0x08002908   0x00000008   Data   RW         1765    .data               lk_433m.o
    0x200000b4   0x08002910   0x00000034   Data   RW         1805    .data               lk_task.o
    0x200000e8   0x08002944   0x00000014   Data   RW         1913    .data               lk_board.o
    0x200000fc        -       0x0000006c   Zero   RW         1532    .bss                lk_ble.o
    0x20000168        -       0x0000003c   Zero   RW         1605    .bss                lk_ble_ops.o
    0x200001a4        -       0x00000014   Zero   RW         1764    .bss                lk_433m.o
    0x200001b8        -       0x00000400   Zero   RW          297    STACK               startup_at32f415rct7.o


==============================================================================

Image component sizes


      Code (inc. data)   RO Data    RW Data    ZI Data      Debug   Object Name

       648        256          0          0          0       3107   at32f4xx_exti.o
       576        148          0          0          0       2854   at32f4xx_gpio.o
        18          0          0          0          0       3606   at32f4xx_it.o
       724        232          0         16          0       5276   at32f4xx_rcc.o
      2546        962          0          0          0      10037   at32f4xx_tim.o
      1726        570          0          0          0       7829   at32f4xx_usart.o
       284         12          0          8         20       2517   lk_433m.o
       340         50          0         17        108       5484   lk_ble.o
       288         54          0         95         60       7095   lk_ble_ops.o
       932         78          0         20          0       7081   lk_board.o
       480         96          0         52          0       7007   lk_task.o
        38         10          0          4          0     286142   main.o
       404        170          0          0          0       2297   misc.o
       112          0          0         16          0       3019   ringqueue.o
        36          8        368          0       1024        864   startup_at32f415rct7.o
       340         46          0         20          0       1779   system_at32f4xx.o

    ----------------------------------------------------------------------
      9502       2692        400        252       1212     355994   Object Totals
         0          0         32          0          0          0   (incl. Generated)
        10          0          0          4          0          0   (incl. Padding)

    ----------------------------------------------------------------------

      Code (inc. data)   RO Data    RW Data    ZI Data      Debug   Library Member Name

         0          0          0          0          0          0   entry.o
         0          0          0          0          0          0   entry10a.o
         0          0          0          0          0          0   entry11a.o
         8          4          0          0          0          0   entry2.o
         4          0          0          0          0          0   entry5.o
         0          0          0          0          0          0   entry7b.o
         0          0          0          0          0          0   entry8b.o
         8          4          0          0          0          0   entry9a.o
        30          0          0          0          0          0   handlers.o
        36          8          0          0          0         68   init.o
         0          0          0          0          0          0   iusefp.o
       124          0          0          0          0         88   fdiv.o
       110          0          0          0          0        168   fepilogue.o
        10          0          0          0          0         68   ffltui.o
       100          0          0          0          0         76   fmul.o

    ----------------------------------------------------------------------
       430         16          0          0          0        468   Library Totals
         0          0          0          0          0          0   (incl. Padding)

    ----------------------------------------------------------------------

      Code (inc. data)   RO Data    RW Data    ZI Data      Debug   Library Name

        86         16          0          0          0         68   mc_w.l
       344          0          0          0          0        400   mf_w.l

    ----------------------------------------------------------------------
       430         16          0          0          0        468   Library Totals

    ----------------------------------------------------------------------

==============================================================================


      Code (inc. data)   RO Data    RW Data    ZI Data      Debug   

      9932       2708        400        252       1212     351986   Grand Totals
      9932       2708        400        252       1212     351986   ELF Image Totals
      9932       2708        400        252          0          0   ROM Totals

==============================================================================

    Total RO  Size (Code + RO Data)                10332 (  10.09kB)
    Total RW  Size (RW Data + ZI Data)              1464 (   1.43kB)
    Total ROM Size (Code + RO Data + RW Data)      10584 (  10.34kB)

==============================================================================

