<html>
<body>
<pre>
<h1>µVision Build Log</h1>
<h2>Project:</h2>
E:\cherry\release lib - 2.0\Demo-UART Echo - Interrupt\demo.uvproj
Project File Date:  10/23/2017

<h2>Output:</h2>
Rebuild target 'Run In Flash'
compiling core_cm0.c...
compiling system_CMSDK.c...
assembling startup_CMSDK_CM0.s...
compiling sys.c...
compiling uart.c...
compiling main.c...
linking...
Program Size: Code=2564 RO-data=224 RW-data=8 ZI-data=864  
FromELF: creating hex file...
".\obj\test.axf" - 0 Error(s), 0 Warning(s).
Load "E:\\cherry\\release lib - 2.0\\Demo-UART Echo - Interrupt\\obj\\test.axf" 
Error: Flash Download failed  -  Target DLL has been cancelled
Load "E:\\cherry\\release lib - 2.0\\Demo-UART Echo - Interrupt\\obj\\test.axf" 
Erase Done.
Programming Done.
Verify OK.
</pre>
</body>
</html>
