<!doctype html public "-//w3c//dtd html 4.0 transitional//en">
<html><head>
<title>Static Call Graph - [.\Objects\Template.axf]</title></head>
<body><HR>
<H1>Static Call Graph for image .\Objects\Template.axf</H1><HR>
<BR><P>#&#060CALLGRAPH&#062# ARM Linker, 5060750: Last Updated: Fri Jan 10 17:53:14 2020
<BR><P>
<H3>Maximum Stack Usage =        104 bytes + Unknown(Cycles, Untraceable Function Pointers)</H3><H3>
Call chain for Maximum Stack Depth:</H3>
main &rArr; lk_cap_init &rArr; TMR_ICInit &rArr; TI2_Config
<P>
<H3>
Mutually Recursive functions
</H3> <LI><a href="#[40]">ACC_IRQHandler</a>&nbsp;&nbsp;&nbsp;&rArr;&nbsp;&nbsp;&nbsp;<a href="#[40]">ACC_IRQHandler</a><BR>
 <LI><a href="#[4]">BusFault_Handler</a>&nbsp;&nbsp;&nbsp;&rArr;&nbsp;&nbsp;&nbsp;<a href="#[4]">BusFault_Handler</a><BR>
 <LI><a href="#[2]">HardFault_Handler</a>&nbsp;&nbsp;&nbsp;&rArr;&nbsp;&nbsp;&nbsp;<a href="#[2]">HardFault_Handler</a><BR>
 <LI><a href="#[3]">MemManage_Handler</a>&nbsp;&nbsp;&nbsp;&rArr;&nbsp;&nbsp;&nbsp;<a href="#[3]">MemManage_Handler</a><BR>
 <LI><a href="#[50]">assert_failed</a>&nbsp;&nbsp;&nbsp;&rArr;&nbsp;&nbsp;&nbsp;<a href="#[50]">assert_failed</a><BR>
 <LI><a href="#[5]">UsageFault_Handler</a>&nbsp;&nbsp;&nbsp;&rArr;&nbsp;&nbsp;&nbsp;<a href="#[5]">UsageFault_Handler</a><BR>
</UL>
<P>
<H3>
Function Pointers
</H3><UL>
 <LI><a href="#[40]">ACC_IRQHandler</a> from startup_at32f415rct7.o(.text) referenced from startup_at32f415rct7.o(RESET)
 <LI><a href="#[1c]">ADC1_2_IRQHandler</a> from startup_at32f415rct7.o(.text) referenced from startup_at32f415rct7.o(RESET)
 <LI><a href="#[4]">BusFault_Handler</a> from at32f4xx_it.o(i.BusFault_Handler) referenced from startup_at32f415rct7.o(RESET)
 <LI><a href="#[1e]">CAN1_RX0_IRQHandler</a> from startup_at32f415rct7.o(.text) referenced from startup_at32f415rct7.o(RESET)
 <LI><a href="#[1f]">CAN1_RX1_IRQHandler</a> from startup_at32f415rct7.o(.text) referenced from startup_at32f415rct7.o(RESET)
 <LI><a href="#[20]">CAN1_SCE_IRQHandler</a> from startup_at32f415rct7.o(.text) referenced from startup_at32f415rct7.o(RESET)
 <LI><a href="#[1d]">CAN1_TX_IRQHandler</a> from startup_at32f415rct7.o(.text) referenced from startup_at32f415rct7.o(RESET)
 <LI><a href="#[3e]">COMP1_IRQHandler</a> from startup_at32f415rct7.o(.text) referenced from startup_at32f415rct7.o(RESET)
 <LI><a href="#[3f]">COMP2_IRQHandler</a> from startup_at32f415rct7.o(.text) referenced from startup_at32f415rct7.o(RESET)
 <LI><a href="#[15]">DMA1_Channel1_IRQHandler</a> from startup_at32f415rct7.o(.text) referenced from startup_at32f415rct7.o(RESET)
 <LI><a href="#[16]">DMA1_Channel2_IRQHandler</a> from startup_at32f415rct7.o(.text) referenced from startup_at32f415rct7.o(RESET)
 <LI><a href="#[17]">DMA1_Channel3_IRQHandler</a> from startup_at32f415rct7.o(.text) referenced from startup_at32f415rct7.o(RESET)
 <LI><a href="#[18]">DMA1_Channel4_IRQHandler</a> from startup_at32f415rct7.o(.text) referenced from startup_at32f415rct7.o(RESET)
 <LI><a href="#[19]">DMA1_Channel5_IRQHandler</a> from startup_at32f415rct7.o(.text) referenced from startup_at32f415rct7.o(RESET)
 <LI><a href="#[1a]">DMA1_Channel6_IRQHandler</a> from startup_at32f415rct7.o(.text) referenced from startup_at32f415rct7.o(RESET)
 <LI><a href="#[1b]">DMA1_Channel7_IRQHandler</a> from startup_at32f415rct7.o(.text) referenced from startup_at32f415rct7.o(RESET)
 <LI><a href="#[39]">DMA2_Channel1_IRQHandler</a> from startup_at32f415rct7.o(.text) referenced from startup_at32f415rct7.o(RESET)
 <LI><a href="#[3a]">DMA2_Channel2_IRQHandler</a> from startup_at32f415rct7.o(.text) referenced from startup_at32f415rct7.o(RESET)
 <LI><a href="#[3b]">DMA2_Channel3_IRQHandler</a> from startup_at32f415rct7.o(.text) referenced from startup_at32f415rct7.o(RESET)
 <LI><a href="#[3c]">DMA2_Channel4_5_IRQHandler</a> from startup_at32f415rct7.o(.text) referenced from startup_at32f415rct7.o(RESET)
 <LI><a href="#[41]">DMA2_Channel6_7_IRQHandler</a> from startup_at32f415rct7.o(.text) referenced from startup_at32f415rct7.o(RESET)
 <LI><a href="#[7]">DebugMon_Handler</a> from at32f4xx_it.o(i.DebugMon_Handler) referenced from startup_at32f415rct7.o(RESET)
 <LI><a href="#[33]">ERTCAlarm_IRQHandler</a> from startup_at32f415rct7.o(.text) referenced from startup_at32f415rct7.o(RESET)
 <LI><a href="#[d]">ERTC_WKUP_IRQHandler</a> from startup_at32f415rct7.o(.text) referenced from startup_at32f415rct7.o(RESET)
 <LI><a href="#[10]">EXTI0_IRQHandler</a> from startup_at32f415rct7.o(.text) referenced from startup_at32f415rct7.o(RESET)
 <LI><a href="#[32]">EXTI15_10_IRQHandler</a> from startup_at32f415rct7.o(.text) referenced from startup_at32f415rct7.o(RESET)
 <LI><a href="#[11]">EXTI1_IRQHandler</a> from startup_at32f415rct7.o(.text) referenced from startup_at32f415rct7.o(RESET)
 <LI><a href="#[12]">EXTI2_IRQHandler</a> from startup_at32f415rct7.o(.text) referenced from startup_at32f415rct7.o(RESET)
 <LI><a href="#[13]">EXTI3_IRQHandler</a> from startup_at32f415rct7.o(.text) referenced from startup_at32f415rct7.o(RESET)
 <LI><a href="#[14]">EXTI4_IRQHandler</a> from startup_at32f415rct7.o(.text) referenced from startup_at32f415rct7.o(RESET)
 <LI><a href="#[21]">EXTI9_5_IRQHandler</a> from startup_at32f415rct7.o(.text) referenced from startup_at32f415rct7.o(RESET)
 <LI><a href="#[e]">FLASH_IRQHandler</a> from startup_at32f415rct7.o(.text) referenced from startup_at32f415rct7.o(RESET)
 <LI><a href="#[2]">HardFault_Handler</a> from at32f4xx_it.o(i.HardFault_Handler) referenced from startup_at32f415rct7.o(RESET)
 <LI><a href="#[2a]">I2C1_ER_IRQHandler</a> from startup_at32f415rct7.o(.text) referenced from startup_at32f415rct7.o(RESET)
 <LI><a href="#[29]">I2C1_EV_IRQHandler</a> from startup_at32f415rct7.o(.text) referenced from startup_at32f415rct7.o(RESET)
 <LI><a href="#[2c]">I2C2_ER_IRQHandler</a> from startup_at32f415rct7.o(.text) referenced from startup_at32f415rct7.o(RESET)
 <LI><a href="#[2b]">I2C2_EV_IRQHandler</a> from startup_at32f415rct7.o(.text) referenced from startup_at32f415rct7.o(RESET)
 <LI><a href="#[3]">MemManage_Handler</a> from at32f4xx_it.o(i.MemManage_Handler) referenced from startup_at32f415rct7.o(RESET)
 <LI><a href="#[1]">NMI_Handler</a> from at32f4xx_it.o(i.NMI_Handler) referenced from startup_at32f415rct7.o(RESET)
 <LI><a href="#[b]">PVD_IRQHandler</a> from startup_at32f415rct7.o(.text) referenced from startup_at32f415rct7.o(RESET)
 <LI><a href="#[8]">PendSV_Handler</a> from at32f4xx_it.o(i.PendSV_Handler) referenced from startup_at32f415rct7.o(RESET)
 <LI><a href="#[f]">RCC_IRQHandler</a> from startup_at32f415rct7.o(.text) referenced from startup_at32f415rct7.o(RESET)
 <LI><a href="#[0]">Reset_Handler</a> from startup_at32f415rct7.o(.text) referenced from startup_at32f415rct7.o(RESET)
 <LI><a href="#[35]">SDIO_IRQHandler</a> from startup_at32f415rct7.o(.text) referenced from startup_at32f415rct7.o(RESET)
 <LI><a href="#[2d]">SPI1_IRQHandler</a> from startup_at32f415rct7.o(.text) referenced from startup_at32f415rct7.o(RESET)
 <LI><a href="#[2e]">SPI2_IRQHandler</a> from startup_at32f415rct7.o(.text) referenced from startup_at32f415rct7.o(RESET)
 <LI><a href="#[6]">SVC_Handler</a> from at32f4xx_it.o(i.SVC_Handler) referenced from startup_at32f415rct7.o(RESET)
 <LI><a href="#[9]">SysTick_Handler</a> from at32f4xx_it.o(i.SysTick_Handler) referenced from startup_at32f415rct7.o(RESET)
 <LI><a href="#[43]">SystemInit</a> from system_at32f4xx.o(i.SystemInit) referenced from startup_at32f415rct7.o(.text)
 <LI><a href="#[c]">TAMP_STAMP_IRQHandler</a> from startup_at32f415rct7.o(.text) referenced from startup_at32f415rct7.o(RESET)
 <LI><a href="#[22]">TMR1_BRK_TMR9_IRQHandler</a> from startup_at32f415rct7.o(.text) referenced from startup_at32f415rct7.o(RESET)
 <LI><a href="#[25]">TMR1_CC_IRQHandler</a> from startup_at32f415rct7.o(.text) referenced from startup_at32f415rct7.o(RESET)
 <LI><a href="#[23]">TMR1_OV_TMR10_IRQHandler</a> from startup_at32f415rct7.o(.text) referenced from startup_at32f415rct7.o(RESET)
 <LI><a href="#[24]">TMR1_TRG_HALL_TMR11_IRQHandler</a> from startup_at32f415rct7.o(.text) referenced from startup_at32f415rct7.o(RESET)
 <LI><a href="#[26]">TMR2_GLOBAL_IRQHandler</a> from startup_at32f415rct7.o(.text) referenced from startup_at32f415rct7.o(RESET)
 <LI><a href="#[27]">TMR3_GLOBAL_IRQHandler</a> from main.o(i.TMR3_GLOBAL_IRQHandler) referenced from startup_at32f415rct7.o(RESET)
 <LI><a href="#[28]">TMR4_GLOBAL_IRQHandler</a> from startup_at32f415rct7.o(.text) referenced from startup_at32f415rct7.o(RESET)
 <LI><a href="#[36]">TMR5_GLOBAL_IRQHandler</a> from startup_at32f415rct7.o(.text) referenced from startup_at32f415rct7.o(RESET)
 <LI><a href="#[37]">UART4_IRQHandler</a> from startup_at32f415rct7.o(.text) referenced from startup_at32f415rct7.o(RESET)
 <LI><a href="#[38]">UART5_IRQHandler</a> from startup_at32f415rct7.o(.text) referenced from startup_at32f415rct7.o(RESET)
 <LI><a href="#[2f]">USART1_IRQHandler</a> from startup_at32f415rct7.o(.text) referenced from startup_at32f415rct7.o(RESET)
 <LI><a href="#[30]">USART2_IRQHandler</a> from main.o(i.USART2_IRQHandler) referenced from startup_at32f415rct7.o(RESET)
 <LI><a href="#[31]">USART3_IRQHandler</a> from startup_at32f415rct7.o(.text) referenced from startup_at32f415rct7.o(RESET)
 <LI><a href="#[3d]">USBOTG_IRQHandler</a> from startup_at32f415rct7.o(.text) referenced from startup_at32f415rct7.o(RESET)
 <LI><a href="#[34]">USBWakeUp_IRQHandler</a> from startup_at32f415rct7.o(.text) referenced from startup_at32f415rct7.o(RESET)
 <LI><a href="#[5]">UsageFault_Handler</a> from at32f4xx_it.o(i.UsageFault_Handler) referenced from startup_at32f415rct7.o(RESET)
 <LI><a href="#[a]">WWDG_IRQHandler</a> from startup_at32f415rct7.o(.text) referenced from startup_at32f415rct7.o(RESET)
 <LI><a href="#[44]">__main</a> from entry.o(.ARM.Collect$$$$00000000) referenced from startup_at32f415rct7.o(.text)
 <LI><a href="#[42]">main</a> from main.o(i.main) referenced from entry9a.o(.ARM.Collect$$$$0000000B)
</UL>
<P>
<H3>
Global Symbols
</H3>
<P><STRONG><a name="[44]"></a>__main</STRONG> (Thumb, 0 bytes, Stack size unknown bytes, entry.o(.ARM.Collect$$$$00000000))
<BR>[Address Reference Count : 1]<UL><LI> startup_at32f415rct7.o(.text)
</UL>
<P><STRONG><a name="[74]"></a>_main_stk</STRONG> (Thumb, 0 bytes, Stack size unknown bytes, entry2.o(.ARM.Collect$$$$00000001))

<P><STRONG><a name="[45]"></a>_main_scatterload</STRONG> (Thumb, 0 bytes, Stack size unknown bytes, entry5.o(.ARM.Collect$$$$00000004))
<BR><BR>[Calls]<UL><LI><a href="#[46]">&gt;&gt;</a>&nbsp;&nbsp;&nbsp;__scatterload
</UL>

<P><STRONG><a name="[4b]"></a>__main_after_scatterload</STRONG> (Thumb, 0 bytes, Stack size unknown bytes, entry5.o(.ARM.Collect$$$$00000004))
<BR><BR>[Called By]<UL><LI><a href="#[46]">&gt;&gt;</a>&nbsp;&nbsp;&nbsp;__scatterload
</UL>

<P><STRONG><a name="[75]"></a>_main_clock</STRONG> (Thumb, 0 bytes, Stack size unknown bytes, entry7b.o(.ARM.Collect$$$$00000008))

<P><STRONG><a name="[76]"></a>_main_cpp_init</STRONG> (Thumb, 0 bytes, Stack size unknown bytes, entry8b.o(.ARM.Collect$$$$0000000A))

<P><STRONG><a name="[77]"></a>_main_init</STRONG> (Thumb, 0 bytes, Stack size unknown bytes, entry9a.o(.ARM.Collect$$$$0000000B))

<P><STRONG><a name="[78]"></a>__rt_final_cpp</STRONG> (Thumb, 0 bytes, Stack size unknown bytes, entry10a.o(.ARM.Collect$$$$0000000D))

<P><STRONG><a name="[79]"></a>__rt_final_exit</STRONG> (Thumb, 0 bytes, Stack size unknown bytes, entry11a.o(.ARM.Collect$$$$0000000F))

<P><STRONG><a name="[0]"></a>Reset_Handler</STRONG> (Thumb, 8 bytes, Stack size 0 bytes, startup_at32f415rct7.o(.text))
<BR>[Address Reference Count : 1]<UL><LI> startup_at32f415rct7.o(RESET)
</UL>
<P><STRONG><a name="[40]"></a>ACC_IRQHandler</STRONG> (Thumb, 0 bytes, Stack size 0 bytes, startup_at32f415rct7.o(.text))
<BR><BR>[Calls]<UL><LI><a href="#[40]">&gt;&gt;</a>&nbsp;&nbsp;&nbsp;ACC_IRQHandler
</UL>
<BR>[Called By]<UL><LI><a href="#[40]">&gt;&gt;</a>&nbsp;&nbsp;&nbsp;ACC_IRQHandler
</UL>
<BR>[Address Reference Count : 1]<UL><LI> startup_at32f415rct7.o(RESET)
</UL>
<P><STRONG><a name="[1c]"></a>ADC1_2_IRQHandler</STRONG> (Thumb, 0 bytes, Stack size 0 bytes, startup_at32f415rct7.o(.text))
<BR>[Address Reference Count : 1]<UL><LI> startup_at32f415rct7.o(RESET)
</UL>
<P><STRONG><a name="[1e]"></a>CAN1_RX0_IRQHandler</STRONG> (Thumb, 0 bytes, Stack size 0 bytes, startup_at32f415rct7.o(.text))
<BR>[Address Reference Count : 1]<UL><LI> startup_at32f415rct7.o(RESET)
</UL>
<P><STRONG><a name="[1f]"></a>CAN1_RX1_IRQHandler</STRONG> (Thumb, 0 bytes, Stack size 0 bytes, startup_at32f415rct7.o(.text))
<BR>[Address Reference Count : 1]<UL><LI> startup_at32f415rct7.o(RESET)
</UL>
<P><STRONG><a name="[20]"></a>CAN1_SCE_IRQHandler</STRONG> (Thumb, 0 bytes, Stack size 0 bytes, startup_at32f415rct7.o(.text))
<BR>[Address Reference Count : 1]<UL><LI> startup_at32f415rct7.o(RESET)
</UL>
<P><STRONG><a name="[1d]"></a>CAN1_TX_IRQHandler</STRONG> (Thumb, 0 bytes, Stack size 0 bytes, startup_at32f415rct7.o(.text))
<BR>[Address Reference Count : 1]<UL><LI> startup_at32f415rct7.o(RESET)
</UL>
<P><STRONG><a name="[3e]"></a>COMP1_IRQHandler</STRONG> (Thumb, 0 bytes, Stack size 0 bytes, startup_at32f415rct7.o(.text))
<BR>[Address Reference Count : 1]<UL><LI> startup_at32f415rct7.o(RESET)
</UL>
<P><STRONG><a name="[3f]"></a>COMP2_IRQHandler</STRONG> (Thumb, 0 bytes, Stack size 0 bytes, startup_at32f415rct7.o(.text))
<BR>[Address Reference Count : 1]<UL><LI> startup_at32f415rct7.o(RESET)
</UL>
<P><STRONG><a name="[15]"></a>DMA1_Channel1_IRQHandler</STRONG> (Thumb, 0 bytes, Stack size 0 bytes, startup_at32f415rct7.o(.text))
<BR>[Address Reference Count : 1]<UL><LI> startup_at32f415rct7.o(RESET)
</UL>
<P><STRONG><a name="[16]"></a>DMA1_Channel2_IRQHandler</STRONG> (Thumb, 0 bytes, Stack size 0 bytes, startup_at32f415rct7.o(.text))
<BR>[Address Reference Count : 1]<UL><LI> startup_at32f415rct7.o(RESET)
</UL>
<P><STRONG><a name="[17]"></a>DMA1_Channel3_IRQHandler</STRONG> (Thumb, 0 bytes, Stack size 0 bytes, startup_at32f415rct7.o(.text))
<BR>[Address Reference Count : 1]<UL><LI> startup_at32f415rct7.o(RESET)
</UL>
<P><STRONG><a name="[18]"></a>DMA1_Channel4_IRQHandler</STRONG> (Thumb, 0 bytes, Stack size 0 bytes, startup_at32f415rct7.o(.text))
<BR>[Address Reference Count : 1]<UL><LI> startup_at32f415rct7.o(RESET)
</UL>
<P><STRONG><a name="[19]"></a>DMA1_Channel5_IRQHandler</STRONG> (Thumb, 0 bytes, Stack size 0 bytes, startup_at32f415rct7.o(.text))
<BR>[Address Reference Count : 1]<UL><LI> startup_at32f415rct7.o(RESET)
</UL>
<P><STRONG><a name="[1a]"></a>DMA1_Channel6_IRQHandler</STRONG> (Thumb, 0 bytes, Stack size 0 bytes, startup_at32f415rct7.o(.text))
<BR>[Address Reference Count : 1]<UL><LI> startup_at32f415rct7.o(RESET)
</UL>
<P><STRONG><a name="[1b]"></a>DMA1_Channel7_IRQHandler</STRONG> (Thumb, 0 bytes, Stack size 0 bytes, startup_at32f415rct7.o(.text))
<BR>[Address Reference Count : 1]<UL><LI> startup_at32f415rct7.o(RESET)
</UL>
<P><STRONG><a name="[39]"></a>DMA2_Channel1_IRQHandler</STRONG> (Thumb, 0 bytes, Stack size 0 bytes, startup_at32f415rct7.o(.text))
<BR>[Address Reference Count : 1]<UL><LI> startup_at32f415rct7.o(RESET)
</UL>
<P><STRONG><a name="[3a]"></a>DMA2_Channel2_IRQHandler</STRONG> (Thumb, 0 bytes, Stack size 0 bytes, startup_at32f415rct7.o(.text))
<BR>[Address Reference Count : 1]<UL><LI> startup_at32f415rct7.o(RESET)
</UL>
<P><STRONG><a name="[3b]"></a>DMA2_Channel3_IRQHandler</STRONG> (Thumb, 0 bytes, Stack size 0 bytes, startup_at32f415rct7.o(.text))
<BR>[Address Reference Count : 1]<UL><LI> startup_at32f415rct7.o(RESET)
</UL>
<P><STRONG><a name="[3c]"></a>DMA2_Channel4_5_IRQHandler</STRONG> (Thumb, 0 bytes, Stack size 0 bytes, startup_at32f415rct7.o(.text))
<BR>[Address Reference Count : 1]<UL><LI> startup_at32f415rct7.o(RESET)
</UL>
<P><STRONG><a name="[41]"></a>DMA2_Channel6_7_IRQHandler</STRONG> (Thumb, 0 bytes, Stack size 0 bytes, startup_at32f415rct7.o(.text))
<BR>[Address Reference Count : 1]<UL><LI> startup_at32f415rct7.o(RESET)
</UL>
<P><STRONG><a name="[33]"></a>ERTCAlarm_IRQHandler</STRONG> (Thumb, 0 bytes, Stack size 0 bytes, startup_at32f415rct7.o(.text))
<BR>[Address Reference Count : 1]<UL><LI> startup_at32f415rct7.o(RESET)
</UL>
<P><STRONG><a name="[d]"></a>ERTC_WKUP_IRQHandler</STRONG> (Thumb, 0 bytes, Stack size 0 bytes, startup_at32f415rct7.o(.text))
<BR>[Address Reference Count : 1]<UL><LI> startup_at32f415rct7.o(RESET)
</UL>
<P><STRONG><a name="[10]"></a>EXTI0_IRQHandler</STRONG> (Thumb, 0 bytes, Stack size 0 bytes, startup_at32f415rct7.o(.text))
<BR>[Address Reference Count : 1]<UL><LI> startup_at32f415rct7.o(RESET)
</UL>
<P><STRONG><a name="[32]"></a>EXTI15_10_IRQHandler</STRONG> (Thumb, 0 bytes, Stack size 0 bytes, startup_at32f415rct7.o(.text))
<BR>[Address Reference Count : 1]<UL><LI> startup_at32f415rct7.o(RESET)
</UL>
<P><STRONG><a name="[11]"></a>EXTI1_IRQHandler</STRONG> (Thumb, 0 bytes, Stack size 0 bytes, startup_at32f415rct7.o(.text))
<BR>[Address Reference Count : 1]<UL><LI> startup_at32f415rct7.o(RESET)
</UL>
<P><STRONG><a name="[12]"></a>EXTI2_IRQHandler</STRONG> (Thumb, 0 bytes, Stack size 0 bytes, startup_at32f415rct7.o(.text))
<BR>[Address Reference Count : 1]<UL><LI> startup_at32f415rct7.o(RESET)
</UL>
<P><STRONG><a name="[13]"></a>EXTI3_IRQHandler</STRONG> (Thumb, 0 bytes, Stack size 0 bytes, startup_at32f415rct7.o(.text))
<BR>[Address Reference Count : 1]<UL><LI> startup_at32f415rct7.o(RESET)
</UL>
<P><STRONG><a name="[14]"></a>EXTI4_IRQHandler</STRONG> (Thumb, 0 bytes, Stack size 0 bytes, startup_at32f415rct7.o(.text))
<BR>[Address Reference Count : 1]<UL><LI> startup_at32f415rct7.o(RESET)
</UL>
<P><STRONG><a name="[21]"></a>EXTI9_5_IRQHandler</STRONG> (Thumb, 0 bytes, Stack size 0 bytes, startup_at32f415rct7.o(.text))
<BR>[Address Reference Count : 1]<UL><LI> startup_at32f415rct7.o(RESET)
</UL>
<P><STRONG><a name="[e]"></a>FLASH_IRQHandler</STRONG> (Thumb, 0 bytes, Stack size 0 bytes, startup_at32f415rct7.o(.text))
<BR>[Address Reference Count : 1]<UL><LI> startup_at32f415rct7.o(RESET)
</UL>
<P><STRONG><a name="[2a]"></a>I2C1_ER_IRQHandler</STRONG> (Thumb, 0 bytes, Stack size 0 bytes, startup_at32f415rct7.o(.text))
<BR>[Address Reference Count : 1]<UL><LI> startup_at32f415rct7.o(RESET)
</UL>
<P><STRONG><a name="[29]"></a>I2C1_EV_IRQHandler</STRONG> (Thumb, 0 bytes, Stack size 0 bytes, startup_at32f415rct7.o(.text))
<BR>[Address Reference Count : 1]<UL><LI> startup_at32f415rct7.o(RESET)
</UL>
<P><STRONG><a name="[2c]"></a>I2C2_ER_IRQHandler</STRONG> (Thumb, 0 bytes, Stack size 0 bytes, startup_at32f415rct7.o(.text))
<BR>[Address Reference Count : 1]<UL><LI> startup_at32f415rct7.o(RESET)
</UL>
<P><STRONG><a name="[2b]"></a>I2C2_EV_IRQHandler</STRONG> (Thumb, 0 bytes, Stack size 0 bytes, startup_at32f415rct7.o(.text))
<BR>[Address Reference Count : 1]<UL><LI> startup_at32f415rct7.o(RESET)
</UL>
<P><STRONG><a name="[b]"></a>PVD_IRQHandler</STRONG> (Thumb, 0 bytes, Stack size 0 bytes, startup_at32f415rct7.o(.text))
<BR>[Address Reference Count : 1]<UL><LI> startup_at32f415rct7.o(RESET)
</UL>
<P><STRONG><a name="[f]"></a>RCC_IRQHandler</STRONG> (Thumb, 0 bytes, Stack size 0 bytes, startup_at32f415rct7.o(.text))
<BR>[Address Reference Count : 1]<UL><LI> startup_at32f415rct7.o(RESET)
</UL>
<P><STRONG><a name="[35]"></a>SDIO_IRQHandler</STRONG> (Thumb, 0 bytes, Stack size 0 bytes, startup_at32f415rct7.o(.text))
<BR>[Address Reference Count : 1]<UL><LI> startup_at32f415rct7.o(RESET)
</UL>
<P><STRONG><a name="[2d]"></a>SPI1_IRQHandler</STRONG> (Thumb, 0 bytes, Stack size 0 bytes, startup_at32f415rct7.o(.text))
<BR>[Address Reference Count : 1]<UL><LI> startup_at32f415rct7.o(RESET)
</UL>
<P><STRONG><a name="[2e]"></a>SPI2_IRQHandler</STRONG> (Thumb, 0 bytes, Stack size 0 bytes, startup_at32f415rct7.o(.text))
<BR>[Address Reference Count : 1]<UL><LI> startup_at32f415rct7.o(RESET)
</UL>
<P><STRONG><a name="[c]"></a>TAMP_STAMP_IRQHandler</STRONG> (Thumb, 0 bytes, Stack size 0 bytes, startup_at32f415rct7.o(.text))
<BR>[Address Reference Count : 1]<UL><LI> startup_at32f415rct7.o(RESET)
</UL>
<P><STRONG><a name="[22]"></a>TMR1_BRK_TMR9_IRQHandler</STRONG> (Thumb, 0 bytes, Stack size 0 bytes, startup_at32f415rct7.o(.text))
<BR>[Address Reference Count : 1]<UL><LI> startup_at32f415rct7.o(RESET)
</UL>
<P><STRONG><a name="[25]"></a>TMR1_CC_IRQHandler</STRONG> (Thumb, 0 bytes, Stack size 0 bytes, startup_at32f415rct7.o(.text))
<BR>[Address Reference Count : 1]<UL><LI> startup_at32f415rct7.o(RESET)
</UL>
<P><STRONG><a name="[23]"></a>TMR1_OV_TMR10_IRQHandler</STRONG> (Thumb, 0 bytes, Stack size 0 bytes, startup_at32f415rct7.o(.text))
<BR>[Address Reference Count : 1]<UL><LI> startup_at32f415rct7.o(RESET)
</UL>
<P><STRONG><a name="[24]"></a>TMR1_TRG_HALL_TMR11_IRQHandler</STRONG> (Thumb, 0 bytes, Stack size 0 bytes, startup_at32f415rct7.o(.text))
<BR>[Address Reference Count : 1]<UL><LI> startup_at32f415rct7.o(RESET)
</UL>
<P><STRONG><a name="[26]"></a>TMR2_GLOBAL_IRQHandler</STRONG> (Thumb, 0 bytes, Stack size 0 bytes, startup_at32f415rct7.o(.text))
<BR>[Address Reference Count : 1]<UL><LI> startup_at32f415rct7.o(RESET)
</UL>
<P><STRONG><a name="[28]"></a>TMR4_GLOBAL_IRQHandler</STRONG> (Thumb, 0 bytes, Stack size 0 bytes, startup_at32f415rct7.o(.text))
<BR>[Address Reference Count : 1]<UL><LI> startup_at32f415rct7.o(RESET)
</UL>
<P><STRONG><a name="[36]"></a>TMR5_GLOBAL_IRQHandler</STRONG> (Thumb, 0 bytes, Stack size 0 bytes, startup_at32f415rct7.o(.text))
<BR>[Address Reference Count : 1]<UL><LI> startup_at32f415rct7.o(RESET)
</UL>
<P><STRONG><a name="[37]"></a>UART4_IRQHandler</STRONG> (Thumb, 0 bytes, Stack size 0 bytes, startup_at32f415rct7.o(.text))
<BR>[Address Reference Count : 1]<UL><LI> startup_at32f415rct7.o(RESET)
</UL>
<P><STRONG><a name="[38]"></a>UART5_IRQHandler</STRONG> (Thumb, 0 bytes, Stack size 0 bytes, startup_at32f415rct7.o(.text))
<BR>[Address Reference Count : 1]<UL><LI> startup_at32f415rct7.o(RESET)
</UL>
<P><STRONG><a name="[2f]"></a>USART1_IRQHandler</STRONG> (Thumb, 0 bytes, Stack size 0 bytes, startup_at32f415rct7.o(.text))
<BR>[Address Reference Count : 1]<UL><LI> startup_at32f415rct7.o(RESET)
</UL>
<P><STRONG><a name="[31]"></a>USART3_IRQHandler</STRONG> (Thumb, 0 bytes, Stack size 0 bytes, startup_at32f415rct7.o(.text))
<BR>[Address Reference Count : 1]<UL><LI> startup_at32f415rct7.o(RESET)
</UL>
<P><STRONG><a name="[3d]"></a>USBOTG_IRQHandler</STRONG> (Thumb, 0 bytes, Stack size 0 bytes, startup_at32f415rct7.o(.text))
<BR>[Address Reference Count : 1]<UL><LI> startup_at32f415rct7.o(RESET)
</UL>
<P><STRONG><a name="[34]"></a>USBWakeUp_IRQHandler</STRONG> (Thumb, 0 bytes, Stack size 0 bytes, startup_at32f415rct7.o(.text))
<BR>[Address Reference Count : 1]<UL><LI> startup_at32f415rct7.o(RESET)
</UL>
<P><STRONG><a name="[a]"></a>WWDG_IRQHandler</STRONG> (Thumb, 0 bytes, Stack size 0 bytes, startup_at32f415rct7.o(.text))
<BR>[Address Reference Count : 1]<UL><LI> startup_at32f415rct7.o(RESET)
</UL>
<P><STRONG><a name="[4e]"></a>__aeabi_fmul</STRONG> (Thumb, 100 bytes, Stack size 8 bytes, fmul.o(.text))
<BR><BR>[Stack]<UL><LI>Max Depth = 8<LI>Call Chain = __aeabi_fmul
</UL>
<BR>[Called By]<UL><LI><a href="#[4c]">&gt;&gt;</a>&nbsp;&nbsp;&nbsp;Delay_init
</UL>

<P><STRONG><a name="[47]"></a>__aeabi_fdiv</STRONG> (Thumb, 124 bytes, Stack size 8 bytes, fdiv.o(.text))
<BR><BR>[Stack]<UL><LI>Max Depth = 8<LI>Call Chain = __aeabi_fdiv
</UL>
<BR>[Calls]<UL><LI><a href="#[48]">&gt;&gt;</a>&nbsp;&nbsp;&nbsp;_float_round
</UL>
<BR>[Called By]<UL><LI><a href="#[4c]">&gt;&gt;</a>&nbsp;&nbsp;&nbsp;Delay_init
</UL>

<P><STRONG><a name="[49]"></a>__aeabi_ui2f</STRONG> (Thumb, 10 bytes, Stack size 0 bytes, ffltui.o(.text))
<BR><BR>[Stack]<UL><LI>Max Depth = 4<LI>Call Chain = __aeabi_ui2f &rArr; _float_epilogue
</UL>
<BR>[Calls]<UL><LI><a href="#[4a]">&gt;&gt;</a>&nbsp;&nbsp;&nbsp;_float_epilogue
</UL>
<BR>[Called By]<UL><LI><a href="#[4c]">&gt;&gt;</a>&nbsp;&nbsp;&nbsp;Delay_init
</UL>

<P><STRONG><a name="[7a]"></a>__I$use$fp</STRONG> (Thumb, 0 bytes, Stack size 0 bytes, iusefp.o(.text), UNUSED)

<P><STRONG><a name="[48]"></a>_float_round</STRONG> (Thumb, 18 bytes, Stack size 0 bytes, fepilogue.o(.text))
<BR><BR>[Called By]<UL><LI><a href="#[47]">&gt;&gt;</a>&nbsp;&nbsp;&nbsp;__aeabi_fdiv
</UL>

<P><STRONG><a name="[4a]"></a>_float_epilogue</STRONG> (Thumb, 92 bytes, Stack size 4 bytes, fepilogue.o(.text))
<BR><BR>[Stack]<UL><LI>Max Depth = 4<LI>Call Chain = _float_epilogue
</UL>
<BR>[Called By]<UL><LI><a href="#[49]">&gt;&gt;</a>&nbsp;&nbsp;&nbsp;__aeabi_ui2f
</UL>

<P><STRONG><a name="[46]"></a>__scatterload</STRONG> (Thumb, 28 bytes, Stack size 0 bytes, init.o(.text))
<BR><BR>[Calls]<UL><LI><a href="#[4b]">&gt;&gt;</a>&nbsp;&nbsp;&nbsp;__main_after_scatterload
</UL>
<BR>[Called By]<UL><LI><a href="#[45]">&gt;&gt;</a>&nbsp;&nbsp;&nbsp;_main_scatterload
</UL>

<P><STRONG><a name="[7b]"></a>__scatterload_rt2</STRONG> (Thumb, 0 bytes, Stack size 0 bytes, init.o(.text), UNUSED)

<P><STRONG><a name="[4]"></a>BusFault_Handler</STRONG> (Thumb, 2 bytes, Stack size 0 bytes, at32f4xx_it.o(i.BusFault_Handler))
<BR><BR>[Calls]<UL><LI><a href="#[4]">&gt;&gt;</a>&nbsp;&nbsp;&nbsp;BusFault_Handler
</UL>
<BR>[Called By]<UL><LI><a href="#[4]">&gt;&gt;</a>&nbsp;&nbsp;&nbsp;BusFault_Handler
</UL>
<BR>[Address Reference Count : 1]<UL><LI> startup_at32f415rct7.o(RESET)
</UL>
<P><STRONG><a name="[7]"></a>DebugMon_Handler</STRONG> (Thumb, 2 bytes, Stack size 0 bytes, at32f4xx_it.o(i.DebugMon_Handler))
<BR>[Address Reference Count : 1]<UL><LI> startup_at32f415rct7.o(RESET)
</UL>
<P><STRONG><a name="[4c]"></a>Delay_init</STRONG> (Thumb, 40 bytes, Stack size 8 bytes, at32_board.o(i.Delay_init))
<BR><BR>[Stack]<UL><LI>Max Depth = 16<LI>Call Chain = Delay_init &rArr; __aeabi_fmul
</UL>
<BR>[Calls]<UL><LI><a href="#[49]">&gt;&gt;</a>&nbsp;&nbsp;&nbsp;__aeabi_ui2f
<LI><a href="#[4e]">&gt;&gt;</a>&nbsp;&nbsp;&nbsp;__aeabi_fmul
<LI><a href="#[47]">&gt;&gt;</a>&nbsp;&nbsp;&nbsp;__aeabi_fdiv
<LI><a href="#[4d]">&gt;&gt;</a>&nbsp;&nbsp;&nbsp;SysTick_CLKSourceConfig
</UL>
<BR>[Called By]<UL><LI><a href="#[42]">&gt;&gt;</a>&nbsp;&nbsp;&nbsp;main
</UL>

<P><STRONG><a name="[4f]"></a>GPIO_Init</STRONG> (Thumb, 282 bytes, Stack size 24 bytes, at32f4xx_gpio.o(i.GPIO_Init))
<BR><BR>[Stack]<UL><LI>Max Depth = 24<LI>Call Chain = GPIO_Init
</UL>
<BR>[Calls]<UL><LI><a href="#[50]">&gt;&gt;</a>&nbsp;&nbsp;&nbsp;assert_failed
</UL>
<BR>[Called By]<UL><LI><a href="#[67]">&gt;&gt;</a>&nbsp;&nbsp;&nbsp;UART_Print_Init
<LI><a href="#[73]">&gt;&gt;</a>&nbsp;&nbsp;&nbsp;usart2_init
<LI><a href="#[70]">&gt;&gt;</a>&nbsp;&nbsp;&nbsp;lk_cap_init
</UL>

<P><STRONG><a name="[68]"></a>GPIO_StructInit</STRONG> (Thumb, 16 bytes, Stack size 0 bytes, at32f4xx_gpio.o(i.GPIO_StructInit))
<BR><BR>[Called By]<UL><LI><a href="#[67]">&gt;&gt;</a>&nbsp;&nbsp;&nbsp;UART_Print_Init
</UL>

<P><STRONG><a name="[2]"></a>HardFault_Handler</STRONG> (Thumb, 2 bytes, Stack size 0 bytes, at32f4xx_it.o(i.HardFault_Handler))
<BR><BR>[Calls]<UL><LI><a href="#[2]">&gt;&gt;</a>&nbsp;&nbsp;&nbsp;HardFault_Handler
</UL>
<BR>[Called By]<UL><LI><a href="#[2]">&gt;&gt;</a>&nbsp;&nbsp;&nbsp;HardFault_Handler
</UL>
<BR>[Address Reference Count : 1]<UL><LI> startup_at32f415rct7.o(RESET)
</UL>
<P><STRONG><a name="[3]"></a>MemManage_Handler</STRONG> (Thumb, 2 bytes, Stack size 0 bytes, at32f4xx_it.o(i.MemManage_Handler))
<BR><BR>[Calls]<UL><LI><a href="#[3]">&gt;&gt;</a>&nbsp;&nbsp;&nbsp;MemManage_Handler
</UL>
<BR>[Called By]<UL><LI><a href="#[3]">&gt;&gt;</a>&nbsp;&nbsp;&nbsp;MemManage_Handler
</UL>
<BR>[Address Reference Count : 1]<UL><LI> startup_at32f415rct7.o(RESET)
</UL>
<P><STRONG><a name="[1]"></a>NMI_Handler</STRONG> (Thumb, 2 bytes, Stack size 0 bytes, at32f4xx_it.o(i.NMI_Handler))
<BR>[Address Reference Count : 1]<UL><LI> startup_at32f415rct7.o(RESET)
</UL>
<P><STRONG><a name="[51]"></a>NVIC_Configuration</STRONG> (Thumb, 72 bytes, Stack size 16 bytes, main.o(i.NVIC_Configuration))
<BR><BR>[Stack]<UL><LI>Max Depth = 32<LI>Call Chain = NVIC_Configuration &rArr; RCC_APB1PeriphClockCmd
</UL>
<BR>[Calls]<UL><LI><a href="#[54]">&gt;&gt;</a>&nbsp;&nbsp;&nbsp;RCC_APB1PeriphClockCmd
<LI><a href="#[52]">&gt;&gt;</a>&nbsp;&nbsp;&nbsp;NVIC_PriorityGroupConfig
<LI><a href="#[53]">&gt;&gt;</a>&nbsp;&nbsp;&nbsp;NVIC_Init
</UL>
<BR>[Called By]<UL><LI><a href="#[42]">&gt;&gt;</a>&nbsp;&nbsp;&nbsp;main
</UL>

<P><STRONG><a name="[53]"></a>NVIC_Init</STRONG> (Thumb, 142 bytes, Stack size 16 bytes, misc.o(i.NVIC_Init))
<BR><BR>[Stack]<UL><LI>Max Depth = 16<LI>Call Chain = NVIC_Init
</UL>
<BR>[Calls]<UL><LI><a href="#[50]">&gt;&gt;</a>&nbsp;&nbsp;&nbsp;assert_failed
</UL>
<BR>[Called By]<UL><LI><a href="#[51]">&gt;&gt;</a>&nbsp;&nbsp;&nbsp;NVIC_Configuration
</UL>

<P><STRONG><a name="[52]"></a>NVIC_PriorityGroupConfig</STRONG> (Thumb, 52 bytes, Stack size 8 bytes, misc.o(i.NVIC_PriorityGroupConfig))
<BR><BR>[Stack]<UL><LI>Max Depth = 8<LI>Call Chain = NVIC_PriorityGroupConfig
</UL>
<BR>[Calls]<UL><LI><a href="#[50]">&gt;&gt;</a>&nbsp;&nbsp;&nbsp;assert_failed
</UL>
<BR>[Called By]<UL><LI><a href="#[51]">&gt;&gt;</a>&nbsp;&nbsp;&nbsp;NVIC_Configuration
</UL>

<P><STRONG><a name="[8]"></a>PendSV_Handler</STRONG> (Thumb, 2 bytes, Stack size 0 bytes, at32f4xx_it.o(i.PendSV_Handler))
<BR>[Address Reference Count : 1]<UL><LI> startup_at32f415rct7.o(RESET)
</UL>
<P><STRONG><a name="[54]"></a>RCC_APB1PeriphClockCmd</STRONG> (Thumb, 56 bytes, Stack size 16 bytes, at32f4xx_rcc.o(i.RCC_APB1PeriphClockCmd))
<BR><BR>[Stack]<UL><LI>Max Depth = 16<LI>Call Chain = RCC_APB1PeriphClockCmd
</UL>
<BR>[Calls]<UL><LI><a href="#[50]">&gt;&gt;</a>&nbsp;&nbsp;&nbsp;assert_failed
</UL>
<BR>[Called By]<UL><LI><a href="#[43]">&gt;&gt;</a>&nbsp;&nbsp;&nbsp;SystemInit
<LI><a href="#[56]">&gt;&gt;</a>&nbsp;&nbsp;&nbsp;RCC_Configuration
<LI><a href="#[51]">&gt;&gt;</a>&nbsp;&nbsp;&nbsp;NVIC_Configuration
</UL>

<P><STRONG><a name="[55]"></a>RCC_APB2PeriphClockCmd</STRONG> (Thumb, 56 bytes, Stack size 16 bytes, at32f4xx_rcc.o(i.RCC_APB2PeriphClockCmd))
<BR><BR>[Stack]<UL><LI>Max Depth = 16<LI>Call Chain = RCC_APB2PeriphClockCmd
</UL>
<BR>[Calls]<UL><LI><a href="#[50]">&gt;&gt;</a>&nbsp;&nbsp;&nbsp;assert_failed
</UL>
<BR>[Called By]<UL><LI><a href="#[67]">&gt;&gt;</a>&nbsp;&nbsp;&nbsp;UART_Print_Init
<LI><a href="#[56]">&gt;&gt;</a>&nbsp;&nbsp;&nbsp;RCC_Configuration
</UL>

<P><STRONG><a name="[56]"></a>RCC_Configuration</STRONG> (Thumb, 22 bytes, Stack size 8 bytes, main.o(i.RCC_Configuration))
<BR><BR>[Stack]<UL><LI>Max Depth = 24<LI>Call Chain = RCC_Configuration &rArr; RCC_APB2PeriphClockCmd
</UL>
<BR>[Calls]<UL><LI><a href="#[55]">&gt;&gt;</a>&nbsp;&nbsp;&nbsp;RCC_APB2PeriphClockCmd
<LI><a href="#[54]">&gt;&gt;</a>&nbsp;&nbsp;&nbsp;RCC_APB1PeriphClockCmd
</UL>
<BR>[Called By]<UL><LI><a href="#[42]">&gt;&gt;</a>&nbsp;&nbsp;&nbsp;main
</UL>

<P><STRONG><a name="[6f]"></a>RCC_GetClocksFreq</STRONG> (Thumb, 348 bytes, Stack size 16 bytes, at32f4xx_rcc.o(i.RCC_GetClocksFreq))
<BR><BR>[Stack]<UL><LI>Max Depth = 16<LI>Call Chain = RCC_GetClocksFreq
</UL>
<BR>[Called By]<UL><LI><a href="#[6a]">&gt;&gt;</a>&nbsp;&nbsp;&nbsp;USART_Init
</UL>

<P><STRONG><a name="[57]"></a>RCC_StepModeCmd</STRONG> (Thumb, 38 bytes, Stack size 8 bytes, at32f4xx_rcc.o(i.RCC_StepModeCmd))
<BR><BR>[Stack]<UL><LI>Max Depth = 8<LI>Call Chain = RCC_StepModeCmd
</UL>
<BR>[Calls]<UL><LI><a href="#[50]">&gt;&gt;</a>&nbsp;&nbsp;&nbsp;assert_failed
</UL>
<BR>[Called By]<UL><LI><a href="#[58]">&gt;&gt;</a>&nbsp;&nbsp;&nbsp;SetSysClockTo144M
</UL>

<P><STRONG><a name="[6]"></a>SVC_Handler</STRONG> (Thumb, 2 bytes, Stack size 0 bytes, at32f4xx_it.o(i.SVC_Handler))
<BR>[Address Reference Count : 1]<UL><LI> startup_at32f415rct7.o(RESET)
</UL>
<P><STRONG><a name="[4d]"></a>SysTick_CLKSourceConfig</STRONG> (Thumb, 40 bytes, Stack size 8 bytes, misc.o(i.SysTick_CLKSourceConfig))
<BR><BR>[Stack]<UL><LI>Max Depth = 8<LI>Call Chain = SysTick_CLKSourceConfig
</UL>
<BR>[Calls]<UL><LI><a href="#[50]">&gt;&gt;</a>&nbsp;&nbsp;&nbsp;assert_failed
</UL>
<BR>[Called By]<UL><LI><a href="#[4c]">&gt;&gt;</a>&nbsp;&nbsp;&nbsp;Delay_init
</UL>

<P><STRONG><a name="[9]"></a>SysTick_Handler</STRONG> (Thumb, 2 bytes, Stack size 0 bytes, at32f4xx_it.o(i.SysTick_Handler))
<BR>[Address Reference Count : 1]<UL><LI> startup_at32f415rct7.o(RESET)
</UL>
<P><STRONG><a name="[43]"></a>SystemInit</STRONG> (Thumb, 100 bytes, Stack size 8 bytes, system_at32f4xx.o(i.SystemInit))
<BR><BR>[Stack]<UL><LI>Max Depth = 32<LI>Call Chain = SystemInit &rArr; SetSysClockTo144M &rArr; RCC_StepModeCmd
</UL>
<BR>[Calls]<UL><LI><a href="#[58]">&gt;&gt;</a>&nbsp;&nbsp;&nbsp;SetSysClockTo144M
<LI><a href="#[54]">&gt;&gt;</a>&nbsp;&nbsp;&nbsp;RCC_APB1PeriphClockCmd
</UL>
<BR>[Address Reference Count : 1]<UL><LI> startup_at32f415rct7.o(.text)
</UL>
<P><STRONG><a name="[27]"></a>TMR3_GLOBAL_IRQHandler</STRONG> (Thumb, 100 bytes, Stack size 16 bytes, main.o(i.TMR3_GLOBAL_IRQHandler))
<BR><BR>[Stack]<UL><LI>Max Depth = 32<LI>Call Chain = TMR3_GLOBAL_IRQHandler &rArr; my433M_anasys
</UL>
<BR>[Calls]<UL><LI><a href="#[5c]">&gt;&gt;</a>&nbsp;&nbsp;&nbsp;my433M_anasys
<LI><a href="#[59]">&gt;&gt;</a>&nbsp;&nbsp;&nbsp;TMR_GetINTStatus
<LI><a href="#[5b]">&gt;&gt;</a>&nbsp;&nbsp;&nbsp;TMR_GetCapture2
<LI><a href="#[5a]">&gt;&gt;</a>&nbsp;&nbsp;&nbsp;TMR_ClearITPendingBit
</UL>
<BR>[Address Reference Count : 1]<UL><LI> startup_at32f415rct7.o(RESET)
</UL>
<P><STRONG><a name="[5a]"></a>TMR_ClearITPendingBit</STRONG> (Thumb, 86 bytes, Stack size 16 bytes, at32f4xx_tim.o(i.TMR_ClearITPendingBit))
<BR><BR>[Stack]<UL><LI>Max Depth = 16<LI>Call Chain = TMR_ClearITPendingBit
</UL>
<BR>[Calls]<UL><LI><a href="#[50]">&gt;&gt;</a>&nbsp;&nbsp;&nbsp;assert_failed
</UL>
<BR>[Called By]<UL><LI><a href="#[27]">&gt;&gt;</a>&nbsp;&nbsp;&nbsp;TMR3_GLOBAL_IRQHandler
</UL>

<P><STRONG><a name="[5d]"></a>TMR_Cmd</STRONG> (Thumb, 98 bytes, Stack size 16 bytes, at32f4xx_tim.o(i.TMR_Cmd))
<BR><BR>[Stack]<UL><LI>Max Depth = 16<LI>Call Chain = TMR_Cmd
</UL>
<BR>[Calls]<UL><LI><a href="#[50]">&gt;&gt;</a>&nbsp;&nbsp;&nbsp;assert_failed
</UL>
<BR>[Called By]<UL><LI><a href="#[70]">&gt;&gt;</a>&nbsp;&nbsp;&nbsp;lk_cap_init
</UL>

<P><STRONG><a name="[5b]"></a>TMR_GetCapture2</STRONG> (Thumb, 54 bytes, Stack size 8 bytes, at32f4xx_tim.o(i.TMR_GetCapture2))
<BR><BR>[Stack]<UL><LI>Max Depth = 8<LI>Call Chain = TMR_GetCapture2
</UL>
<BR>[Calls]<UL><LI><a href="#[50]">&gt;&gt;</a>&nbsp;&nbsp;&nbsp;assert_failed
</UL>
<BR>[Called By]<UL><LI><a href="#[27]">&gt;&gt;</a>&nbsp;&nbsp;&nbsp;TMR3_GLOBAL_IRQHandler
</UL>

<P><STRONG><a name="[59]"></a>TMR_GetINTStatus</STRONG> (Thumb, 128 bytes, Stack size 16 bytes, at32f4xx_tim.o(i.TMR_GetINTStatus))
<BR><BR>[Stack]<UL><LI>Max Depth = 16<LI>Call Chain = TMR_GetINTStatus
</UL>
<BR>[Calls]<UL><LI><a href="#[50]">&gt;&gt;</a>&nbsp;&nbsp;&nbsp;assert_failed
</UL>
<BR>[Called By]<UL><LI><a href="#[27]">&gt;&gt;</a>&nbsp;&nbsp;&nbsp;TMR3_GLOBAL_IRQHandler
</UL>

<P><STRONG><a name="[5e]"></a>TMR_ICInit</STRONG> (Thumb, 578 bytes, Stack size 40 bytes, at32f4xx_tim.o(i.TMR_ICInit))
<BR><BR>[Stack]<UL><LI>Max Depth = 56<LI>Call Chain = TMR_ICInit &rArr; TI2_Config
</UL>
<BR>[Calls]<UL><LI><a href="#[50]">&gt;&gt;</a>&nbsp;&nbsp;&nbsp;assert_failed
<LI><a href="#[61]">&gt;&gt;</a>&nbsp;&nbsp;&nbsp;TI2_Config
<LI><a href="#[5f]">&gt;&gt;</a>&nbsp;&nbsp;&nbsp;TI1_Config
<LI><a href="#[64]">&gt;&gt;</a>&nbsp;&nbsp;&nbsp;TMR_SetIC4DIV
<LI><a href="#[63]">&gt;&gt;</a>&nbsp;&nbsp;&nbsp;TMR_SetIC3DIV
<LI><a href="#[62]">&gt;&gt;</a>&nbsp;&nbsp;&nbsp;TMR_SetIC2DIV
<LI><a href="#[60]">&gt;&gt;</a>&nbsp;&nbsp;&nbsp;TMR_SetIC1DIV
</UL>
<BR>[Called By]<UL><LI><a href="#[70]">&gt;&gt;</a>&nbsp;&nbsp;&nbsp;lk_cap_init
</UL>

<P><STRONG><a name="[72]"></a>TMR_ICStructInit</STRONG> (Thumb, 16 bytes, Stack size 0 bytes, at32f4xx_tim.o(i.TMR_ICStructInit))
<BR><BR>[Called By]<UL><LI><a href="#[70]">&gt;&gt;</a>&nbsp;&nbsp;&nbsp;lk_cap_init
</UL>

<P><STRONG><a name="[65]"></a>TMR_INTConfig</STRONG> (Thumb, 112 bytes, Stack size 16 bytes, at32f4xx_tim.o(i.TMR_INTConfig))
<BR><BR>[Stack]<UL><LI>Max Depth = 16<LI>Call Chain = TMR_INTConfig
</UL>
<BR>[Calls]<UL><LI><a href="#[50]">&gt;&gt;</a>&nbsp;&nbsp;&nbsp;assert_failed
</UL>
<BR>[Called By]<UL><LI><a href="#[70]">&gt;&gt;</a>&nbsp;&nbsp;&nbsp;lk_cap_init
</UL>

<P><STRONG><a name="[60]"></a>TMR_SetIC1DIV</STRONG> (Thumb, 104 bytes, Stack size 16 bytes, at32f4xx_tim.o(i.TMR_SetIC1DIV))
<BR><BR>[Stack]<UL><LI>Max Depth = 16<LI>Call Chain = TMR_SetIC1DIV
</UL>
<BR>[Calls]<UL><LI><a href="#[50]">&gt;&gt;</a>&nbsp;&nbsp;&nbsp;assert_failed
</UL>
<BR>[Called By]<UL><LI><a href="#[5e]">&gt;&gt;</a>&nbsp;&nbsp;&nbsp;TMR_ICInit
</UL>

<P><STRONG><a name="[62]"></a>TMR_SetIC2DIV</STRONG> (Thumb, 100 bytes, Stack size 16 bytes, at32f4xx_tim.o(i.TMR_SetIC2DIV))
<BR><BR>[Stack]<UL><LI>Max Depth = 16<LI>Call Chain = TMR_SetIC2DIV
</UL>
<BR>[Calls]<UL><LI><a href="#[50]">&gt;&gt;</a>&nbsp;&nbsp;&nbsp;assert_failed
</UL>
<BR>[Called By]<UL><LI><a href="#[5e]">&gt;&gt;</a>&nbsp;&nbsp;&nbsp;TMR_ICInit
</UL>

<P><STRONG><a name="[63]"></a>TMR_SetIC3DIV</STRONG> (Thumb, 86 bytes, Stack size 16 bytes, at32f4xx_tim.o(i.TMR_SetIC3DIV))
<BR><BR>[Stack]<UL><LI>Max Depth = 16<LI>Call Chain = TMR_SetIC3DIV
</UL>
<BR>[Calls]<UL><LI><a href="#[50]">&gt;&gt;</a>&nbsp;&nbsp;&nbsp;assert_failed
</UL>
<BR>[Called By]<UL><LI><a href="#[5e]">&gt;&gt;</a>&nbsp;&nbsp;&nbsp;TMR_ICInit
</UL>

<P><STRONG><a name="[64]"></a>TMR_SetIC4DIV</STRONG> (Thumb, 94 bytes, Stack size 16 bytes, at32f4xx_tim.o(i.TMR_SetIC4DIV))
<BR><BR>[Stack]<UL><LI>Max Depth = 16<LI>Call Chain = TMR_SetIC4DIV
</UL>
<BR>[Calls]<UL><LI><a href="#[50]">&gt;&gt;</a>&nbsp;&nbsp;&nbsp;assert_failed
</UL>
<BR>[Called By]<UL><LI><a href="#[5e]">&gt;&gt;</a>&nbsp;&nbsp;&nbsp;TMR_ICInit
</UL>

<P><STRONG><a name="[66]"></a>TMR_TimeBaseInit</STRONG> (Thumb, 176 bytes, Stack size 32 bytes, at32f4xx_tim.o(i.TMR_TimeBaseInit))
<BR><BR>[Stack]<UL><LI>Max Depth = 32<LI>Call Chain = TMR_TimeBaseInit
</UL>
<BR>[Calls]<UL><LI><a href="#[50]">&gt;&gt;</a>&nbsp;&nbsp;&nbsp;assert_failed
</UL>
<BR>[Called By]<UL><LI><a href="#[70]">&gt;&gt;</a>&nbsp;&nbsp;&nbsp;lk_cap_init
</UL>

<P><STRONG><a name="[71]"></a>TMR_TimeBaseStructInit</STRONG> (Thumb, 18 bytes, Stack size 0 bytes, at32f4xx_tim.o(i.TMR_TimeBaseStructInit))
<BR><BR>[Called By]<UL><LI><a href="#[70]">&gt;&gt;</a>&nbsp;&nbsp;&nbsp;lk_cap_init
</UL>

<P><STRONG><a name="[67]"></a>UART_Print_Init</STRONG> (Thumb, 144 bytes, Stack size 32 bytes, at32_board.o(i.UART_Print_Init))
<BR><BR>[Stack]<UL><LI>Max Depth = 96<LI>Call Chain = UART_Print_Init &rArr; USART_Init &rArr; RCC_GetClocksFreq
</UL>
<BR>[Calls]<UL><LI><a href="#[68]">&gt;&gt;</a>&nbsp;&nbsp;&nbsp;GPIO_StructInit
<LI><a href="#[69]">&gt;&gt;</a>&nbsp;&nbsp;&nbsp;USART_StructInit
<LI><a href="#[6a]">&gt;&gt;</a>&nbsp;&nbsp;&nbsp;USART_Init
<LI><a href="#[6b]">&gt;&gt;</a>&nbsp;&nbsp;&nbsp;USART_INTConfig
<LI><a href="#[6c]">&gt;&gt;</a>&nbsp;&nbsp;&nbsp;USART_Cmd
<LI><a href="#[55]">&gt;&gt;</a>&nbsp;&nbsp;&nbsp;RCC_APB2PeriphClockCmd
<LI><a href="#[4f]">&gt;&gt;</a>&nbsp;&nbsp;&nbsp;GPIO_Init
</UL>
<BR>[Called By]<UL><LI><a href="#[42]">&gt;&gt;</a>&nbsp;&nbsp;&nbsp;main
</UL>

<P><STRONG><a name="[30]"></a>USART2_IRQHandler</STRONG> (Thumb, 60 bytes, Stack size 8 bytes, main.o(i.USART2_IRQHandler))
<BR><BR>[Stack]<UL><LI>Max Depth = 40<LI>Call Chain = USART2_IRQHandler &rArr; USART_GetITStatus
</UL>
<BR>[Calls]<UL><LI><a href="#[6e]">&gt;&gt;</a>&nbsp;&nbsp;&nbsp;USART_ReceiveData
<LI><a href="#[6d]">&gt;&gt;</a>&nbsp;&nbsp;&nbsp;USART_GetITStatus
</UL>
<BR>[Address Reference Count : 1]<UL><LI> startup_at32f415rct7.o(RESET)
</UL>
<P><STRONG><a name="[6c]"></a>USART_Cmd</STRONG> (Thumb, 80 bytes, Stack size 16 bytes, at32f4xx_usart.o(i.USART_Cmd))
<BR><BR>[Stack]<UL><LI>Max Depth = 16<LI>Call Chain = USART_Cmd
</UL>
<BR>[Calls]<UL><LI><a href="#[50]">&gt;&gt;</a>&nbsp;&nbsp;&nbsp;assert_failed
</UL>
<BR>[Called By]<UL><LI><a href="#[67]">&gt;&gt;</a>&nbsp;&nbsp;&nbsp;UART_Print_Init
<LI><a href="#[73]">&gt;&gt;</a>&nbsp;&nbsp;&nbsp;usart2_init
</UL>

<P><STRONG><a name="[6d]"></a>USART_GetITStatus</STRONG> (Thumb, 212 bytes, Stack size 32 bytes, at32f4xx_usart.o(i.USART_GetITStatus))
<BR><BR>[Stack]<UL><LI>Max Depth = 32<LI>Call Chain = USART_GetITStatus
</UL>
<BR>[Calls]<UL><LI><a href="#[50]">&gt;&gt;</a>&nbsp;&nbsp;&nbsp;assert_failed
</UL>
<BR>[Called By]<UL><LI><a href="#[30]">&gt;&gt;</a>&nbsp;&nbsp;&nbsp;USART2_IRQHandler
</UL>

<P><STRONG><a name="[6b]"></a>USART_INTConfig</STRONG> (Thumb, 210 bytes, Stack size 32 bytes, at32f4xx_usart.o(i.USART_INTConfig))
<BR><BR>[Stack]<UL><LI>Max Depth = 32<LI>Call Chain = USART_INTConfig
</UL>
<BR>[Calls]<UL><LI><a href="#[50]">&gt;&gt;</a>&nbsp;&nbsp;&nbsp;assert_failed
</UL>
<BR>[Called By]<UL><LI><a href="#[67]">&gt;&gt;</a>&nbsp;&nbsp;&nbsp;UART_Print_Init
<LI><a href="#[73]">&gt;&gt;</a>&nbsp;&nbsp;&nbsp;usart2_init
</UL>

<P><STRONG><a name="[6a]"></a>USART_Init</STRONG> (Thumb, 370 bytes, Stack size 48 bytes, at32f4xx_usart.o(i.USART_Init))
<BR><BR>[Stack]<UL><LI>Max Depth = 64<LI>Call Chain = USART_Init &rArr; RCC_GetClocksFreq
</UL>
<BR>[Calls]<UL><LI><a href="#[50]">&gt;&gt;</a>&nbsp;&nbsp;&nbsp;assert_failed
<LI><a href="#[6f]">&gt;&gt;</a>&nbsp;&nbsp;&nbsp;RCC_GetClocksFreq
</UL>
<BR>[Called By]<UL><LI><a href="#[67]">&gt;&gt;</a>&nbsp;&nbsp;&nbsp;UART_Print_Init
<LI><a href="#[73]">&gt;&gt;</a>&nbsp;&nbsp;&nbsp;usart2_init
</UL>

<P><STRONG><a name="[6e]"></a>USART_ReceiveData</STRONG> (Thumb, 52 bytes, Stack size 8 bytes, at32f4xx_usart.o(i.USART_ReceiveData))
<BR><BR>[Stack]<UL><LI>Max Depth = 8<LI>Call Chain = USART_ReceiveData
</UL>
<BR>[Calls]<UL><LI><a href="#[50]">&gt;&gt;</a>&nbsp;&nbsp;&nbsp;assert_failed
</UL>
<BR>[Called By]<UL><LI><a href="#[30]">&gt;&gt;</a>&nbsp;&nbsp;&nbsp;USART2_IRQHandler
</UL>

<P><STRONG><a name="[69]"></a>USART_StructInit</STRONG> (Thumb, 22 bytes, Stack size 0 bytes, at32f4xx_usart.o(i.USART_StructInit))
<BR><BR>[Called By]<UL><LI><a href="#[67]">&gt;&gt;</a>&nbsp;&nbsp;&nbsp;UART_Print_Init
<LI><a href="#[73]">&gt;&gt;</a>&nbsp;&nbsp;&nbsp;usart2_init
</UL>

<P><STRONG><a name="[5]"></a>UsageFault_Handler</STRONG> (Thumb, 2 bytes, Stack size 0 bytes, at32f4xx_it.o(i.UsageFault_Handler))
<BR><BR>[Calls]<UL><LI><a href="#[5]">&gt;&gt;</a>&nbsp;&nbsp;&nbsp;UsageFault_Handler
</UL>
<BR>[Called By]<UL><LI><a href="#[5]">&gt;&gt;</a>&nbsp;&nbsp;&nbsp;UsageFault_Handler
</UL>
<BR>[Address Reference Count : 1]<UL><LI> startup_at32f415rct7.o(RESET)
</UL>
<P><STRONG><a name="[7c]"></a>__scatterload_copy</STRONG> (Thumb, 14 bytes, Stack size unknown bytes, handlers.o(i.__scatterload_copy), UNUSED)

<P><STRONG><a name="[7d]"></a>__scatterload_null</STRONG> (Thumb, 2 bytes, Stack size unknown bytes, handlers.o(i.__scatterload_null), UNUSED)

<P><STRONG><a name="[7e]"></a>__scatterload_zeroinit</STRONG> (Thumb, 14 bytes, Stack size unknown bytes, handlers.o(i.__scatterload_zeroinit), UNUSED)

<P><STRONG><a name="[50]"></a>assert_failed</STRONG> (Thumb, 2 bytes, Stack size 0 bytes, main.o(i.assert_failed))
<BR><BR>[Calls]<UL><LI><a href="#[50]">&gt;&gt;</a>&nbsp;&nbsp;&nbsp;assert_failed
</UL>
<BR>[Called By]<UL><LI><a href="#[57]">&gt;&gt;</a>&nbsp;&nbsp;&nbsp;RCC_StepModeCmd
<LI><a href="#[4d]">&gt;&gt;</a>&nbsp;&nbsp;&nbsp;SysTick_CLKSourceConfig
<LI><a href="#[6e]">&gt;&gt;</a>&nbsp;&nbsp;&nbsp;USART_ReceiveData
<LI><a href="#[6a]">&gt;&gt;</a>&nbsp;&nbsp;&nbsp;USART_Init
<LI><a href="#[6b]">&gt;&gt;</a>&nbsp;&nbsp;&nbsp;USART_INTConfig
<LI><a href="#[6d]">&gt;&gt;</a>&nbsp;&nbsp;&nbsp;USART_GetITStatus
<LI><a href="#[6c]">&gt;&gt;</a>&nbsp;&nbsp;&nbsp;USART_Cmd
<LI><a href="#[66]">&gt;&gt;</a>&nbsp;&nbsp;&nbsp;TMR_TimeBaseInit
<LI><a href="#[65]">&gt;&gt;</a>&nbsp;&nbsp;&nbsp;TMR_INTConfig
<LI><a href="#[5e]">&gt;&gt;</a>&nbsp;&nbsp;&nbsp;TMR_ICInit
<LI><a href="#[59]">&gt;&gt;</a>&nbsp;&nbsp;&nbsp;TMR_GetINTStatus
<LI><a href="#[5b]">&gt;&gt;</a>&nbsp;&nbsp;&nbsp;TMR_GetCapture2
<LI><a href="#[5d]">&gt;&gt;</a>&nbsp;&nbsp;&nbsp;TMR_Cmd
<LI><a href="#[5a]">&gt;&gt;</a>&nbsp;&nbsp;&nbsp;TMR_ClearITPendingBit
<LI><a href="#[55]">&gt;&gt;</a>&nbsp;&nbsp;&nbsp;RCC_APB2PeriphClockCmd
<LI><a href="#[54]">&gt;&gt;</a>&nbsp;&nbsp;&nbsp;RCC_APB1PeriphClockCmd
<LI><a href="#[52]">&gt;&gt;</a>&nbsp;&nbsp;&nbsp;NVIC_PriorityGroupConfig
<LI><a href="#[53]">&gt;&gt;</a>&nbsp;&nbsp;&nbsp;NVIC_Init
<LI><a href="#[4f]">&gt;&gt;</a>&nbsp;&nbsp;&nbsp;GPIO_Init
<LI><a href="#[50]">&gt;&gt;</a>&nbsp;&nbsp;&nbsp;assert_failed
<LI><a href="#[64]">&gt;&gt;</a>&nbsp;&nbsp;&nbsp;TMR_SetIC4DIV
<LI><a href="#[63]">&gt;&gt;</a>&nbsp;&nbsp;&nbsp;TMR_SetIC3DIV
<LI><a href="#[62]">&gt;&gt;</a>&nbsp;&nbsp;&nbsp;TMR_SetIC2DIV
<LI><a href="#[60]">&gt;&gt;</a>&nbsp;&nbsp;&nbsp;TMR_SetIC1DIV
</UL>

<P><STRONG><a name="[70]"></a>lk_cap_init</STRONG> (Thumb, 136 bytes, Stack size 48 bytes, main.o(i.lk_cap_init))
<BR><BR>[Stack]<UL><LI>Max Depth = 104<LI>Call Chain = lk_cap_init &rArr; TMR_ICInit &rArr; TI2_Config
</UL>
<BR>[Calls]<UL><LI><a href="#[71]">&gt;&gt;</a>&nbsp;&nbsp;&nbsp;TMR_TimeBaseStructInit
<LI><a href="#[66]">&gt;&gt;</a>&nbsp;&nbsp;&nbsp;TMR_TimeBaseInit
<LI><a href="#[65]">&gt;&gt;</a>&nbsp;&nbsp;&nbsp;TMR_INTConfig
<LI><a href="#[72]">&gt;&gt;</a>&nbsp;&nbsp;&nbsp;TMR_ICStructInit
<LI><a href="#[5e]">&gt;&gt;</a>&nbsp;&nbsp;&nbsp;TMR_ICInit
<LI><a href="#[5d]">&gt;&gt;</a>&nbsp;&nbsp;&nbsp;TMR_Cmd
<LI><a href="#[4f]">&gt;&gt;</a>&nbsp;&nbsp;&nbsp;GPIO_Init
</UL>
<BR>[Called By]<UL><LI><a href="#[42]">&gt;&gt;</a>&nbsp;&nbsp;&nbsp;main
</UL>

<P><STRONG><a name="[42]"></a>main</STRONG> (Thumb, 30 bytes, Stack size 0 bytes, main.o(i.main))
<BR><BR>[Stack]<UL><LI>Max Depth = 104<LI>Call Chain = main &rArr; lk_cap_init &rArr; TMR_ICInit &rArr; TI2_Config
</UL>
<BR>[Calls]<UL><LI><a href="#[67]">&gt;&gt;</a>&nbsp;&nbsp;&nbsp;UART_Print_Init
<LI><a href="#[4c]">&gt;&gt;</a>&nbsp;&nbsp;&nbsp;Delay_init
<LI><a href="#[73]">&gt;&gt;</a>&nbsp;&nbsp;&nbsp;usart2_init
<LI><a href="#[70]">&gt;&gt;</a>&nbsp;&nbsp;&nbsp;lk_cap_init
<LI><a href="#[56]">&gt;&gt;</a>&nbsp;&nbsp;&nbsp;RCC_Configuration
<LI><a href="#[51]">&gt;&gt;</a>&nbsp;&nbsp;&nbsp;NVIC_Configuration
</UL>
<BR>[Address Reference Count : 1]<UL><LI> entry9a.o(.ARM.Collect$$$$0000000B)
</UL>
<P><STRONG><a name="[5c]"></a>my433M_anasys</STRONG> (Thumb, 148 bytes, Stack size 16 bytes, lk_433m.o(i.my433M_anasys))
<BR><BR>[Stack]<UL><LI>Max Depth = 16<LI>Call Chain = my433M_anasys
</UL>
<BR>[Called By]<UL><LI><a href="#[27]">&gt;&gt;</a>&nbsp;&nbsp;&nbsp;TMR3_GLOBAL_IRQHandler
</UL>

<P><STRONG><a name="[73]"></a>usart2_init</STRONG> (Thumb, 120 bytes, Stack size 32 bytes, main.o(i.usart2_init))
<BR><BR>[Stack]<UL><LI>Max Depth = 96<LI>Call Chain = usart2_init &rArr; USART_Init &rArr; RCC_GetClocksFreq
</UL>
<BR>[Calls]<UL><LI><a href="#[69]">&gt;&gt;</a>&nbsp;&nbsp;&nbsp;USART_StructInit
<LI><a href="#[6a]">&gt;&gt;</a>&nbsp;&nbsp;&nbsp;USART_Init
<LI><a href="#[6b]">&gt;&gt;</a>&nbsp;&nbsp;&nbsp;USART_INTConfig
<LI><a href="#[6c]">&gt;&gt;</a>&nbsp;&nbsp;&nbsp;USART_Cmd
<LI><a href="#[4f]">&gt;&gt;</a>&nbsp;&nbsp;&nbsp;GPIO_Init
</UL>
<BR>[Called By]<UL><LI><a href="#[42]">&gt;&gt;</a>&nbsp;&nbsp;&nbsp;main
</UL>
<P>
<H3>
Local Symbols
</H3>
<P><STRONG><a name="[58]"></a>SetSysClockTo144M</STRONG> (Thumb, 194 bytes, Stack size 16 bytes, system_at32f4xx.o(i.SetSysClockTo144M))
<BR><BR>[Stack]<UL><LI>Max Depth = 24<LI>Call Chain = SetSysClockTo144M &rArr; RCC_StepModeCmd
</UL>
<BR>[Calls]<UL><LI><a href="#[57]">&gt;&gt;</a>&nbsp;&nbsp;&nbsp;RCC_StepModeCmd
</UL>
<BR>[Called By]<UL><LI><a href="#[43]">&gt;&gt;</a>&nbsp;&nbsp;&nbsp;SystemInit
</UL>

<P><STRONG><a name="[5f]"></a>TI1_Config</STRONG> (Thumb, 82 bytes, Stack size 16 bytes, at32f4xx_tim.o(i.TI1_Config))
<BR><BR>[Stack]<UL><LI>Max Depth = 16<LI>Call Chain = TI1_Config
</UL>
<BR>[Called By]<UL><LI><a href="#[5e]">&gt;&gt;</a>&nbsp;&nbsp;&nbsp;TMR_ICInit
</UL>

<P><STRONG><a name="[61]"></a>TI2_Config</STRONG> (Thumb, 90 bytes, Stack size 16 bytes, at32f4xx_tim.o(i.TI2_Config))
<BR><BR>[Stack]<UL><LI>Max Depth = 16<LI>Call Chain = TI2_Config
</UL>
<BR>[Called By]<UL><LI><a href="#[5e]">&gt;&gt;</a>&nbsp;&nbsp;&nbsp;TMR_ICInit
</UL>
<P>
<H3>
Undefined Global Symbols
</H3><HR></body></html>
