<html>
<body>
<pre>
<h1>µVision Build Log</h1>
<h2>Tool Versions:</h2>
IDE-Version: ¦ÌVision V5.26.2.0
Copyright (C) 2018 ARM Ltd and ARM Germany GmbH. All rights reserved.
License Information: aa ww, dd, LIC=9N0DY-IYW0M-INNA7-EHXZY-ASN4S-63YYM
 
Tool Versions:
Toolchain:       MDK-ARM Professional  Version: 5.26.2.0
Toolchain Path:  C:\Keil_v5\ARM\ARMCC\Bin
C Compiler:      Armcc.exe V5.06 update 6 (build 750)
Assembler:       Armasm.exe V5.06 update 6 (build 750)
Linker/Locator:  ArmLink.exe V5.06 update 6 (build 750)
Library Manager: ArmAr.exe V5.06 update 6 (build 750)
Hex Converter:   FromElf.exe V5.06 update 6 (build 750)
CPU DLL:         SARMCM3.DLL V5.26.2.0
Dialog DLL:      DCM.DLL V1.17.2.0
Target DLL:      CMSIS_AGDI.dll V1.30.6.0
Dialog DLL:      TCM.DLL V1.36.1.0
 
<h2>Project:</h2>
E:\work_skg\lk_src\example\ATL\K51\MDK_v5\Printf.uvprojx
Project File Date:  02/15/2020

<h2>Output:</h2>
*** Using Compiler 'V5.06 update 6 (build 750)', folder: 'C:\Keil_v5\ARM\ARMCC\Bin'
Build target 'Printf'
compiling lk_board.c...
..\..\..\..\driver\key\lk_button.h(17): warning:  #1-D: last line of file ends without a newline
  #endif
..\..\..\..\app\board\k51\lk_board.c: 1 warning, 0 errors
linking...
Program Size: Code=15152 RO-data=712 RW-data=380 ZI-data=2796  
".\Objects\Template.axf" - 0 Error(s), 1 Warning(s).

<h2>Software Packages used:</h2>

Package Vendor: RealThread
                https://www.rt-thread.org/download/mdk/RealThread.RT-Thread.3.1.3.pack
                RealThread.RT-Thread.3.1.3
                RT-Thread Software Components
   * Component: kernel Version: 3.1.3
   * Component: shell Version: 3.1.3

Package Vendor: Keil
                
                Keil.AT32F4xx_DFP.1.2.1
                ArteryTek AT32F4 Series Device Support,Drivers

<h2>Collection of Component include folders:</h2>
  .\RTE\RTOS
  .\RTE\_Printf
  C:\Keil_v5\ARM\PACK\Keil\AT32F4xx_DFP\1.2.1\Device\Include
  C:\Keil_v5\ARM\PACK\RealThread\RT-Thread\3.1.3\components\finsh
  C:\Keil_v5\ARM\PACK\RealThread\RT-Thread\3.1.3\include

<h2>Collection of Component Files used:</h2>

   * Component: RealThread.RT-Thread::RTOS:kernel:3.1.3
      Source file:   src\irq.c
      Source file:   src\kservice.c
      Source file:   bsp\board.c
      Source file:   src\clock.c
      Source file:   src\mem.c
      Source file:   src\timer.c
      Source file:   src\object.c
      Source file:   src\ipc.c
      Source file:   src\idle.c
      Source file:   src\components.c
      Source file:   src\scheduler.c
      Source file:   src\thread.c
      Include file:  bsp\rtconfig.h
      Source file:   libcpu\arm\cortex-m4\context_rvds.S
      Source file:   libcpu\arm\cortex-m4\cpuport.c

   * Component: RealThread.RT-Thread::RTOS:shell:3.1.3
      Source file:   components\finsh\shell.c
      Source file:   components\finsh\cmd.c
      Source file:   components\finsh\msh.c
Build Time Elapsed:  00:00:02
</pre>
</body>
</html>
